bash: warning: setlocale: LC_ALL: cannot change locale (zh_CN.utf8)
[2026-07-08 12:21:33] === Stage C retest START (osd.2 with tmpfs DB) ===
[2026-07-08 12:21:45] Cleanup + compact done.
[2026-07-08 12:21:45] perf t0 saved (34594 bytes)
bash: warning: setlocale: LC_ALL: cannot change locale (zh_CN.utf8)
[2026-07-08 12:21:46] iostat started on node2
[2026-07-08 12:21:46] START rados bench 120s
hints = 1
Maintaining 64 concurrent writes of 262144 bytes to objects of size 262144 for up to 120 seconds or 0 objects
Object prefix: benchmark_data_tikv-node_302886
  sec Cur ops   started  finished  avg MB/s  cur MB/s last lat(s)  avg lat(s)
    0       0         0         0         0         0           -           0
    1      64       507       443   110.733    110.75   0.0199183    0.120094
    2      64       952       888   110.983    111.25   0.0173261    0.131477
    3      64      1401      1337     111.4    112.25   0.0197317    0.133698
    4      64      1847      1783   111.421     111.5   0.0172983    0.137466
    5      64      2294      2230   111.484    111.75   0.0481912    0.138363
    6      64      2745      2681   111.692    112.75   0.0373127     0.13907
    7      64      3189      3125    111.59       111   0.0300053    0.139768
    8      64      3642      3578   111.796    113.25   0.0320437    0.140136
    9      64      4089      4025   111.789    111.75    0.474622    0.140361
   10      63      4536      4473   111.809       112    0.479876    0.140154
   11      64      4986      4922   111.848    112.25    0.394961    0.140654
   12      64      5434      5370   111.859       112   0.0467361    0.140476
   13      64      5880      5816    111.83     111.5   0.0745592    0.141841
   14      64      6148      6084   108.627        67   0.0165758    0.146549
   15      64      6356      6292   104.851        52    0.310827    0.151537
   16      64      6556      6492   101.423        50    0.315937    0.156499
   17      64      6753      6689   98.3533     49.25     0.26249    0.161349
   18      64      6962      6898   95.7916     52.25    0.300032    0.165286
   19      64      7208      7144   93.9864      61.5    0.202887    0.169204
2026-07-08T12:22:07.022491+0800 min lat: 0.0107789 max lat: 0.607304 avg lat: 0.173216
  sec Cur ops   started  finished  avg MB/s  cur MB/s last lat(s)  avg lat(s)
   20      64      7406      7342   91.7617      49.5     0.27786    0.173216
   21      64      7598      7534   89.6775        48    0.301536    0.176651
   22      64      7814      7750   88.0556        54    0.212845     0.17953
   23      64      8087      8023   87.1941     68.25   0.0385354    0.183147
   24      64      8291      8227   85.6858        51     0.32256    0.186526
   25      64      8492      8428   84.2682     50.25    0.278131    0.189339
   26      64      8708      8644   83.1039        54   0.0760715    0.191478
   27      64      8922      8858   82.0073      53.5   0.0477962      0.1943
   28      64      9132      9068   80.9533      52.5    0.046821    0.197226
   29      64      9341      9277   79.9631     52.25   0.0924681    0.199371
   30      64      9549      9485   79.0307        52    0.216932    0.201807
   31      64      9745      9681   78.0618        49     0.35676    0.204641
   32      64      9921      9857   76.9972        44    0.222539    0.206548
   33      64     10153     10089   76.4212        58    0.293243    0.208534
   34      64     10375     10311   75.8056      55.5    0.301064    0.210287
   35      64     10585     10521   75.1395      52.5    0.141994    0.212304
   36      64     10790     10726   74.4757     51.25    0.291943    0.214021
   37      64     10998     10934   73.8681        52      0.3085    0.215399
   38      64     11202     11138   73.2662        51    0.329419    0.217313
   39      64     11416     11352   72.7591      53.5    0.315512     0.21918
2026-07-08T12:22:27.025126+0800 min lat: 0.00862855 max lat: 0.607304 avg lat: 0.220549
  sec Cur ops   started  finished  avg MB/s  cur MB/s last lat(s)  avg lat(s)
   40      64     11630     11566   72.2775      53.5    0.301769    0.220549
   41      64     11837     11773   71.7766     51.75    0.176459    0.221696
   42      64     12064     12000   71.4186     56.75    0.227641    0.223357
   43      64     12276     12212   70.9901        53    0.151391    0.224535
   44      64     12485     12421    70.564     52.25    0.111842    0.225853
   45      64     12688     12624   70.1235     50.75    0.199742     0.22729
   46      64     12900     12836   69.7511        53    0.167455    0.228497
   47      64     13108     13044   69.3732        52   0.0966963    0.229743
   48      64     13324     13260   69.0528        54   0.0849181    0.231031
   49      64     13533     13469   68.7097     52.25    0.130416    0.232309
   50      64     13738     13674   68.3604     51.25   0.0441715    0.233607
   51      64     13943     13879   68.0247     51.25    0.226994    0.234982
   52      64     14157     14093   67.7452      53.5   0.0337356    0.235941
   53      64     14361     14297   67.4291        51     0.35486    0.236951
   54      64     14575     14511    67.171      53.5    0.180289    0.237864
   55      64     14790     14726   66.9269     53.75     0.26326    0.238844
   56      64     14991     14927   66.6289     50.25    0.388014    0.239715
   57      64     15214     15150   66.4379     55.75   0.0185498     0.24065
   58      64     15416     15352    66.163      50.5     0.38158    0.241576
   59      64     15632     15568   65.9567        54   0.0459245    0.242386
2026-07-08T12:22:47.028113+0800 min lat: 0.00862855 max lat: 0.607304 avg lat: 0.243143
  sec Cur ops   started  finished  avg MB/s  cur MB/s last lat(s)  avg lat(s)
   60      64     15844     15780   65.7407        53   0.0362003    0.243143
   61      64     16033     15969   65.4374     47.25    0.417751    0.244048
   62      64     16202     16138   65.0633     42.25    0.325521    0.244867
   63      64     16461     16397   65.0582     64.75   0.0252955    0.245829
   64      64     16675     16611   64.8775      53.5    0.308192    0.246586
   65      64     16826     16762   64.4601     37.75     0.27438    0.247343
   66      64     17038     16974   64.2863        53    0.121055    0.248078
   67      64     17255     17191   64.1364     54.25   0.0858504    0.248751
   68      64     17467     17403   63.9725        53    0.215411    0.249296
   69      64     17678     17614   63.8098     52.75     0.11565    0.249979
   70      64     17864     17800   63.5624      46.5    0.138314    0.250683
   71      64     18070     18006   63.3924      51.5    0.179157    0.251388
   72      64     18283     18219   63.2514     53.25   0.0878107     0.25209
   73      64     18495     18431   63.1109        53    0.229621    0.252725
   74      64     18698     18634   62.9437     50.75    0.252154    0.253439
   75      64     18898     18834    62.771        50     0.22521    0.254034
   76      64     19119     19055    62.672     55.25    0.320365    0.254488
   77      64     19339     19275   62.5723        55    0.306764    0.255215
   78      64     19550     19486   62.4462     52.75    0.307929    0.255636
   79      64     19747     19683   62.2791     49.25    0.292003    0.256106
2026-07-08T12:23:07.031034+0800 min lat: 0.00862855 max lat: 0.607304 avg lat: 0.256558
  sec Cur ops   started  finished  avg MB/s  cur MB/s last lat(s)  avg lat(s)
   80      64     19949     19885   62.1317      50.5    0.179477    0.256558
   81      64     20166     20102   62.0344     54.25    0.180746    0.256973
   82      64     20386     20322   61.9485        55    0.160273    0.257654
   83      64     20600     20536   61.8467      53.5    0.139184    0.258094
   84      64     20813     20749   61.7442     53.25    0.153606    0.258637
   85      64     21026     20962   61.6442     53.25    0.144574    0.259063
   86      64     21239     21175   61.5465     53.25     0.11195    0.259627
   87      64     21451     21387   61.4481        53     0.03766    0.260228
   88      64     21661     21597   61.3464      52.5   0.0168612    0.260733
   89      64     21876     21812   61.2609     53.75    0.354761     0.26107
   90      64     22082     22018   61.1524      51.5    0.338561    0.261596
   91      64     22247     22183   60.9336     41.25    0.360609    0.261985
   92      64     22485     22421    60.918      59.5   0.0615856    0.262336
   93      64     22638     22574   60.6742     38.25   0.0925666    0.262751
   94      64     22856     22792   60.6084      54.5    0.236414    0.263246
   95      64     23061     22997   60.5098     51.25   0.0810528    0.263722
   96      64     23271     23207   60.4263      52.5    0.171134    0.264124
   97      64     23484     23420   60.3522     53.25    0.305649    0.264343
   98      64     23744     23680   60.3995        65    0.103624    0.264858
   99      64     23908     23844   60.2035        41    0.315554    0.265134
2026-07-08T12:23:27.033922+0800 min lat: 0.00862855 max lat: 0.607304 avg lat: 0.26552
  sec Cur ops   started  finished  avg MB/s  cur MB/s last lat(s)  avg lat(s)
  100      64     24151     24087   60.2089     60.75    0.346818     0.26552
  101      64     24373     24309   60.1621      55.5    0.318681    0.265783
  102      64     24532     24468    59.962     39.75    0.169276    0.266156
  103      64     24744     24680   59.8943        53    0.246021    0.266435
  104      64     24959     24895   59.8351     53.75    0.306278    0.266679
  105      64     25166     25102   59.7581     51.75     0.25453    0.266963
  106      64     25383     25319    59.706     54.25   0.0666479    0.267356
  107      64     25595     25531   59.6433        53    0.123794    0.267545
  108      64     25817     25753   59.6048      55.5    0.178993    0.267846
  109      64     26035     25971    59.558      54.5    0.130117    0.268173
  110      64     26240     26176   59.4824     51.25     0.32259    0.268604
  111      64     26488     26424    59.505        62   0.0192041    0.268812
  112      64     26648     26584   59.3308        40    0.121472    0.269143
  113      64     26854     26790   59.2614      51.5    0.148827    0.269349
  114      64     27062     26998   59.1977        52    0.146886    0.269521
  115      64     27275     27211   59.1459     53.25    0.203902    0.269871
  116      64     27488     27424    59.095     53.25    0.220326    0.270112
  117      64     27709     27645   59.0621     55.25   0.0865128     0.27046
  118      64     27928     27864   59.0254     54.75    0.181059    0.270619
  119      64     28134     28070   58.9621      51.5   0.0809966    0.270885
2026-07-08T12:23:47.036813+0800 min lat: 0.00862855 max lat: 0.607304 avg lat: 0.271181
  sec Cur ops   started  finished  avg MB/s  cur MB/s last lat(s)  avg lat(s)
  120      64     28315     28251   58.8478     45.25    0.242484    0.271181
Total time run:         120.042
Total writes made:      28315
Write size:             262144
Object size:            262144
Bandwidth (MB/sec):     58.969
Stddev Bandwidth:       19.1349
Max bandwidth (MB/sec): 113.25
Min bandwidth (MB/sec): 37.75
Average IOPS:           235
Stddev IOPS:            76.5394
Max IOPS:               453
Min IOPS:               151
Average Latency(s):     0.271317
Stddev Latency(s):      0.122977
Max latency(s):         0.607304
Min latency(s):         0.00862855
[2026-07-08 12:23:48] END rados bench
[2026-07-08 12:23:48] perf tend saved (34859 bytes)
[2026-07-08 12:23:56] Pool cleanup done.
bash: warning: setlocale: LC_ALL: cannot change locale (zh_CN.utf8)
[2026-07-08 12:24:02] iostat collected.
[2026-07-08 12:24:02] === Stage C retest COMPLETE ===
