assets/async-catchup-main.patch: OK
assets/juicefs-flush-race-fix-main.patch: OK
assets/run-c02.sh: OK
assets/writer_flush_c02_test.go: OK
candidate-gates.tsv: OK
commands.sh: OK
diffs/A-sync-diffcheck.log: OK
diffs/A-sync-full.diff: OK
diffs/A-sync-writer.diff: OK
diffs/B-async-catchup-diffcheck.log: OK
diffs/B-async-catchup-full.diff: OK
diffs/B-async-catchup-writer.diff: OK
diffs/S-stock-diffcheck.log: OK
diffs/S-stock-full.diff: OK
diffs/S-stock-writer.diff: OK
logs/A-sync-path-guard.log: OK
logs/A-sync-test-asset-identical.log: OK
logs/B-async-catchup-path-guard.log: OK
logs/B-async-catchup-test-asset-identical.log: OK
logs/clone-A-sync.log: OK
logs/clone-B-async-catchup.log: OK
logs/clone-S-stock.log: OK
logs/go125-A-sync-C1.log: OK
logs/go125-A-sync-C2.log: OK
logs/go125-A-sync-C2-repeat-01.log: OK
logs/go125-A-sync-C2-repeat-02.log: OK
logs/go125-A-sync-C2-repeat-03.log: OK
logs/go125-A-sync-C2-repeat-04.log: OK
logs/go125-A-sync-C2-repeat-05.log: OK
logs/go125-A-sync-C2-repeat-06.log: OK
logs/go125-A-sync-C2-repeat-07.log: OK
logs/go125-A-sync-C2-repeat-08.log: OK
logs/go125-A-sync-C2-repeat-09.log: OK
logs/go125-A-sync-C2-repeat-10.log: OK
logs/go125-A-sync-C3.log: OK
logs/go125-A-sync-C3-repeat-01.log: OK
logs/go125-A-sync-C3-repeat-02.log: OK
logs/go125-A-sync-C3-repeat-03.log: OK
logs/go125-A-sync-C3-repeat-04.log: OK
logs/go125-A-sync-C3-repeat-05.log: OK
logs/go125-A-sync-C3-repeat-06.log: OK
logs/go125-A-sync-C3-repeat-07.log: OK
logs/go125-A-sync-C3-repeat-08.log: OK
logs/go125-A-sync-C3-repeat-09.log: OK
logs/go125-A-sync-C3-repeat-10.log: OK
logs/go125-A-sync-F1.log: OK
logs/go125-A-sync-F2.log: OK
logs/go125-A-sync-F3.log: OK
logs/go125-A-sync-K1.log: OK
logs/go125-A-sync-pass-count100.log: OK
logs/go125-A-sync-pass-race-count20.log: OK
logs/go125-A-sync-R1.log: OK
logs/go125-A-sync-R2.log: OK
logs/go125-A-sync-R3.log: OK
logs/go125-B-async-catchup-C1.log: OK
logs/go125-B-async-catchup-C2.log: OK
logs/go125-B-async-catchup-C3.log: OK
logs/go125-B-async-catchup-F1.log: OK
logs/go125-B-async-catchup-F2.log: OK
logs/go125-B-async-catchup-F3.log: OK
logs/go125-B-async-catchup-K1.log: OK
logs/go125-B-async-catchup-pass-count100.log: OK
logs/go125-B-async-catchup-pass-race-count20.log: OK
logs/go125-B-async-catchup-R1.log: OK
logs/go125-B-async-catchup-R2.log: OK
logs/go125-B-async-catchup-R3.log: OK
logs/go125-go-mod-download.log: OK
logs/go125-S-stock-baseline-compile.log: OK
logs/go125-S-stock-baseline-memory.log: OK
logs/go125-S-stock-C1.log: OK
logs/go125-S-stock-C2.log: OK
logs/go125-S-stock-C3.log: OK
logs/go125-S-stock-F1.log: OK
logs/go125-S-stock-F2.log: OK
logs/go125-S-stock-F3.log: OK
logs/go125-S-stock-R1.log: OK
logs/go125-S-stock-R1-repeat-01.log: OK
logs/go125-S-stock-R1-repeat-02.log: OK
logs/go125-S-stock-R1-repeat-03.log: OK
logs/go125-S-stock-R1-repeat-04.log: OK
logs/go125-S-stock-R1-repeat-05.log: OK
logs/go125-S-stock-R1-repeat-06.log: OK
logs/go125-S-stock-R1-repeat-07.log: OK
logs/go125-S-stock-R1-repeat-08.log: OK
logs/go125-S-stock-R1-repeat-09.log: OK
logs/go125-S-stock-R1-repeat-10.log: OK
logs/go125-S-stock-R2.log: OK
logs/go125-S-stock-R2-repeat-01.log: OK
logs/go125-S-stock-R2-repeat-02.log: OK
logs/go125-S-stock-R2-repeat-03.log: OK
logs/go125-S-stock-R2-repeat-04.log: OK
logs/go125-S-stock-R2-repeat-05.log: OK
logs/go125-S-stock-R2-repeat-06.log: OK
logs/go125-S-stock-R2-repeat-07.log: OK
logs/go125-S-stock-R2-repeat-08.log: OK
logs/go125-S-stock-R2-repeat-09.log: OK
logs/go125-S-stock-R2-repeat-10.log: OK
logs/go125-S-stock-R3.log: OK
logs/go125-S-stock-R3-repeat-01.log: OK
logs/go125-S-stock-R3-repeat-02.log: OK
logs/go125-S-stock-R3-repeat-03.log: OK
logs/go125-S-stock-R3-repeat-04.log: OK
logs/go125-S-stock-R3-repeat-05.log: OK
logs/go125-S-stock-R3-repeat-06.log: OK
logs/go125-S-stock-R3-repeat-07.log: OK
logs/go125-S-stock-R3-repeat-08.log: OK
logs/go125-S-stock-R3-repeat-09.log: OK
logs/go125-S-stock-R3-repeat-10.log: OK
logs/go126-A-sync-C1.log: OK
logs/go126-A-sync-C2.log: OK
logs/go126-A-sync-C2-repeat-01.log: OK
logs/go126-A-sync-C2-repeat-02.log: OK
logs/go126-A-sync-C2-repeat-03.log: OK
logs/go126-A-sync-C2-repeat-04.log: OK
logs/go126-A-sync-C2-repeat-05.log: OK
logs/go126-A-sync-C2-repeat-06.log: OK
logs/go126-A-sync-C2-repeat-07.log: OK
logs/go126-A-sync-C2-repeat-08.log: OK
logs/go126-A-sync-C2-repeat-09.log: OK
logs/go126-A-sync-C2-repeat-10.log: OK
logs/go126-A-sync-C3.log: OK
logs/go126-A-sync-C3-repeat-01.log: OK
logs/go126-A-sync-C3-repeat-02.log: OK
logs/go126-A-sync-C3-repeat-03.log: OK
logs/go126-A-sync-C3-repeat-04.log: OK
logs/go126-A-sync-C3-repeat-05.log: OK
logs/go126-A-sync-C3-repeat-06.log: OK
logs/go126-A-sync-C3-repeat-07.log: OK
logs/go126-A-sync-C3-repeat-08.log: OK
logs/go126-A-sync-C3-repeat-09.log: OK
logs/go126-A-sync-C3-repeat-10.log: OK
logs/go126-A-sync-F1.log: OK
logs/go126-A-sync-F2.log: OK
logs/go126-A-sync-F3.log: OK
logs/go126-A-sync-K1.log: OK
logs/go126-A-sync-pass-count100.log: OK
logs/go126-A-sync-pass-race-count20.log: OK
logs/go126-A-sync-R1.log: OK
logs/go126-A-sync-R2.log: OK
logs/go126-A-sync-R3.log: OK
logs/go126-B-async-catchup-C1.log: OK
logs/go126-B-async-catchup-C2.log: OK
logs/go126-B-async-catchup-C3.log: OK
logs/go126-B-async-catchup-F1.log: OK
logs/go126-B-async-catchup-F2.log: OK
logs/go126-B-async-catchup-F3.log: OK
logs/go126-B-async-catchup-K1.log: OK
logs/go126-B-async-catchup-pass-count100.log: OK
logs/go126-B-async-catchup-pass-race-count20.log: OK
logs/go126-B-async-catchup-R1.log: OK
logs/go126-B-async-catchup-R2.log: OK
logs/go126-B-async-catchup-R3.log: OK
logs/go126-go-mod-download.log: OK
logs/go126-S-stock-baseline-compile.log: OK
logs/go126-S-stock-baseline-memory.log: OK
logs/go126-S-stock-C1.log: OK
logs/go126-S-stock-C2.log: OK
logs/go126-S-stock-C3.log: OK
logs/go126-S-stock-F1.log: OK
logs/go126-S-stock-F2.log: OK
logs/go126-S-stock-F3.log: OK
logs/go126-S-stock-R1.log: OK
logs/go126-S-stock-R1-repeat-01.log: OK
logs/go126-S-stock-R1-repeat-02.log: OK
logs/go126-S-stock-R1-repeat-03.log: OK
logs/go126-S-stock-R1-repeat-04.log: OK
logs/go126-S-stock-R1-repeat-05.log: OK
logs/go126-S-stock-R1-repeat-06.log: OK
logs/go126-S-stock-R1-repeat-07.log: OK
logs/go126-S-stock-R1-repeat-08.log: OK
logs/go126-S-stock-R1-repeat-09.log: OK
logs/go126-S-stock-R1-repeat-10.log: OK
logs/go126-S-stock-R2.log: OK
logs/go126-S-stock-R2-repeat-01.log: OK
logs/go126-S-stock-R2-repeat-02.log: OK
logs/go126-S-stock-R2-repeat-03.log: OK
logs/go126-S-stock-R2-repeat-04.log: OK
logs/go126-S-stock-R2-repeat-05.log: OK
logs/go126-S-stock-R2-repeat-06.log: OK
logs/go126-S-stock-R2-repeat-07.log: OK
logs/go126-S-stock-R2-repeat-08.log: OK
logs/go126-S-stock-R2-repeat-09.log: OK
logs/go126-S-stock-R2-repeat-10.log: OK
logs/go126-S-stock-R3.log: OK
logs/go126-S-stock-R3-repeat-01.log: OK
logs/go126-S-stock-R3-repeat-02.log: OK
logs/go126-S-stock-R3-repeat-03.log: OK
logs/go126-S-stock-R3-repeat-04.log: OK
logs/go126-S-stock-R3-repeat-05.log: OK
logs/go126-S-stock-R3-repeat-06.log: OK
logs/go126-S-stock-R3-repeat-07.log: OK
logs/go126-S-stock-R3-repeat-08.log: OK
logs/go126-S-stock-R3-repeat-09.log: OK
logs/go126-S-stock-R3-repeat-10.log: OK
logs/shell-xtrace.log: OK
logs/S-stock-path-guard.log: OK
logs/S-stock-test-asset-identical.log: OK
logs/xtrace-anchor-guard.log: OK
logs/xtrace-forbidden-patterns.log: OK
meta/archive-path.txt: OK
meta/arm-heads-after.tsv: OK
meta/arm-heads-before.tsv: OK
meta/A-sync-changed-paths.txt: OK
meta/A-sync-diff-stat.txt: OK
meta/A-sync-expected-paths.txt: OK
meta/A-sync-status-after-download.txt: OK
meta/A-sync-status-after.txt: OK
meta/A-sync-status-before.txt: OK
meta/B-async-catchup-changed-paths.txt: OK
meta/B-async-catchup-diff-stat.txt: OK
meta/B-async-catchup-expected-paths.txt: OK
meta/B-async-catchup-status-after-download.txt: OK
meta/B-async-catchup-status-after.txt: OK
meta/B-async-catchup-status-before.txt: OK
meta/compliance-post.md: OK
meta/dependency-adaptations.txt: OK
meta/expected-results.tsv: OK
meta/failure-step.txt: OK
meta/final-status.txt: OK
meta/go125-A-sync-C2-repeat10.tsv: OK
meta/go125-A-sync-C3-repeat10.tsv: OK
meta/go125-env.txt: OK
meta/go125-S-stock-R1-repeat10.tsv: OK
meta/go125-S-stock-R2-repeat10.tsv: OK
meta/go125-S-stock-R3-repeat10.tsv: OK
meta/go125-version.txt: OK
meta/go126-A-sync-C2-repeat10.tsv: OK
meta/go126-A-sync-C3-repeat10.tsv: OK
meta/go126-env.txt: OK
meta/go126-S-stock-R1-repeat10.tsv: OK
meta/go126-S-stock-R2-repeat10.tsv: OK
meta/go126-S-stock-R3-repeat10.tsv: OK
meta/go126-version.txt: OK
meta/preflight.txt: OK
meta/results.raw.tsv: OK
meta/runner.sha256: OK
meta/S-stock-changed-paths.txt: OK
meta/S-stock-diff-stat.txt: OK
meta/S-stock-expected-paths.txt: OK
meta/S-stock-status-after-download.txt: OK
meta/S-stock-status-after.txt: OK
meta/S-stock-status-before.txt: OK
meta/taskbook.snapshot.md: OK
meta/test-asset-hashes.tsv: OK
meta/xtrace-anchors.expected: OK
rc/A-sync-diffcheck.rc: OK
rc/A-sync-path-guard.rc: OK
rc/A-sync-test-asset-identical.rc: OK
rc/B-async-catchup-diffcheck.rc: OK
rc/B-async-catchup-path-guard.rc: OK
rc/B-async-catchup-test-asset-identical.rc: OK
rc/go125-A-sync-C1.rc: OK
rc/go125-A-sync-C2.rc: OK
rc/go125-A-sync-C2-repeat-01.rc: OK
rc/go125-A-sync-C2-repeat-02.rc: OK
rc/go125-A-sync-C2-repeat-03.rc: OK
rc/go125-A-sync-C2-repeat-04.rc: OK
rc/go125-A-sync-C2-repeat-05.rc: OK
rc/go125-A-sync-C2-repeat-06.rc: OK
rc/go125-A-sync-C2-repeat-07.rc: OK
rc/go125-A-sync-C2-repeat-08.rc: OK
rc/go125-A-sync-C2-repeat-09.rc: OK
rc/go125-A-sync-C2-repeat10-expectation.rc: OK
rc/go125-A-sync-C2-repeat-10.rc: OK
rc/go125-A-sync-C3.rc: OK
rc/go125-A-sync-C3-repeat-01.rc: OK
rc/go125-A-sync-C3-repeat-02.rc: OK
rc/go125-A-sync-C3-repeat-03.rc: OK
rc/go125-A-sync-C3-repeat-04.rc: OK
rc/go125-A-sync-C3-repeat-05.rc: OK
rc/go125-A-sync-C3-repeat-06.rc: OK
rc/go125-A-sync-C3-repeat-07.rc: OK
rc/go125-A-sync-C3-repeat-08.rc: OK
rc/go125-A-sync-C3-repeat-09.rc: OK
rc/go125-A-sync-C3-repeat10-expectation.rc: OK
rc/go125-A-sync-C3-repeat-10.rc: OK
rc/go125-A-sync-F1.rc: OK
rc/go125-A-sync-F2.rc: OK
rc/go125-A-sync-F3.rc: OK
rc/go125-A-sync-K1.rc: OK
rc/go125-A-sync-pass-count100.rc: OK
rc/go125-A-sync-pass-race-count20.rc: OK
rc/go125-A-sync-R1.rc: OK
rc/go125-A-sync-R2.rc: OK
rc/go125-A-sync-R3.rc: OK
rc/go125-B-async-catchup-C1.rc: OK
rc/go125-B-async-catchup-C2.rc: OK
rc/go125-B-async-catchup-C3.rc: OK
rc/go125-B-async-catchup-F1.rc: OK
rc/go125-B-async-catchup-F2.rc: OK
rc/go125-B-async-catchup-F3.rc: OK
rc/go125-B-async-catchup-K1.rc: OK
rc/go125-B-async-catchup-pass-count100.rc: OK
rc/go125-B-async-catchup-pass-race-count20.rc: OK
rc/go125-B-async-catchup-R1.rc: OK
rc/go125-B-async-catchup-R2.rc: OK
rc/go125-B-async-catchup-R3.rc: OK
rc/go125-go-mod-download.rc: OK
rc/go125-S-stock-baseline-compile.rc: OK
rc/go125-S-stock-baseline-memory.rc: OK
rc/go125-S-stock-C1.rc: OK
rc/go125-S-stock-C2.rc: OK
rc/go125-S-stock-C3.rc: OK
rc/go125-S-stock-F1.rc: OK
rc/go125-S-stock-F2.rc: OK
rc/go125-S-stock-F3.rc: OK
rc/go125-S-stock-R1.rc: OK
rc/go125-S-stock-R1-repeat-01.rc: OK
rc/go125-S-stock-R1-repeat-02.rc: OK
rc/go125-S-stock-R1-repeat-03.rc: OK
rc/go125-S-stock-R1-repeat-04.rc: OK
rc/go125-S-stock-R1-repeat-05.rc: OK
rc/go125-S-stock-R1-repeat-06.rc: OK
rc/go125-S-stock-R1-repeat-07.rc: OK
rc/go125-S-stock-R1-repeat-08.rc: OK
rc/go125-S-stock-R1-repeat-09.rc: OK
rc/go125-S-stock-R1-repeat10-expectation.rc: OK
rc/go125-S-stock-R1-repeat-10.rc: OK
rc/go125-S-stock-R2.rc: OK
rc/go125-S-stock-R2-repeat-01.rc: OK
rc/go125-S-stock-R2-repeat-02.rc: OK
rc/go125-S-stock-R2-repeat-03.rc: OK
rc/go125-S-stock-R2-repeat-04.rc: OK
rc/go125-S-stock-R2-repeat-05.rc: OK
rc/go125-S-stock-R2-repeat-06.rc: OK
rc/go125-S-stock-R2-repeat-07.rc: OK
rc/go125-S-stock-R2-repeat-08.rc: OK
rc/go125-S-stock-R2-repeat-09.rc: OK
rc/go125-S-stock-R2-repeat10-expectation.rc: OK
rc/go125-S-stock-R2-repeat-10.rc: OK
rc/go125-S-stock-R3.rc: OK
rc/go125-S-stock-R3-repeat-01.rc: OK
rc/go125-S-stock-R3-repeat-02.rc: OK
rc/go125-S-stock-R3-repeat-03.rc: OK
rc/go125-S-stock-R3-repeat-04.rc: OK
rc/go125-S-stock-R3-repeat-05.rc: OK
rc/go125-S-stock-R3-repeat-06.rc: OK
rc/go125-S-stock-R3-repeat-07.rc: OK
rc/go125-S-stock-R3-repeat-08.rc: OK
rc/go125-S-stock-R3-repeat-09.rc: OK
rc/go125-S-stock-R3-repeat10-expectation.rc: OK
rc/go125-S-stock-R3-repeat-10.rc: OK
rc/go126-A-sync-C1.rc: OK
rc/go126-A-sync-C2.rc: OK
rc/go126-A-sync-C2-repeat-01.rc: OK
rc/go126-A-sync-C2-repeat-02.rc: OK
rc/go126-A-sync-C2-repeat-03.rc: OK
rc/go126-A-sync-C2-repeat-04.rc: OK
rc/go126-A-sync-C2-repeat-05.rc: OK
rc/go126-A-sync-C2-repeat-06.rc: OK
rc/go126-A-sync-C2-repeat-07.rc: OK
rc/go126-A-sync-C2-repeat-08.rc: OK
rc/go126-A-sync-C2-repeat-09.rc: OK
rc/go126-A-sync-C2-repeat10-expectation.rc: OK
rc/go126-A-sync-C2-repeat-10.rc: OK
rc/go126-A-sync-C3.rc: OK
rc/go126-A-sync-C3-repeat-01.rc: OK
rc/go126-A-sync-C3-repeat-02.rc: OK
rc/go126-A-sync-C3-repeat-03.rc: OK
rc/go126-A-sync-C3-repeat-04.rc: OK
rc/go126-A-sync-C3-repeat-05.rc: OK
rc/go126-A-sync-C3-repeat-06.rc: OK
rc/go126-A-sync-C3-repeat-07.rc: OK
rc/go126-A-sync-C3-repeat-08.rc: OK
rc/go126-A-sync-C3-repeat-09.rc: OK
rc/go126-A-sync-C3-repeat10-expectation.rc: OK
rc/go126-A-sync-C3-repeat-10.rc: OK
rc/go126-A-sync-F1.rc: OK
rc/go126-A-sync-F2.rc: OK
rc/go126-A-sync-F3.rc: OK
rc/go126-A-sync-K1.rc: OK
rc/go126-A-sync-pass-count100.rc: OK
rc/go126-A-sync-pass-race-count20.rc: OK
rc/go126-A-sync-R1.rc: OK
rc/go126-A-sync-R2.rc: OK
rc/go126-A-sync-R3.rc: OK
rc/go126-B-async-catchup-C1.rc: OK
rc/go126-B-async-catchup-C2.rc: OK
rc/go126-B-async-catchup-C3.rc: OK
rc/go126-B-async-catchup-F1.rc: OK
rc/go126-B-async-catchup-F2.rc: OK
rc/go126-B-async-catchup-F3.rc: OK
rc/go126-B-async-catchup-K1.rc: OK
rc/go126-B-async-catchup-pass-count100.rc: OK
rc/go126-B-async-catchup-pass-race-count20.rc: OK
rc/go126-B-async-catchup-R1.rc: OK
rc/go126-B-async-catchup-R2.rc: OK
rc/go126-B-async-catchup-R3.rc: OK
rc/go126-go-mod-download.rc: OK
rc/go126-S-stock-baseline-compile.rc: OK
rc/go126-S-stock-baseline-memory.rc: OK
rc/go126-S-stock-C1.rc: OK
rc/go126-S-stock-C2.rc: OK
rc/go126-S-stock-C3.rc: OK
rc/go126-S-stock-F1.rc: OK
rc/go126-S-stock-F2.rc: OK
rc/go126-S-stock-F3.rc: OK
rc/go126-S-stock-R1.rc: OK
rc/go126-S-stock-R1-repeat-01.rc: OK
rc/go126-S-stock-R1-repeat-02.rc: OK
rc/go126-S-stock-R1-repeat-03.rc: OK
rc/go126-S-stock-R1-repeat-04.rc: OK
rc/go126-S-stock-R1-repeat-05.rc: OK
rc/go126-S-stock-R1-repeat-06.rc: OK
rc/go126-S-stock-R1-repeat-07.rc: OK
rc/go126-S-stock-R1-repeat-08.rc: OK
rc/go126-S-stock-R1-repeat-09.rc: OK
rc/go126-S-stock-R1-repeat10-expectation.rc: OK
rc/go126-S-stock-R1-repeat-10.rc: OK
rc/go126-S-stock-R2.rc: OK
rc/go126-S-stock-R2-repeat-01.rc: OK
rc/go126-S-stock-R2-repeat-02.rc: OK
rc/go126-S-stock-R2-repeat-03.rc: OK
rc/go126-S-stock-R2-repeat-04.rc: OK
rc/go126-S-stock-R2-repeat-05.rc: OK
rc/go126-S-stock-R2-repeat-06.rc: OK
rc/go126-S-stock-R2-repeat-07.rc: OK
rc/go126-S-stock-R2-repeat-08.rc: OK
rc/go126-S-stock-R2-repeat-09.rc: OK
rc/go126-S-stock-R2-repeat10-expectation.rc: OK
rc/go126-S-stock-R2-repeat-10.rc: OK
rc/go126-S-stock-R3.rc: OK
rc/go126-S-stock-R3-repeat-01.rc: OK
rc/go126-S-stock-R3-repeat-02.rc: OK
rc/go126-S-stock-R3-repeat-03.rc: OK
rc/go126-S-stock-R3-repeat-04.rc: OK
rc/go126-S-stock-R3-repeat-05.rc: OK
rc/go126-S-stock-R3-repeat-06.rc: OK
rc/go126-S-stock-R3-repeat-07.rc: OK
rc/go126-S-stock-R3-repeat-08.rc: OK
rc/go126-S-stock-R3-repeat-09.rc: OK
rc/go126-S-stock-R3-repeat10-expectation.rc: OK
rc/go126-S-stock-R3-repeat-10.rc: OK
rc/S-stock-diffcheck.rc: OK
rc/S-stock-path-guard.rc: OK
rc/S-stock-test-asset-identical.rc: OK
rc/toolchain-go125.rc: OK
rc/toolchain-go126.rc: OK
summary.tsv: OK
