bash: warning: setlocale: LC_ALL: cannot change locale (zh_CN.utf8)
[2026-07-07 21:13:33] ==== SEQ READ REDO (prefill=600s) ====
[2026-07-07 21:13:33] Cleaning pool...
[2026-07-07 21:13:33] Cleanup done.
[2026-07-07 21:13:33] Compacting all OSDs...
[2026-07-07 21:13:45] Health: HEALTH_OK
[2026-07-07 21:13:45] Prefilling 600s write -b 256K -t 16 --no-cleanup...
[2026-07-07 21:23:46] Prefill done. Objects: GiB
[2026-07-07 21:23:46] ---- seq read redo round 1 ----
[2026-07-07 21:23:46] Compacting all OSDs...
[2026-07-07 21:23:57] Health: HEALTH_OK
[2026-07-07 21:23:58] START: rados bench -p juicefs-data 300 seq -t 64
hints = 1
  sec Cur ops   started  finished  avg MB/s  cur MB/s last lat(s)  avg lat(s)
    0       0         0         0         0         0           -           0
    1      64        79        15   3.74919      3.75    0.993596    0.581452
    2      64       156        92   11.4979     19.25    0.343205    0.925295
    3      64       325       261   21.7463     42.25    0.249414    0.679094
    4      64       664       600   37.4939     84.75    0.305309    0.401625
    5      64       843       779   38.9437     44.75    0.333547    0.388528
    6      64      1160      1096   45.6596     79.25    0.270703    0.334537
    7      64      1297      1233   44.0291     34.25    0.317494    0.351945
    8      64      1636      1572   49.1177     84.75    0.139801    0.318364
    9      64      1965      1901   52.7978     82.25    0.211792    0.297197
   10      64      2302      2238   55.9417     84.25    0.201805    0.280709
   11      64      2612      2548   57.9004      77.5    0.147419    0.269844
   12      64      2754      2690   56.0333      35.5    0.167533    0.281861
   13      64      2839      2775   53.3574     21.25    0.247236    0.286145
   14      64      3181      3117   55.6526      85.5    0.154658    0.285247
   15      64      3534      3470   57.8249     88.25    0.150745    0.274839
   16      64      3812      3748   58.5541      69.5    0.393013    0.269891
   17      64      4193      4129   60.7119     95.25    0.126779    0.262195
   18      64      4472      4408   61.2136     69.75    0.165203     0.26018
   19      64      4651      4587   60.3468     44.75     0.46726    0.258833
2026-07-07T21:24:18.397775+0800 min lat: 0.0056489 max lat: 2.63626 avg lat: 0.266506
  sec Cur ops   started  finished  avg MB/s  cur MB/s last lat(s)  avg lat(s)
   20      64      4849      4785   59.8042      49.5    0.176418    0.266506
   21      64      5109      5045   60.0512        65   0.0987726    0.264819
   22      64      5441      5377   61.0937        83   0.0154285    0.260276
   23      64      5889      5825   63.3064       112   0.0129629    0.251594
   24      64      6253      6189   64.4597        91     0.18933    0.246915
   25      64      6629      6565   65.6408        94    0.294671    0.242609
   26      64      7072      7008   67.3752    110.75    0.127052    0.236252
   27      64      7521      7457   69.0366    112.25   0.0169827    0.230134
   28      64      7968      7904   70.5615    111.75    0.149079    0.225765
   29      64      8414      8350   71.9727     111.5   0.0358236    0.220791
   30      64      8857      8793   73.2646    110.75    0.469752    0.216882
   31      64      9303      9239   74.4975     111.5    0.424352    0.213453
   32      64      9751      9687    75.669       112   0.0195993    0.210185
   33      64     10200     10136    76.777    112.25    0.429175     0.20724
   34      64     10650     10586   77.8273     112.5     0.39176      0.2045
   35      64     11094     11030   78.7746       111    0.451504    0.201959
   36      64     11537     11473   79.6624    110.75    0.415355    0.199773
   37      64     11984     11920   80.5293    111.75   0.0199369     0.19763
   38      64     12434     12370   81.3702     112.5    0.474075    0.195508
   39      64     12882     12818   82.1552       112   0.0170301    0.193898
2026-07-07T21:24:38.400566+0800 min lat: 0.0056489 max lat: 2.63626 avg lat: 0.191993
  sec Cur ops   started  finished  avg MB/s  cur MB/s last lat(s)  avg lat(s)
   40      64     13327     13263   82.8822    111.25    0.456172    0.191993
   41      64     13773     13709   83.5799     111.5   0.0184053    0.190498
   42      64     14220     14156   84.2503    111.75   0.0191698    0.188942
   43      64     14668     14604   84.8954       112    0.433794    0.187601
   44      63     15119     15056   85.5337       113    0.393001    0.186318
   45      64     15570     15506   86.1326     112.5   0.0228379    0.184845
   46      64     16013     15949   86.6674    110.75   0.0200706    0.183793
   47      64     16456     16392   87.1796    110.75   0.0263043      0.1826
   48      64     16903     16839   87.6912    111.75   0.0228932    0.181655
   49      64     17354     17290   88.2022    112.75    0.378683    0.180708
   50      64     17803     17739   88.6829    112.25   0.0364995    0.179566
   51      64     18253     18189   89.1496     112.5   0.0191008    0.178734
   52      63     18696     18633   89.5694       111   0.0805113    0.177924
   53      64     19141     19077   89.9735       111   0.0175286     0.17715
   54      64     19592     19528    90.395    112.75   0.0527167     0.17635
   55      64     20035     19971   90.7648    110.75    0.426326    0.175661
   56      64     20487     20423   91.1616       113   0.0898001    0.174839
   57      64     20931     20867   91.5093       111   0.0217172    0.174223
   58      64     21374     21310   91.8408    110.75   0.0611324    0.173589
   59      64     21820     21756   92.1738     111.5   0.0217304    0.172931
2026-07-07T21:24:58.403230+0800 min lat: 0.0056489 max lat: 2.63626 avg lat: 0.172323
  sec Cur ops   started  finished  avg MB/s  cur MB/s last lat(s)  avg lat(s)
   60      63     22271     22208   92.5207       113   0.0178251    0.172323
   61      64     22722     22658   92.8479     112.5   0.0844911    0.171766
   62      64     23173     23109   93.1687    112.75   0.0182688    0.171215
   63      64     23616     23552   93.4475    110.75   0.0527039    0.170669
   64      64     24061     23997   93.7254    111.25   0.0167611    0.170195
   65      64     24508     24444   94.0025    111.75    0.130631    0.169747
   66      64     24953     24889   94.2636    111.25   0.0329164    0.169191
   67      64     25406     25342   94.5467    113.25   0.0563532    0.168722
   68      64     25855     25791   94.8069    112.25   0.0232962     0.16824
   69      64     26217     26153   94.7443      90.5    0.210493    0.168624
   70      64     26663     26599   94.9835     111.5   0.0538609    0.167944
   71      64     27111     27047   95.2229       112    0.390578    0.167562
   72      64     27558     27494   95.4523    111.75    0.466014    0.167114
   73      64     28009     27945    95.689    112.75   0.0215515    0.166743
   74      63     28458     28395   95.9158     112.5   0.0512406     0.16635
   75      64     28788     28724   95.7335     82.25   0.0240728    0.166843
   76      64     29236     29172   95.9474       112    0.302161    0.166423
   77      64     29683     29619   96.1524    111.75   0.0143473    0.166082
   78      64     30133     30069   96.3618     112.5   0.0274589    0.165685
   79      64     30581     30517   96.5596       112   0.0329741    0.165249
2026-07-07T21:25:18.405920+0800 min lat: 0.0056489 max lat: 2.63626 avg lat: 0.16496
  sec Cur ops   started  finished  avg MB/s  cur MB/s last lat(s)  avg lat(s)
   80      64     31024     30960   96.7368    110.75   0.0260419     0.16496
   81      64     31470     31406   96.9189     111.5   0.0688607    0.164643
   82      64     31919     31855   97.1057    112.25     0.34575     0.16437
   83      64     32367     32303    97.285       112    0.435902    0.164057
   84      64     32817     32753   97.4659     112.5     0.33834    0.163788
   85      64     33267     33203   97.6426     112.5    0.373412    0.163481
   86      64     33708     33644   97.7891    110.25    0.412147    0.163223
   87      64     34155     34091   97.9494    111.75   0.0258242    0.162945
   88      64     34599     34535   98.0976       111    0.391014    0.162738
   89      64     35051     34987   98.2649       113    0.438304    0.162435
   90      64     35501     35437   98.4229     112.5   0.0499597    0.162158
   91      64     35946     35882   98.5637    111.25   0.0154754    0.161906
   92      64     36387     36323   98.6906    110.25   0.0444162    0.161791
   93      64     36837     36773    98.839     112.5    0.167472    0.161705
   94      64     37202     37138   98.7581     91.25    0.152731     0.16168
   95      64     37619     37555   98.8157    104.25    0.207316    0.161665
   96      64     38067     38003   98.9528       112    0.169456    0.161496
   97      64     38512     38448   99.0794    111.25   0.0167506    0.161156
   98      64     38955     38891   99.1984    110.75    0.114861    0.161042
   99      64     39400     39336     99.32    111.25     0.39641    0.160767
2026-07-07T21:25:38.408410+0800 min lat: 0.0056489 max lat: 2.63626 avg lat: 0.160489
  sec Cur ops   started  finished  avg MB/s  cur MB/s last lat(s)  avg lat(s)
  100      64     39850     39786   99.4517     112.5   0.0197939    0.160489
  101      64     40301     40237   99.5831    112.75    0.448325    0.160308
  102      64     40751     40687   99.7096     112.5    0.418875    0.160136
  103      64     41190     41126   99.8069    109.75    0.427721    0.159972
  104      64     41638     41574    99.924       112   0.0431151     0.15975
  105      64     42082     42018   100.029       111   0.0493906     0.15961
  106      64     42532     42468   100.147     112.5   0.0160401    0.159415
  107      64     42983     42919   100.265    112.75    0.437493    0.159241
  108      64     43429     43365   100.368     111.5   0.0195388    0.159064
  109      64     43873     43809   100.466       111   0.0318233    0.158953
  110      64     44319     44255   100.566     111.5   0.0243635    0.158712
  111      64     44767     44703   100.669       112    0.424142    0.158628
  112      64     45216     45152   100.772    112.25     0.37389    0.158479
  113      64     45668     45604    100.88       113   0.0114949    0.158261
  114      64     46109     46045   100.962    110.25    0.041095    0.158164
  115      64     46555     46491   101.054     111.5   0.0306902    0.158014
  116      64     47005     46941   101.152     112.5    0.032032    0.157901
  117      64     47452     47388   101.243    111.75   0.0135042    0.157724
  118      64     47904     47840   101.342       113   0.0283375    0.157571
  119      64     48352     48288   101.432       112   0.0579837    0.157421
2026-07-07T21:25:58.410966+0800 min lat: 0.0056489 max lat: 2.63626 avg lat: 0.157319
  sec Cur ops   started  finished  avg MB/s  cur MB/s last lat(s)  avg lat(s)
  120      64     48794     48730   101.507     110.5   0.0134561    0.157319
  121      64     49237     49173   101.584    110.75   0.0175894     0.15723
  122      64     49686     49622   101.671    112.25     0.40354     0.15709
  123      64     50134     50070   101.755       112    0.226603    0.157024
  124      64     50584     50520   101.841     112.5   0.0202181    0.156818
  125      64     51030     50966   101.919     111.5   0.0226949    0.156703
  126      64     51473     51409   101.989    110.75   0.0160636     0.15655
  127      64     51920     51856   102.065    111.75   0.0254411    0.156455
  128      64     52372     52308   102.151       113    0.026356    0.156313
  129      64     52819     52755   102.225    111.75   0.0663989    0.156202
  130      64     53271     53207   102.308       113    0.484932    0.156092
  131      64     53714     53650   102.372    110.75   0.0183947    0.156014
  132      64     54161     54097   102.443    111.75    0.462277    0.155904
  133      64     54610     54546   102.517    112.25    0.445432    0.155791
  134      64     55057     54993   102.585    111.75   0.0220943    0.155698
  135      64     55507     55443   102.659     112.5   0.0118084    0.155576
  136      64     55957     55893   102.731     112.5   0.0463774    0.155471
  137      64     56397     56333   102.784       110   0.0241152    0.155384
  138      64     56846     56782   102.852    112.25   0.0274867     0.15528
  139      64     57293     57229   102.916    111.75    0.379774    0.155213
2026-07-07T21:26:18.413366+0800 min lat: 0.0056489 max lat: 2.63626 avg lat: 0.155112
  sec Cur ops   started  finished  avg MB/s  cur MB/s last lat(s)  avg lat(s)
  140      64     57743     57679   102.985     112.5   0.0130855    0.155112
  141      64     58192     58128    103.05    112.25    0.446518    0.155005
  142      64     58639     58575   103.111    111.75    0.037611    0.154895
  143      64     59081     59017   103.163     110.5   0.0174765    0.154859
  144      64     59529     59465   103.224       112   0.0514716     0.15473
  145      64     59975     59911   103.281     111.5   0.0253956    0.154645
  146      64     60423     60359   103.341       112    0.451459    0.154583
  147      64     60873     60809   103.403     112.5    0.021814    0.154491
  148      64     61313     61249   103.448       110   0.0303097     0.15442
  149      64     61762     61698   103.507    112.25   0.0460896    0.154338
  150      64     62208     62144    103.56     111.5   0.0276758    0.154262
  151      64     62658     62594   103.619     112.5   0.0240052     0.15417
  152      64     63108     63044   103.677     112.5   0.0277396    0.154076
  153      64     63559     63495   103.736    112.75   0.0180571    0.154007
  154      64     63998     63934   103.775    109.75   0.0162832    0.153948
  155      64     64447     64383    103.83    112.25   0.0190979    0.153883
  156      63     64894     64831   103.882       112    0.460915    0.153765
  157      64     65344     65280   103.936    112.25   0.0170983    0.153721
  158      64     65792     65728   103.986       112   0.0611216    0.153681
  159      64     66237     66173   104.032    111.25   0.0212261    0.153548
2026-07-07T21:26:38.415854+0800 min lat: 0.0056489 max lat: 2.63626 avg lat: 0.153517
  sec Cur ops   started  finished  avg MB/s  cur MB/s last lat(s)  avg lat(s)
  160      64     66681     66617   104.076       111   0.0223095    0.153517
  161      64     67129     67065   104.125       112   0.0171265     0.15343
  162      64     67579     67515   104.176     112.5   0.0206041     0.15337
  163      64     68030     67966   104.229    112.75   0.0501172    0.153251
  164      64     68479     68415   104.278    112.25   0.0256082    0.153217
  165      64     68918     68854   104.311    109.75   0.0324252    0.153138
  166      64     69368     69304    104.36     112.5   0.0725497    0.153086
  167      64     69815     69751   104.404    111.75   0.0261581    0.153045
  168      64     70266     70202   104.454    112.75   0.0176623    0.152919
  169      64     70715     70651     104.5    112.25   0.0247584    0.152896
  170      64     71164     71100   104.545    112.25   0.0321346    0.152811
  171      64     71606     71542    104.58     110.5    0.018917    0.152764
  172      64     72056     71992   104.626     112.5    0.399973    0.152721
  173      64     72501     72437   104.664    111.25   0.0236613    0.152651
  174      64     72948     72884   104.705    111.75   0.0387251    0.152642
  175      64     73399     73335   104.751    112.75    0.473592    0.152504
  176      64     73844     73780   104.787    111.25   0.0479637    0.152472
  177      64     74288     74224   104.822       111   0.0343046    0.152447
  178      64     74655     74591   104.749     91.75   0.0351635    0.152588
  179      64     75106     75042   104.793    112.75    0.431378    0.152473
2026-07-07T21:26:58.418669+0800 min lat: 0.0056489 max lat: 2.63626 avg lat: 0.152437
  sec Cur ops   started  finished  avg MB/s  cur MB/s last lat(s)  avg lat(s)
  180      64     75557     75493   104.838    112.75    0.330713    0.152437
  181      64     76008     75944   104.881    112.75    0.440004    0.152341
  182      64     76450     76386   104.912     110.5   0.0540885    0.152283
  183      64     76888     76824   104.937     109.5   0.0886453    0.152351
  184      64     77334     77270   104.973     111.5   0.0309485    0.152249
  185      64     77785     77721   105.015    112.75   0.0271292    0.152152
  186      64     78236     78172   105.056    112.75    0.030908    0.152088
  187      64     78683     78619   105.092    111.75   0.0574705    0.152017
  188      64     79125     79061   105.121     110.5   0.0185523    0.151986
  189      64     79576     79512   105.161    112.75   0.0216072    0.151961
  190      64     80023     79959   105.195    111.75   0.0353924    0.151903
  191      64     80471     80407   105.231       112    0.449565    0.151837
  192      64     80923     80859   105.271       113    0.032286    0.151796
  193      64     81366     81302     105.3    110.75    0.472003    0.151751
  194      64     81809     81745   105.328    110.75   0.0172959    0.151713
  195      64     82254     82190   105.358    111.25   0.0326099    0.151654
  196      63     82705     82642   105.397       113   0.0190431    0.151611
  197      64     83156     83092   105.433     112.5    0.461668    0.151562
  198      64     83607     83543    105.47    112.75   0.0209306    0.151504
  199      64     84047     83983   105.492       110   0.0151845    0.151455
2026-07-07T21:27:18.421165+0800 min lat: 0.0056489 max lat: 2.63626 avg lat: 0.151412
  sec Cur ops   started  finished  avg MB/s  cur MB/s last lat(s)  avg lat(s)
  200      64     84495     84431   105.525       112   0.0452096    0.151412
  201      64     84943     84879   105.557       112   0.0275061    0.151366
  202      64     85394     85330   105.593    112.75    0.490553    0.151305
  203      64     85844     85780   105.627     112.5   0.0108752    0.151307
  204      64     86290     86226   105.655     111.5    0.432662    0.151245
  205      64     86729     86665   105.675    109.75   0.0177885    0.151207
  206      64     87177     87113   105.706       112   0.0183244    0.151152
  207      64     87626     87562   105.737    112.25   0.0438016    0.151143
  208      64     88074     88010   105.767       112    0.439609    0.151091
  209      64     88523     88459   105.798    112.25   0.0111176    0.151034
  210      64     88969     88905   105.825     111.5   0.0182834    0.150987
  211      64     89410     89346   105.846    110.25   0.0220837    0.150972
  212      64     89860     89796   105.878     112.5    0.494563    0.150922
  213      64     90309     90245   105.908    112.25   0.0291194    0.150897
  214      64     90761     90697   105.941       113   0.0165532    0.150836
  215      64     91209     91145   105.969       112    0.379438    0.150819
  216      64     91648     91584   105.986    109.75   0.0298654    0.150754
  217      63     92096     92033   106.015    112.25   0.0127678    0.150713
  218      64     92543     92479    106.04     111.5   0.0195444     0.15071
  219      64     92992     92928   106.068    112.25   0.0226641    0.150651
2026-07-07T21:27:38.423710+0800 min lat: 0.0056489 max lat: 2.63626 avg lat: 0.150612
  sec Cur ops   started  finished  avg MB/s  cur MB/s last lat(s)  avg lat(s)
  220      64     93441     93377   106.096    112.25   0.0119712    0.150612
  221      64     93888     93824   106.122    111.75    0.421873     0.15058
  222      64     94330     94266   106.142     110.5   0.0180032     0.15056
  223      64     94776     94712   106.165     111.5   0.0464241     0.15052
  224      64     95225     95161   106.193    112.25   0.0217928    0.150488
  225      64     95674     95610   106.219    112.25   0.0196555    0.150459
  226      64     96126     96062   106.249       113   0.0145783    0.150423
  227      64     96569     96505   106.269    110.75    0.370566    0.150397
  228      64     97014     96950   106.291    111.25    0.418688    0.150359
  229      64     97461     97397   106.315    111.75   0.0543744    0.150326
  230      64     97909     97845   106.339       112   0.0180577    0.150278
  231      63     98361     98298   106.369    113.25   0.0902277    0.150229
  232      64     98810     98746   106.393       112    0.471233    0.150193
  233      64     99250     99186   106.409       110   0.0179246    0.150185
  234      64     99697     99633   106.432    111.75   0.0256654    0.150146
  235      63    100145    100082   106.456    112.25     0.50201     0.15011
  236      64    100595    100531   106.481    112.25    0.518158    0.150075
  237      64    101046    100982   106.507    112.75   0.0169689    0.150058
  238      64    101493    101429   106.529    111.75   0.0201428        0.15
  239      64    101935    101871   106.546     110.5     0.45495    0.150009
2026-07-07T21:27:58.426705+0800 min lat: 0.0056489 max lat: 2.63626 avg lat: 0.150005
  sec Cur ops   started  finished  avg MB/s  cur MB/s last lat(s)  avg lat(s)
  240      64    102381    102317   106.566     111.5   0.0164468    0.150005
  241      64    102829    102765   106.589       112   0.0127355    0.149935
  242      64    103279    103215   106.613     112.5   0.0165789    0.149918
  243      64    103730    103666   106.638    112.75   0.0847094    0.149855
  244      64    104177    104113   106.659    111.75    0.541165    0.149816
  245      64    104620    104556   106.676    110.75   0.0121546    0.149817
  246      64    105068    105004   106.697       112    0.409824    0.149786
  247      64    105516    105452   106.719       112   0.0145767    0.149749
  248      64    105968    105904   106.744       113   0.0138935    0.149711
  249      64    106354    106290   106.703      96.5   0.0312169    0.149834
  250      64    106740    106676   106.662      96.5    0.304607    0.149877
  251      64    107179    107115   106.674    109.75   0.0411146    0.149854
  252      64    107629    107565   106.697     112.5   0.0133383    0.149821
  253      64    108079    108015    106.72     112.5   0.0124555    0.149755
  254      64    108530    108466   106.744    112.75   0.0139187    0.149721
  255      64    108976    108912   106.762     111.5   0.0124074    0.149697
  256      64    109419    109355   106.778    110.75    0.057216    0.149694
  257      64    109867    109803   106.798       112   0.0179924    0.149644
  258      64    110315    110251   106.818       112   0.0125893     0.14963
  259      64    110763    110699   106.838       112    0.013423    0.149599
2026-07-07T21:28:18.429486+0800 min lat: 0.0056489 max lat: 2.63626 avg lat: 0.149578
  sec Cur ops   started  finished  avg MB/s  cur MB/s last lat(s)  avg lat(s)
  260      64    111213    111149    106.86     112.5   0.0229813    0.149578
  261      64    111659    111595   106.878     111.5   0.0558861    0.149524
  262      64    112099    112035   106.889       110   0.0243386    0.149526
  263      64    112550    112486   106.912    112.75   0.0167052    0.149498
  264      64    112994    112930   106.927       111   0.0318926    0.149477
  265      63    113448    113385   106.953    113.75   0.0394965    0.149426
  266      64    113897    113833   106.972       112   0.0145042    0.149392
  267      64    114337    114273   106.983       110   0.0140177    0.149395
  268      64    114744    114680   106.963    101.75    0.228592    0.149445
  269      64    115111    115047   106.907     91.75    0.368206     0.14954
  270      64    115554    115490   106.921    110.75   0.0679519    0.149545
  271      64    116003    115939   106.941    112.25   0.0242404     0.14948
  272      64    116449    116385   106.957     111.5   0.0359387    0.149425
  273      64    116892    116828   106.971    110.75   0.0185822    0.149403
  274      64    117272    117208   106.927        95    0.185319    0.149533
  275      64    117722    117658   106.948     112.5   0.0155897    0.149458
  276      64    118172    118108   106.968     112.5   0.0274128    0.149415
  277      64    118622    118558   106.988     112.5   0.0514429    0.149393
  278      64    119067    119003   107.003    111.25   0.0182175    0.149369
  279      63    119510    119447   107.017       111   0.0198077    0.149366
2026-07-07T21:28:38.432197+0800 min lat: 0.0056489 max lat: 2.63626 avg lat: 0.149338
  sec Cur ops   started  finished  avg MB/s  cur MB/s last lat(s)  avg lat(s)
  280      64    119959    119895   107.035       112   0.0215773    0.149338
  281      64    120408    120344   107.053    112.25    0.390054     0.14931
  282      64    120858    120794   107.073     112.5   0.0134665    0.149279
  283      63    121305    121242    107.09       112   0.0232603     0.14925
  284      64    121748    121684   107.102     110.5    0.246477    0.149287
Total time run:       284.84
Total reads made:     122043
Read size:            262144
Object size:          262144
Bandwidth (MB/sec):   107.116
Average IOPS:         428
Stddev IOPS:          62.7177
Max IOPS:             455
Min IOPS:             15
Average Latency(s):   0.149283
Max latency(s):       2.63626
Min latency(s):       0.0056489
[2026-07-07 21:28:43] END: seq read redo r1
[2026-07-07 21:28:43] ---- seq read redo round 2 ----
[2026-07-07 21:28:43] Compacting all OSDs...
[2026-07-07 21:28:55] Health: HEALTH_OK
[2026-07-07 21:28:55] START: rados bench -p juicefs-data 300 seq -t 64
hints = 1
  sec Cur ops   started  finished  avg MB/s  cur MB/s last lat(s)  avg lat(s)
    0       0         0         0         0         0           -           0
    1      64       503       439   109.724    109.75   0.0182958    0.115221
    2      64       954       890   111.228    112.75    0.441551    0.130637
    3      64      1398      1334   111.148       111   0.0200849    0.133568
    4      64      1843      1779    111.17    111.25   0.0741623     0.13652
    5      64      2291      2227   111.333       112    0.443606    0.138449
    6      64      2741      2677   111.525     112.5   0.0192932    0.138298
    7      64      3188      3124   111.555    111.75     0.37151    0.140169
    8      63      3636      3573    111.64    112.25   0.0107437     0.13962
    9      64      4081      4017   111.567       111    0.556928    0.139832
   10      64      4524      4460   111.484    110.75   0.0201797    0.140761
   11      64      4973      4909   111.552    112.25    0.371591    0.141136
   12      63      5421      5358   111.608    112.25   0.0187245    0.141383
   13      64      5872      5808   111.676     112.5   0.0246972    0.141075
   14      64      6318      6254   111.662     111.5   0.0228435    0.141103
   15      63      6763      6700    111.65     111.5   0.0177092    0.141421
   16      64      7210      7146    111.64     111.5   0.0312453    0.141616
   17      64      7660      7596    111.69     112.5   0.0144497    0.141418
   18      64      8109      8045    111.72    112.25   0.0281751    0.141571
   19      63      8557      8494   111.747    112.25   0.0131867     0.14172
2026-07-07T21:29:15.689278+0800 min lat: 0.00796776 max lat: 0.560524 avg lat: 0.141934
  sec Cur ops   started  finished  avg MB/s  cur MB/s last lat(s)  avg lat(s)
   20      64      9005      8941   111.747    111.75   0.0138113    0.141934
   21      64      9448      9384   111.699    110.75    0.419466    0.141977
   22      64      9898      9834   111.734     112.5   0.0382708    0.141915
   23      64     10346     10282   111.745       112   0.0306132    0.141946
   24      64     10797     10733   111.787    112.75   0.0133896    0.141878
   25      64     11242     11178   111.764    111.25   0.0152829    0.141946
   26      64     11686     11622   111.735       111   0.0193999    0.141994
   27      64     12135     12071   111.753    112.25    0.430484    0.142091
   28      64     12585     12521   111.779     112.5   0.0140784    0.142064
   29      64     13033     12969   111.786       112   0.0180012    0.142201
   30      64     13483     13419   111.809     112.5   0.0186272    0.142191
   31      64     13929     13865   111.799     111.5   0.0288073    0.142117
   32      64     14372     14308   111.766    110.75    0.016951    0.142228
   33      64     14822     14758   111.787     112.5    0.364272    0.142341
   34      64     15271     15207   111.801    112.25   0.0159493    0.142201
   35      64     15720     15656   111.813    112.25   0.0181748    0.142211
   36      64     16167     16103   111.811    111.75   0.0514963     0.14229
   37      64     16613     16549   111.802     111.5   0.0610698    0.142225
   38      64     17057     16993   111.781       111   0.0351642    0.142345
   39      64     17505     17441   111.786       112    0.342056    0.142479
2026-07-07T21:29:35.692012+0800 min lat: 0.00719049 max lat: 0.560524 avg lat: 0.142489
  sec Cur ops   started  finished  avg MB/s  cur MB/s last lat(s)  avg lat(s)
   40      64     17956     17892    111.81    112.75     0.34486    0.142489
   41      64     18403     18339   111.808    111.75   0.0774273    0.142305
   42      64     18852     18788   111.818    112.25   0.0206168    0.142352
   43      64     19296     19232   111.799       111     0.48706     0.14232
   44      64     19741     19677   111.786    111.25    0.418995    0.142502
   45      64     20193     20129   111.812       113    0.415892    0.142457
   46      64     20641     20577   111.816       112   0.0317671    0.142487
   47      64     21091     21027    111.83     112.5   0.0145736    0.142437
   48      64     21537     21473   111.823     111.5   0.0150283    0.142383
   49      64     21981     21917   111.806       111   0.0166905    0.142451
   50      64     22432     22368   111.825    112.75    0.017783    0.142468
   51      64     22881     22817   111.833    112.25    0.513366    0.142425
   52      64     23329     23265   111.836       112    0.424417    0.142501
   53      64     23777     23713   111.838       112   0.0636892    0.142522
   54      64     24221     24157   111.823       111   0.0513249     0.14251
   55      63     24665     24602   111.812    111.25   0.0452831     0.14252
   56      63     25113     25050   111.815       112   0.0275283    0.142529
   57      64     25562     25498   111.818       112   0.0177188    0.142502
   58      64     26011     25947   111.825    112.25   0.0363839    0.142498
   59      64     26458     26394   111.823    111.75   0.0215875    0.142539
2026-07-07T21:29:55.694787+0800 min lat: 0.00678925 max lat: 0.560524 avg lat: 0.1425
  sec Cur ops   started  finished  avg MB/s  cur MB/s last lat(s)  avg lat(s)
   60      64     26903     26839   111.814    111.25    0.021767      0.1425
   61      64     27351     27287   111.816       112   0.0450942    0.142594
   62      64     27803     27739   111.835       113   0.0212037    0.142537
   63      64     28250     28186   111.834    111.75    0.432998    0.142582
   64      64     28698     28634   111.836       112   0.0289177    0.142571
   65      64     29145     29081   111.834    111.75   0.0171131    0.142588
   66      64     29587     29523   111.814     110.5   0.0203592    0.142585
   67      64     30037     29973   111.824     112.5   0.0423156    0.142587
   68      64     30488     30424   111.837    112.75   0.0114178    0.142636
   69      64     30937     30873   111.843    112.25   0.0236099    0.142573
   70      64     31385     31321   111.845       112    0.487376    0.142586
   71      64     31832     31768   111.844    111.75   0.0214733    0.142674
   72      64     32278     32214   111.839     111.5   0.0131882    0.142589
   73      64     32728     32664   111.848     112.5     0.39847    0.142683
   74      64     33173     33109   111.839    111.25    0.435296    0.142637
   75      64     33622     33558   111.845    112.25    0.430238    0.142646
   76      64     34068     34004    111.84     111.5   0.0208049    0.142614
   77      64     34510     34446   111.822     110.5    0.444343    0.142692
   78      63     34960     34897   111.834    112.75   0.0122499    0.142628
   79      64     35411     35347   111.842     112.5   0.0454416    0.142613
2026-07-07T21:30:15.697391+0800 min lat: 0.00678925 max lat: 0.560524 avg lat: 0.142642
  sec Cur ops   started  finished  avg MB/s  cur MB/s last lat(s)  avg lat(s)
   80      64     35857     35793   111.838     111.5    0.458406    0.142642
   81      64     36307     36243   111.846     112.5    0.449193    0.142651
   82      64     36756     36692   111.851    112.25    0.492051    0.142632
   83      64     37196     37132   111.828       110   0.0111366     0.14268
   84      64     37648     37584   111.842       113   0.0156411    0.142671
   85      64     38098     38034   111.849     112.5   0.0124416    0.142622
   86      64     38547     38483   111.854    112.25    0.029637    0.142637
   87      64     38996     38932   111.858    112.25     0.49524    0.142645
   88      64     39441     39377   111.851    111.25   0.0280626    0.142704
   89      64     39886     39822   111.844    111.25    0.457776    0.142686
   90      64     40335     40271   111.849    112.25   0.0487548    0.142687
   91      64     40784     40720   111.853    112.25    0.406439    0.142703
   92      64     41233     41169   111.857    112.25   0.0150116    0.142706
   93      64     41681     41617   111.859       112   0.0126471    0.142655
   94      64     42124     42060   111.847    110.75   0.0304583    0.142703
   95      64     42572     42508   111.848       112    0.462272    0.142716
   96      64     43022     42958   111.855     112.5   0.0155883    0.142688
   97      64     43471     43407   111.859    112.25   0.0470084    0.142698
   98      64     43922     43858   111.868    112.75    0.416059    0.142694
   99      64     44367     44303   111.861    111.25   0.0137757     0.14268
2026-07-07T21:30:35.699896+0800 min lat: 0.00678925 max lat: 0.560524 avg lat: 0.142746
  sec Cur ops   started  finished  avg MB/s  cur MB/s last lat(s)  avg lat(s)
  100      64     44810     44746    111.85    110.75    0.420573    0.142746
  101      64     45260     45196   111.856     112.5   0.0219038    0.142712
  102      64     45710     45646   111.862     112.5     0.01926    0.142661
  103      64     46159     46095   111.866    112.25   0.0193002    0.142654
  104      64     46607     46543   111.867       112   0.0169269    0.142707
  105      64     47051     46987   111.859       111    0.022628    0.142718
  106      64     47497     47433   111.855     111.5    0.500434    0.142727
  107      64     47948     47884   111.863    112.75   0.0171171    0.142681
  108      64     48398     48334   111.869     112.5    0.472022    0.142687
  109      64     48845     48781   111.868    111.75   0.0214466     0.14273
  110      64     49293     49229   111.869       112   0.0170784    0.142756
  111      64     49735     49671   111.857     110.5    0.031012    0.142725
  112      64     50186     50122   111.864    112.75   0.0114538    0.142727
  113      64     50636     50572    111.87     112.5    0.403878    0.142732
  114      64     51085     51021   111.873    112.25    0.382247    0.142764
  115      64     51533     51469   111.874       112    0.017347      0.1427
  116      64     51979     51915   111.871     111.5   0.0336818    0.142672
  117      64     52422     52358   111.861    110.75   0.0359415    0.142725
  118      64     52872     52808   111.866     112.5   0.0343795     0.14271
  119      64     53324     53260   111.876       113    0.493569    0.142718
2026-07-07T21:30:55.702659+0800 min lat: 0.00651134 max lat: 0.60036 avg lat: 0.142695
  sec Cur ops   started  finished  avg MB/s  cur MB/s last lat(s)  avg lat(s)
  120      64     53772     53708   111.877       112   0.0292831    0.142695
  121      64     54220     54156   111.877       112  0.00865648    0.142754
  122      64     54663     54599   111.868    110.75   0.0122283    0.142727
  123      64     55111     55047   111.869       112   0.0107891    0.142739
  124      64     55560     55496   111.872    112.25    0.019475    0.142739
  125      64     56007     55943   111.871    111.75    0.434669    0.142746
  126      64     56457     56393   111.876     112.5   0.0277064    0.142744
  127      64     56904     56840   111.875    111.75    0.466623    0.142752
  128      64     57348     57284   111.868       111   0.0189796    0.142738
  129      64     57797     57733   111.871    112.25   0.0192888    0.142742
  130      64     58248     58184   111.877    112.75   0.0116218    0.142733
  131      64     58695     58631   111.876    111.75   0.0139128    0.142745
  132      63     59146     59083   111.885       113   0.0179417    0.142733
  133      64     59592     59528    111.88    111.25    0.499359    0.142741
  134      64     60035     59971   111.871    110.75   0.0266277    0.142766
  135      64     60483     60419   111.872       112   0.0164905    0.142767
  136      64     60932     60868   111.875    112.25    0.473593    0.142751
  137      64     61382     61318   111.879     112.5   0.0170119    0.142801
  138      64     61830     61766    111.88       112   0.0259648     0.14276
  139      63     62271     62208    111.87     110.5   0.0226881    0.142763
2026-07-07T21:31:15.705133+0800 min lat: 0.00651134 max lat: 0.60036 avg lat: 0.142762
  sec Cur ops   started  finished  avg MB/s  cur MB/s last lat(s)  avg lat(s)
  140      64     62720     62656   111.871       112    0.012851    0.142762
  141      64     63169     63105   111.873    112.25   0.0195384     0.14277
  142      64     63616     63552   111.872    111.75   0.0206401      0.1428
  143      64     64065     64001   111.875    112.25   0.0167105    0.142795
  144      64     64511     64447   111.872     111.5   0.0254696    0.142774
  145      64     64956     64892   111.868    111.25    0.027521     0.14273
  146      64     65405     65341    111.87    112.25   0.0186821    0.142764
  147      64     65856     65792   111.876    112.75   0.0338789    0.142743
  148      64     66303     66239   111.875    111.75    0.494505    0.142757
  149      64     66754     66690   111.881    112.75   0.0143959     0.14279
  150      64     67198     67134   111.875       111   0.0156169    0.142748
  151      64     67643     67579   111.871    111.25   0.0396494    0.142784
  152      64     68094     68030   111.877    112.75   0.0666846    0.142758
  153      64     68540     68476   111.874     111.5     0.51162    0.142774
  154      64     68990     68926   111.878     112.5    0.514654    0.142767
  155      64     69438     69374   111.879       112   0.0936438    0.142765
  156      64     69879     69815   111.868    110.25    0.383532    0.142805
  157      64     70328     70264   111.871    112.25   0.0143621    0.142784
  158      64     70778     70714   111.874     112.5   0.0310726    0.142791
  159      64     71224     71160   111.872     111.5   0.0113431    0.142782
2026-07-07T21:31:35.707617+0800 min lat: 0.00651134 max lat: 0.60036 avg lat: 0.142798
  sec Cur ops   started  finished  avg MB/s  cur MB/s last lat(s)  avg lat(s)
  160      64     71675     71611   111.877    112.75   0.0332553    0.142798
  161      64     72118     72054    111.87    110.75   0.0251503    0.142798
  162      64     72563     72499   111.866    111.25   0.0222136    0.142797
  163      64     73013     72949    111.87     112.5   0.0191818    0.142803
  164      64     73462     73398   111.872    112.25   0.0166958     0.14277
  165      63     73910     73847   111.875    112.25    0.443375    0.142779
  166      64     74362     74298    111.88    112.75   0.0274565    0.142812
  167      64     74804     74740   111.871     110.5   0.0348762      0.1428
  168      64     75250     75186   111.869     111.5   0.0452492    0.142806
  169      64     75701     75637   111.874    112.75     0.39956    0.142809
  170      64     76148     76084   111.873    111.75   0.0347628    0.142809
  171      64     76598     76534   111.877     112.5   0.0304533    0.142802
  172      64     77045     76981   111.876    111.75   0.0237513    0.142794
  173      64     77488     77424    111.87    110.75   0.0167094    0.142802
  174      64     77938     77874   111.873     112.5    0.468034    0.142799
  175      64     78389     78325   111.878    112.75    0.471903    0.142787
  176      64     78833     78769   111.873       111   0.0432061     0.14281
  177      64     79284     79220   111.878    112.75   0.0196737    0.142789
  178      64     79729     79665   111.874    111.25   0.0166494     0.14282
  179      64     80173     80109   111.869       111    0.471832    0.142802
2026-07-07T21:31:55.710140+0800 min lat: 0.00651134 max lat: 0.60036 avg lat: 0.142801
  sec Cur ops   started  finished  avg MB/s  cur MB/s last lat(s)  avg lat(s)
  180      64     80624     80560   111.874    112.75    0.513458    0.142801
  181      64     81074     81010   111.878     112.5    0.014099     0.14277
  182      64     81520     81456   111.875     111.5   0.0129888    0.142821
  183      64     81968     81904   111.876       112    0.474573    0.142805
  184      64     82412     82348   111.871       111    0.449953     0.14282
  185      64     82859     82795    111.87    111.75    0.487191    0.142801
  186      64     83310     83246   111.875    112.75   0.0338779    0.142807
  187      64     83758     83694   111.876       112   0.0165064    0.142804
  188      64     84207     84143   111.878    112.25    0.384351    0.142827
  189      64     84657     84593   111.881     112.5   0.0354044    0.142797
  190      64     85099     85035   111.874     110.5    0.483265    0.142809
  191      64     85549     85485   111.877     112.5    0.424453    0.142818
  192      64     85999     85935    111.88     112.5   0.0430091    0.142798
  193      64     86444     86380   111.877    111.25  0.00923657    0.142812
  194      64     86895     86831   111.881    112.75   0.0255076    0.142792
  195      64     87341     87277   111.879     111.5   0.0227963     0.14282
  196      64     87784     87720   111.873    110.75   0.0185973    0.142828
  197      64     88233     88169   111.875    112.25   0.0219156    0.142827
  198      64     88682     88618   111.877    112.25   0.0240191    0.142817
  199      63     89127     89064   111.875     111.5   0.0173393    0.142835
2026-07-07T21:32:15.712711+0800 min lat: 0.00651134 max lat: 0.60036 avg lat: 0.142848
  sec Cur ops   started  finished  avg MB/s  cur MB/s last lat(s)  avg lat(s)
  200      64     89577     89513   111.877    112.25    0.399087    0.142848
  201      64     90020     89956   111.871    110.75   0.0425611    0.142807
  202      64     90469     90405   111.873    112.25   0.0280829    0.142833
  203      64     90918     90854   111.875    112.25    0.432101    0.142828
  204      64     91367     91303   111.876    112.25    0.459099    0.142828
  205      64     91818     91754    111.88    112.75    0.448745    0.142817
  206      64     92267     92203   111.882    112.25   0.0185883    0.142816
  207      64     92707     92643   111.873       110   0.0735691    0.142822
  208      64     93159     93095   111.878       113    0.368939    0.142847
  209      64     93608     93544    111.88    112.25     0.42559    0.142839
  210      64     94054     93990   111.878     111.5    0.435055    0.142824
  211      63     94504     94441   111.882    112.75   0.0169186    0.142817
  212      64     94952     94888   111.882    111.75   0.0349403    0.142832
  213      64     95397     95333   111.879    111.25   0.0211893    0.142809
  214      64     95846     95782    111.88    112.25   0.0102328    0.142829
  215      64     96296     96232   111.883     112.5    0.014762    0.142831
  216      63     96743     96680   111.884       112    0.447863    0.142815
  217      64     97193     97129   111.885    112.25   0.0161549    0.142815
  218      64     97636     97572    111.88    110.75    0.357162    0.142844
  219      64     98085     98021   111.882    112.25    0.503116    0.142821
2026-07-07T21:32:35.715208+0800 min lat: 0.00651134 max lat: 0.60036 avg lat: 0.14281
  sec Cur ops   started  finished  avg MB/s  cur MB/s last lat(s)  avg lat(s)
  220      64     98534     98470   111.883    112.25    0.033048     0.14281
  221      64     98982     98918   111.884       112   0.0290094    0.142837
  222      64     99433     99369   111.887    112.75    0.416599    0.142829
  223      64     99880     99816   111.887    111.75    0.377207    0.142847
  224      64    100323    100259   111.882    110.75   0.0341505    0.142834
  225      64    100774    100710   111.885    112.75    0.476295    0.142819
  226      64    101222    101158   111.886       112   0.0225062     0.14282
  227      64    101671    101607   111.887    112.25   0.0495839    0.142831
  228      64    102121    102057    111.89     112.5   0.0129877    0.142823
  229      64    102567    102503   111.888     111.5   0.0150574    0.142829
  230      64    103010    102946   111.883    110.75   0.0234322    0.142823
  231      64    103460    103396   111.886     112.5   0.0119525    0.142818
  232      64    103908    103844   111.886       112   0.0189799    0.142844
  233      64    104357    104293   111.888    112.25   0.0244938    0.142838
  234      64    104808    104744   111.891    112.75   0.0342427    0.142827
  235      64    105250    105186   111.885     110.5   0.0172532    0.142821
  236      64    105699    105635   111.887    112.25   0.0173862    0.142839
  237      64    106148    106084   111.888    112.25    0.433155    0.142827
  238      64    106597    106533    111.89    112.25   0.0202317     0.14284
  239      64    107045    106981    111.89       112   0.0176273    0.142815
2026-07-07T21:32:55.717643+0800 min lat: 0.00651134 max lat: 0.60036 avg lat: 0.142826
  sec Cur ops   started  finished  avg MB/s  cur MB/s last lat(s)  avg lat(s)
  240      64    107495    107431   111.893     112.5   0.0111005    0.142826
  241      64    107936    107872   111.886    110.25   0.0158406    0.142834
  242      64    108386    108322   111.888     112.5   0.0139554     0.14283
  243      64    108831    108767   111.886    111.25   0.0385176    0.142833
  244      64    109281    109217   111.888     112.5    0.437947    0.142832
  245      64    109730    109666    111.89    112.25   0.0180232    0.142817
  246      64    110176    110112   111.888     111.5   0.0145613    0.142813
  247      64    110619    110555   111.883    110.75   0.0134688    0.142826
  248      64    111067    111003   111.884       112   0.0180869    0.142818
  249      64    111516    111452   111.885    112.25   0.0340286    0.142845
  250      64    111964    111900   111.886       112   0.0140149     0.14284
  251      64    112412    112348   111.886       112   0.0507603     0.14283
  252      64    112856    112792   111.882       111   0.0104204    0.142841
  253      64    113305    113241   111.884    112.25    0.011794    0.142841
  254      64    113753    113689   111.884       112   0.0187871    0.142835
  255      64    114202    114138   111.886    112.25   0.0205883    0.142846
  256      64    114648    114584   111.884     111.5   0.0217627    0.142831
  257      64    115097    115033   111.885    112.25   0.0169015    0.142838
  258      64    115541    115477   111.882       111   0.0226112     0.14284
  259      64    115990    115926   111.883    112.25   0.0295351    0.142831
2026-07-07T21:33:15.720005+0800 min lat: 0.00651134 max lat: 0.60036 avg lat: 0.142831
  sec Cur ops   started  finished  avg MB/s  cur MB/s last lat(s)  avg lat(s)
  260      64    116438    116374   111.884       112   0.0269862    0.142831
  261      64    116892    116828    111.89     113.5    0.480954    0.142829
  262      64    117339    117275   111.889    111.75    0.455799    0.142844
  263      64    117783    117719   111.886       111   0.0300329    0.142822
  264      64    118231    118167   111.886       112   0.0167725    0.142825
  265      64    118681    118617   111.888     112.5    0.025268    0.142841
  266      64    119129    119065   111.889       112    0.428934    0.142842
  267      64    119580    119516   111.892    112.75   0.0280495    0.142842
  268      64    120027    119963   111.891    111.75   0.0121474    0.142841
  269      64    120469    120405   111.886     110.5   0.0206036    0.142846
  270      64    120918    120854   111.887    112.25    0.416849     0.14285
  271      64    121367    121303   111.889    112.25   0.0177762    0.142858
  272      64    121816    121752    111.89    112.25    0.141671    0.142852
Total time run:       272.679
Total reads made:     122043
Read size:            262144
Object size:          262144
Bandwidth (MB/sec):   111.892
Average IOPS:         447
Stddev IOPS:          2.75322
Max IOPS:             454
Min IOPS:             439
Average Latency(s):   0.142903
Max latency(s):       0.60036
Min latency(s):       0.00651134
[2026-07-07 21:33:28] END: seq read redo r2
[2026-07-07 21:33:28] ---- seq read redo round 3 ----
[2026-07-07 21:33:28] Compacting all OSDs...
[2026-07-07 21:33:40] Health: HEALTH_OK
[2026-07-07 21:33:40] START: rados bench -p juicefs-data 300 seq -t 64
hints = 1
  sec Cur ops   started  finished  avg MB/s  cur MB/s last lat(s)  avg lat(s)
    0       0         0         0         0         0           -           0
    1      64       501       437   109.222    109.25   0.0200302    0.123347
    2      64       952       888   110.978    112.75    0.444719    0.130804
    3      64      1398      1334   111.146     111.5   0.0226878    0.133402
    4      64      1850      1786   111.605       113    0.012844    0.135918
    5      64      2296      2232   111.582     111.5    0.455457    0.137795
    6      64      2741      2677   111.524    111.25    0.482196    0.138169
    7      64      3189      3125    111.59       112   0.0147933    0.139915
    8      64      3637      3573   111.639       112    0.468494    0.139789
    9      64      4085      4021   111.677       112    0.532078    0.139751
   10      64      4534      4470   111.733    112.25   0.0133989    0.140512
   11      64      4978      4914   111.665       111    0.382997    0.140881
   12      64      5422      5358   111.608       111   0.0255054    0.141353
   13      64      5871      5807   111.657    112.25    0.446524    0.141132
   14      64      6322      6258   111.734    112.75    0.503173    0.141148
   15      64      6770      6706   111.751       112   0.0296887    0.141343
   16      63      7218      7155   111.781    112.25    0.382925    0.141465
   17      64      7664      7600   111.749    111.25   0.0518437     0.14132
   18      64      8110      8046   111.734     111.5   0.0111238    0.141544
   19      64      8560      8496   111.774     112.5    0.408664     0.14173
2026-07-07T21:34:00.984107+0800 min lat: 0.00695439 max lat: 0.549938 avg lat: 0.141897
  sec Cur ops   started  finished  avg MB/s  cur MB/s last lat(s)  avg lat(s)
   20      64      9008      8944   111.784       112   0.0156882    0.141897
   21      64      9454      9390    111.77     111.5   0.0112374    0.141835
   22      64      9902      9838    111.78       112   0.0457182    0.141753
   23      64     10346     10282   111.746       111   0.0413463    0.141858
   24      64     10791     10727   111.724    111.25   0.0107586    0.141935
   25      64     11244     11180   111.785    113.25     0.01222    0.141967
   26      64     11692     11628   111.792       112    0.017912    0.141918
   27      64     12140     12076   111.799       112    0.433046    0.142024
   28      64     12589     12525   111.815    112.25   0.0235601    0.142045
   29      64     13034     12970   111.795    111.25   0.0284288    0.142185
   30      64     13481     13417   111.793    111.75   0.0198817    0.142201
   31      64     13929     13865   111.799       112    0.455488    0.142126
   32      64     14378     14314   111.813    112.25   0.0386735     0.14216
   33      64     14828     14764   111.833     112.5    0.367494    0.142309
   34      64     15272     15208   111.808       111   0.0191293     0.14214
   35      64     15719     15655   111.806    111.75   0.0304451    0.142223
   36      64     16168     16104   111.818    112.25   0.0199474    0.142287
   37      64     16617     16553   111.829    112.25   0.0616954    0.142209
   38      64     17063     16999    111.82     111.5   0.0135502    0.142292
   39      63     17511     17448   111.831    112.25   0.0108161    0.142425
2026-07-07T21:34:20.986814+0800 min lat: 0.00695439 max lat: 0.549938 avg lat: 0.142459
  sec Cur ops   started  finished  avg MB/s  cur MB/s last lat(s)  avg lat(s)
   40      64     17956     17892    111.81       111   0.0190768    0.142459
   41      64     18403     18339   111.808    111.75    0.509115    0.142285
   42      64     18851     18787   111.812       112   0.0356253    0.142364
   43      64     19302     19238   111.833    112.75   0.0216148    0.142272
   44      64     19748     19684   111.825     111.5    0.426051    0.142456
   45      64     20196     20132   111.829       112   0.0476108    0.142415
   46      64     20642     20578   111.822     111.5   0.0336666    0.142498
   47      64     21089     21025    111.82    111.75   0.0228818    0.142446
   48      64     21539     21475   111.834     112.5   0.0145653    0.142396
   49      64     21988     21924   111.842    112.25   0.0298866    0.142404
   50      64     22434     22370   111.835     111.5   0.0733886    0.142472
   51      64     22880     22816   111.828     111.5   0.0182252    0.142346
   52      64     23324     23260   111.812       111   0.0250059    0.142523
   53      64     23775     23711   111.829    112.75    0.422429    0.142533
   54      64     24225     24161   111.841     112.5    0.415126    0.142493
   55      64     24673     24609   111.844       112   0.0449602    0.142494
   56      64     25119     25055   111.837     111.5    0.433531    0.142492
   57      64     25565     25501   111.831     111.5   0.0213787    0.142499
   58      64     26010     25946   111.821    111.25   0.0185084    0.142511
   59      64     26457     26393   111.819    111.75   0.0269894    0.142556
2026-07-07T21:34:40.989598+0800 min lat: 0.00628712 max lat: 0.572608 avg lat: 0.142472
  sec Cur ops   started  finished  avg MB/s  cur MB/s last lat(s)  avg lat(s)
   60      64     26909     26845   111.839       113   0.0167858    0.142472
   61      64     27357     27293   111.841       112   0.0235016    0.142542
   62      64     27804     27740   111.839    111.75   0.0197772     0.14254
   63      64     28250     28186   111.834     111.5   0.0401183    0.142585
   64      64     28698     28634   111.836       112    0.072354    0.142583
   65      64     29144     29080   111.831     111.5   0.0380469    0.142593
   66      64     29594     29530   111.841     112.5    0.485867    0.142592
   67      64     30040     29976   111.835     111.5   0.0382673     0.14255
   68      64     30487     30423   111.834    111.75   0.0118855    0.142626
   69      64     30934     30870   111.832    111.75   0.0170193    0.142576
   70      64     31383     31319   111.838    112.25   0.0400781    0.142592
   71      64     31835     31771   111.854       113    0.367213    0.142678
   72      63     32281     32218   111.853    111.75   0.0147775     0.14259
   73      64     32730     32666   111.855       112    0.014618    0.142673
   74      64     33175     33111   111.846    111.25   0.0136448    0.142632
   75      64     33621     33557   111.842     111.5    0.428098    0.142653
   76      64     34072     34008   111.853    112.75   0.0142009    0.142619
   77      64     34519     34455   111.852    111.75   0.0414668    0.142644
   78      64     34968     34904   111.857    112.25  0.00823318    0.142622
   79      64     35414     35350   111.852     111.5   0.0257835    0.142611
2026-07-07T21:35:00.992138+0800 min lat: 0.00628712 max lat: 0.572608 avg lat: 0.142647
  sec Cur ops   started  finished  avg MB/s  cur MB/s last lat(s)  avg lat(s)
   80      64     35858     35794   111.841       111   0.0164897    0.142647
   81      64     36308     36244   111.849     112.5    0.446818    0.142658
   82      64     36758     36694   111.857     112.5   0.0601383    0.142629
   83      64     37209     37145   111.867    112.75    0.449943    0.142645
   84      64     37654     37590    111.86    111.25     0.42126     0.14266
   85      64     38097     38033   111.847    110.75   0.0125528    0.142623
   86      64     38545     38481   111.848       112   0.0210715     0.14265
   87      64     38993     38929    111.85       112   0.0441395    0.142652
   88      64     39442     39378   111.854    112.25     0.38151    0.142698
   89      64     39891     39827   111.858    112.25    0.469457    0.142663
   90      64     40337     40273   111.854     111.5     0.03186    0.142646
   91      64     40781     40717   111.845       111   0.0128463    0.142698
   92      64     41232     41168   111.854    112.75    0.403007    0.142718
   93      64     41681     41617   111.859    112.25    0.514549    0.142663
   94      64     42130     42066   111.863    112.25    0.433821    0.142701
   95      64     42575     42511   111.856    111.25   0.0234229    0.142697
   96      64     43023     42959   111.857       112    0.447157    0.142687
   97      64     43467     43403   111.848       111   0.0385357    0.142711
   98      64     43917     43853   111.855     112.5   0.0205932    0.142712
   99      64     44368     44304   111.864    112.75    0.475993    0.142692
2026-07-07T21:35:20.994749+0800 min lat: 0.00628712 max lat: 0.572608 avg lat: 0.142724
  sec Cur ops   started  finished  avg MB/s  cur MB/s last lat(s)  avg lat(s)
  100      64     44816     44752   111.865       112   0.0159002    0.142724
  101      64     45262     45198   111.861     111.5   0.0209697    0.142705
  102      64     45707     45643   111.855    111.25   0.0139659    0.142675
  103      64     46155     46091   111.856       112    0.428322    0.142716
  104      64     46602     46538   111.855    111.75   0.0316091    0.142726
  105      64     47051     46987   111.859    112.25   0.0204899    0.142719
  106      64     47501     47437   111.865     112.5   0.0134955    0.142696
  107      64     47948     47884   111.864    111.75   0.0327216    0.142685
  108      64     48393     48329   111.858    111.25   0.0162761    0.142693
  109      64     48842     48778   111.861    112.25    0.436866    0.142742
  110      64     49292     49228   111.867     112.5    0.376416    0.142769
  111      64     49742     49678   111.872     112.5   0.0271249    0.142707
  112      64     50188     50124   111.869     111.5   0.0471604    0.142718
  113      64     50634     50570   111.866     111.5   0.0311089    0.142737
  114      64     51081     51017   111.864    111.75    0.398686    0.142772
  115      64     51526     51462   111.859    111.25   0.0171766    0.142708
  116      64     51977     51913   111.867    112.75   0.0372274     0.14268
  117      64     52425     52361   111.868       112     0.04556    0.142721
  118      64     52869     52805    111.86       111    0.501264    0.142731
  119      64     53316     53252   111.859    111.75    0.526357    0.142707
2026-07-07T21:35:40.997334+0800 min lat: 0.00628712 max lat: 0.598319 avg lat: 0.142741
  sec Cur ops   started  finished  avg MB/s  cur MB/s last lat(s)  avg lat(s)
  120      64     53765     53701   111.862    112.25    0.443843    0.142741
  121      64     54213     54149   111.863       112   0.0138273    0.142764
  122      64     54667     54603   111.876     113.5    0.499656    0.142721
  123      64     55112     55048   111.871    111.25   0.0264497    0.142733
  124      64     55558     55494   111.868     111.5   0.0248385    0.142742
  125      64     56005     55941   111.867    111.75    0.429893    0.142761
  126      64     56451     56387   111.864     111.5   0.0167089    0.142755
  127      64     56902     56838   111.871    112.75     0.47288    0.142753
  128      64     57351     57287   111.874    112.25    0.031797    0.142742
  129      64     57797     57733   111.871     111.5   0.0194426    0.142743
  130      64     58244     58180    111.87    111.75    0.460072    0.142764
  131      64     58690     58626   111.867     111.5   0.0181031    0.142761
  132      64     59139     59075    111.87    112.25   0.0171939     0.14276
  133      64     59590     59526   111.876    112.75    0.017908    0.142737
  134      64     60036     59972   111.873     111.5   0.0252574     0.14276
  135      64     60481     60417   111.868    111.25   0.0686098    0.142768
  136      64     60928     60864   111.867    111.75    0.476552    0.142762
  137      64     61378     61314   111.872     112.5      0.3545    0.142808
  138      64     61827     61763   111.875    112.25   0.0171361    0.142766
  139      64     62276     62212   111.877    112.25    0.440597    0.142786
2026-07-07T21:36:00.999930+0800 min lat: 0.00628712 max lat: 0.598319 avg lat: 0.142796
  sec Cur ops   started  finished  avg MB/s  cur MB/s last lat(s)  avg lat(s)
  140      64     62722     62658   111.874     111.5    0.100226    0.142796
  141      64     63168     63104   111.872     111.5   0.0173978    0.142784
  142      64     63614     63550   111.869     111.5   0.0141541    0.142806
  143      64     64062     63998    111.87       112   0.0169794    0.142806
  144      64     64510     64446   111.871       112   0.0183003    0.142786
  145      64     64958     64894   111.871       112   0.0185041    0.142741
  146      64     65405     65341    111.87    111.75     0.42625    0.142774
  147      64     65852     65788   111.869    111.75   0.0165508    0.142758
  148      64     66301     66237   111.872    112.25   0.0328179    0.142763
  149      64     66748     66684   111.871    111.75    0.379178    0.142803
  150      64     67198     67134   111.875     112.5    0.470282    0.142756
  151      64     67647     67583   111.878    112.25   0.0196201    0.142782
  152      64     68094     68030   111.877    111.75   0.0694884     0.14276
  153      63     68539     68476   111.874     111.5    0.507049    0.142781
  154      64     68989     68925   111.876    112.25    0.517469    0.142774
  155      64     69436     69372   111.875    111.75    0.035881    0.142763
  156      64     69887     69823   111.881    112.75   0.0262637    0.142795
  157      64     70333     70269   111.878     111.5   0.0215876     0.14278
  158      64     70780     70716   111.878    111.75    0.412513    0.142791
  159      64     71225     71161   111.873    111.25    0.014408    0.142787
2026-07-07T21:36:21.002622+0800 min lat: 0.00628712 max lat: 0.598319 avg lat: 0.142799
  sec Cur ops   started  finished  avg MB/s  cur MB/s last lat(s)  avg lat(s)
  160      64     71675     71611   111.877     112.5   0.0316497    0.142799
  161      64     72122     72058   111.876    111.75    0.382112    0.142808
  162      64     72572     72508    111.88     112.5    0.439565    0.142785
  163      64     73015     72951   111.873    110.75   0.0221718    0.142806
  164      64     73462     73398   111.872    111.75   0.0195217     0.14277
  165      64     73911     73847   111.875    112.25   0.0162227     0.14278
  166      64     74360     74296   111.877    112.25   0.0224225    0.142816
  167      64     74807     74743   111.876    111.75    0.026609    0.142799
  168      64     75252     75188   111.872    111.25   0.0125932    0.142799
  169      64     75700     75636   111.873       112   0.0457398    0.142819
  170      64     76147     76083   111.872    111.75   0.0214341    0.142823
  171      63     76596     76533   111.875     112.5   0.0208388    0.142804
  172      64     77043     76979   111.873     111.5   0.0274997      0.1428
  173      64     77493     77429   111.877     112.5   0.0432417    0.142803
  174      64     77939     77875   111.874     111.5   0.0395031    0.142802
  175      64     78385     78321   111.872     111.5     0.46692    0.142797
  176      63     78832     78769   111.873       112    0.425339     0.14281
  177      64     79281     79217   111.874       112    0.461082      0.1428
  178      64     79731     79667   111.877     112.5   0.0174228    0.142823
  179      64     80177     80113   111.875     111.5   0.0200098    0.142788
2026-07-07T21:36:41.005316+0800 min lat: 0.00608785 max lat: 0.598319 avg lat: 0.142812
  sec Cur ops   started  finished  avg MB/s  cur MB/s last lat(s)  avg lat(s)
  180      64     80621     80557    111.87       111   0.0334809    0.142812
  181      64     81068     81004   111.869    111.75    0.517249    0.142789
  182      64     81517     81453   111.871    112.25    0.399933    0.142833
  183      64     81965     81901   111.872       112   0.0130096    0.142814
  184      64     82415     82351   111.875     112.5     0.01583    0.142816
  185      63     82857     82794   111.869    110.75    0.496076    0.142802
  186      63     83306     83243   111.871    112.25   0.0262646    0.142815
  187      64     83753     83689   111.869     111.5   0.0145058    0.142817
  188      64     84204     84140   111.873    112.75   0.0128393    0.142831
  189      64     84652     84588   111.874       112    0.444908     0.14282
  190      64     85102     85038   111.877     112.5    0.010366    0.142808
  191      64     85547     85483   111.874    111.25    0.151235    0.142842
  192      64     85995     85931   111.874       112   0.0492743    0.142809
  193      64     86440     86376   111.871    111.25    0.464046    0.142829
  194      64     86888     86824   111.872       112   0.0167436     0.14281
  195      64     87337     87273   111.873    112.25   0.0337467    0.142831
  196      64     87787     87723   111.877     112.5    0.402746    0.142824
  197      64     88230     88166   111.871    110.75    0.020367    0.142828
  198      64     88679     88615   111.873    112.25    0.469767    0.142834
  199      64     89127     89063   111.873       112    0.383495    0.142838
2026-07-07T21:37:01.008155+0800 min lat: 0.00608785 max lat: 0.598319 avg lat: 0.142852
  sec Cur ops   started  finished  avg MB/s  cur MB/s last lat(s)  avg lat(s)
  200      64     89576     89512   111.875    112.25   0.0148538    0.142852
  201      64     90026     89962   111.878     112.5   0.0415108      0.1428
  202      64     90470     90406   111.874       111   0.0248705    0.142833
  203      64     90918     90854   111.874       112   0.0159242    0.142823
  204      64     91363     91299   111.871    111.25   0.0384377    0.142835
  205      64     91814     91750   111.875    112.75     0.02143    0.142824
  206      64     92262     92198   111.876       112   0.0259091    0.142831
  207      64     92712     92648   111.879     112.5     0.49471    0.142809
  208      64     93156     93092   111.874       111    0.373494    0.142853
  209      64     93603     93539   111.874    111.75    0.503653    0.142823
  210      64     94050     93986   111.873    111.75   0.0239433    0.142832
  211      64     94499     94435   111.875    112.25   0.0259497    0.142827
  212      64     94949     94885   111.878     112.5    0.422685    0.142841
  213      64     95400     95336   111.882    112.75    0.031439    0.142804
  214      64     95843     95779   111.876    110.75    0.442837    0.142834
  215      64     96292     96228   111.878    112.25   0.0396614    0.142832
  216      64     96739     96675   111.877    111.75   0.0170746    0.142824
  217      64     97187     97123   111.878       112   0.0129522     0.14283
  218      64     97638     97574   111.882    112.75   0.0133132    0.142845
  219      64     98083     98019   111.879    111.25   0.0198122    0.142821
2026-07-07T21:37:21.010870+0800 min lat: 0.00608785 max lat: 0.598319 avg lat: 0.142817
  sec Cur ops   started  finished  avg MB/s  cur MB/s last lat(s)  avg lat(s)
  220      64     98532     98468    111.88    112.25    0.035726    0.142817
  221      64     98977     98913   111.877    111.25    0.383733    0.142845
  222      64     99426     99362   111.879    112.25   0.0303766    0.142842
  223      64     99874     99810    111.88       112     0.38902     0.14286
  224      64    100324    100260   111.882     112.5    0.409304    0.142839
  225      64    100767    100703   111.877    110.75   0.0382468     0.14283
  226      64    101214    101150   111.877    111.75   0.0161817    0.142831
  227      64    101663    101599   111.878    112.25    0.394083    0.142843
  228      64    102112    102048    111.88    112.25    0.402002    0.142839
  229      64    102563    102499   111.883    112.75    0.464581    0.142839
  230      64    103008    102944   111.881    111.25   0.0232123    0.142822
  231      64    103452    103388   111.877       111  0.00828063    0.142838
  232      64    103904    103840   111.881       113   0.0163179    0.142846
  233      63    104349    104286    111.88     111.5    0.527952    0.142828
  234      64    104799    104735   111.881    112.25    0.045424    0.142839
  235      64    105250    105186   111.885    112.75    0.033259    0.142827
  236      64    105693    105629    111.88    110.75   0.0148137    0.142846
  237      64    106142    106078   111.882    112.25   0.0268285    0.142843
  238      64    106590    106526   111.882       112    0.014224     0.14285
  239      64    107037    106973   111.881    111.75    0.016027    0.142825
2026-07-07T21:37:41.013757+0800 min lat: 0.00608785 max lat: 0.598319 avg lat: 0.14284
  sec Cur ops   started  finished  avg MB/s  cur MB/s last lat(s)  avg lat(s)
  240      64    107487    107423   111.884     112.5   0.0534537     0.14284
  241      64    107933    107869   111.882     111.5    0.415536    0.142843
  242      64    108379    108315   111.881     111.5    0.411493    0.142841
  243      64    108828    108764   111.882    112.25   0.0237092    0.142842
  244      64    109272    109208   111.878       111   0.0112731    0.142842
  245      64    109721    109657    111.88    112.25   0.0160503    0.142833
  246      64    110172    110108   111.883    112.75   0.0563344    0.142829
  247      64    110620    110556   111.884       112   0.0131763    0.142833
  248      64    111062    110998   111.878     110.5    0.470634    0.142842
  249      64    111512    111448    111.88     112.5    0.411462    0.142857
  250      64    111957    111893   111.878    111.25   0.0269285    0.142861
  251      64    112405    112341   111.878       112   0.0336484    0.142844
  252      64    112856    112792   111.882    112.75    0.014258     0.14285
  253      64    113302    113238    111.88     111.5  0.00904204    0.142858
  254      64    113750    113686   111.881       112   0.0253043    0.142839
  255      64    114196    114132   111.879     111.5     0.39663    0.142863
  256      64    114647    114583   111.882    112.75   0.0205151    0.142842
  257      64    115095    115031   111.883       112   0.0426341     0.14285
  258      64    115542    115478   111.882    111.75   0.0282798    0.142845
  259      64    115987    115923    111.88    111.25   0.0214386     0.14284
2026-07-07T21:38:01.016199+0800 min lat: 0.00608785 max lat: 0.598319 avg lat: 0.142846
  sec Cur ops   started  finished  avg MB/s  cur MB/s last lat(s)  avg lat(s)
  260      64    116438    116374   111.883    112.75   0.0641418    0.142846
  261      64    116883    116819   111.881    111.25   0.0141604    0.142842
  262      64    117333    117269   111.883     112.5    0.437155    0.142863
  263      64    117783    117719   111.885     112.5    0.492617    0.142841
  264      64    118232    118168   111.886    112.25    0.471777     0.14283
  265      64    118677    118613   111.884    111.25   0.0555767    0.142852
  266      64    119128    119064   111.887    112.75   0.0456552    0.142844
  267      64    119574    119510   111.886     111.5   0.0260709    0.142854
  268      64    120024    119960   111.888     112.5   0.0219927    0.142849
  269      64    120473    120409   111.889    112.25    0.423226    0.142852
  270      64    120917    120853   111.886       111    0.445674    0.142852
  271      64    121367    121303   111.888     112.5   0.0232693    0.142851
  272      64    121811    121747   111.885       111   0.0244442     0.14287
Total time run:       272.69
Total reads made:     122043
Read size:            262144
Object size:          262144
Bandwidth (MB/sec):   111.888
Average IOPS:         447
Stddev IOPS:          2.33955
Max IOPS:             454
Min IOPS:             437
Average Latency(s):   0.142913
Max latency(s):       0.598319
Min latency(s):       0.00608785
[2026-07-07 21:38:14] END: seq read redo r3
[2026-07-07 21:38:14] Cleaning pool...
[2026-07-07 21:38:38] Cleanup done.
[2026-07-07 21:38:38] Compacting all OSDs...
[2026-07-07 21:38:50] Health: HEALTH_OK
[2026-07-07 21:38:50] ==== SEQ READ REDO COMPLETE ====
