bash: warning: setlocale: LC_ALL: cannot change locale (zh_CN.utf8)
[2026-07-08 13:16:24] ==============================================
[2026-07-08 13:16:24] Stage F: Full 6 OSD tmpfs DB migration START
[2026-07-08 13:16:24] ==============================================
[2026-07-08 13:16:24] ==== OSD.0 on 192.168.11.11 (loop=loop20, tmpfs=/tmp/bs-db-osd0) ====
[2026-07-08 13:16:24]   Creating tmpfs + loop device...
bash: warning: setlocale: LC_ALL: cannot change locale (zh_CN.utf8)
/dev/loop20: [0084]:2 (/tmp/bs-db-osd0/db_device)
tmpfs+loop ready
[2026-07-08 13:16:24]   Stopping osd.0...
Scheduled to stop osd.0 on host 'ceph-node1'
[2026-07-08 13:16:40]   osd.0 status: osd.0
[2026-07-08 13:16:40]   Running bluefs-bdev-new-db...
bash: warning: setlocale: LC_ALL: cannot change locale (zh_CN.utf8)
inferring bluefs devices from bluestore path
DB device added loop20
[2026-07-08 13:16:47]   Verifying block.db symlink...
bash: warning: setlocale: LC_ALL: cannot change locale (zh_CN.utf8)
lrwxrwxrwx 1 root root 6 Jul  8 13:16 /var/lib/ceph/073f28e0-5fe0-11f1-8ce6-7369ee2be5a1/osd.0/block.db -> loop20
[2026-07-08 13:16:48]   Resetting systemd + starting osd.0...
bash: warning: setlocale: LC_ALL: cannot change locale (zh_CN.utf8)
Scheduled to start osd.0 on host 'ceph-node1'
[2026-07-08 13:17:09]   osd.0 status after start: osd.0
[2026-07-08 13:17:09]   WARNING: osd.0 not up yet, waiting 30s more...
[2026-07-08 13:17:40]   osd.0 status: osd.0
[2026-07-08 13:17:40] ==== OSD.1 on 192.168.11.11 (loop=loop21, tmpfs=/tmp/bs-db-osd1) ====
[2026-07-08 13:17:40]   Creating tmpfs + loop device...
bash: warning: setlocale: LC_ALL: cannot change locale (zh_CN.utf8)
/dev/loop21: [0086]:2 (/tmp/bs-db-osd1/db_device)
tmpfs+loop ready
[2026-07-08 13:17:40]   Stopping osd.1...
Scheduled to stop osd.1 on host 'ceph-node1'
[2026-07-08 13:17:56]   osd.1 status: osd.1
[2026-07-08 13:17:56]   Running bluefs-bdev-new-db...
bash: warning: setlocale: LC_ALL: cannot change locale (zh_CN.utf8)
inferring bluefs devices from bluestore path
DB device added loop21
[2026-07-08 13:18:04]   Verifying block.db symlink...
bash: warning: setlocale: LC_ALL: cannot change locale (zh_CN.utf8)
lrwxrwxrwx 1 root root 6 Jul  8 13:18 /var/lib/ceph/073f28e0-5fe0-11f1-8ce6-7369ee2be5a1/osd.1/block.db -> loop21
[2026-07-08 13:18:04]   Resetting systemd + starting osd.1...
bash: warning: setlocale: LC_ALL: cannot change locale (zh_CN.utf8)
Scheduled to start osd.1 on host 'ceph-node1'
[2026-07-08 13:18:25]   osd.1 status after start: osd.1
[2026-07-08 13:18:25]   WARNING: osd.1 not up yet, waiting 30s more...
[2026-07-08 13:18:56]   osd.1 status: osd.1
[2026-07-08 13:18:56] ==== OSD.2 on 192.168.11.13 (loop=loop20, tmpfs=/tmp/bs-db-osd2) ====
[2026-07-08 13:18:56]   Creating tmpfs + loop device...
bash: warning: setlocale: LC_ALL: cannot change locale (zh_CN.utf8)
/dev/loop20: [0084]:2 (/tmp/bs-db-osd2/db_device)
tmpfs+loop ready
[2026-07-08 13:18:57]   Stopping osd.2...
Scheduled to stop osd.2 on host 'ceph-node2'
[2026-07-08 13:19:13]   osd.2 status: osd.2
[2026-07-08 13:19:13]   Running bluefs-bdev-new-db...
bash: warning: setlocale: LC_ALL: cannot change locale (zh_CN.utf8)
inferring bluefs devices from bluestore path
DB device added loop20
[2026-07-08 13:19:18]   Verifying block.db symlink...
bash: warning: setlocale: LC_ALL: cannot change locale (zh_CN.utf8)
lrwxrwxrwx 1 root root 6 Jul  8 13:19 /var/lib/ceph/073f28e0-5fe0-11f1-8ce6-7369ee2be5a1/osd.2/block.db -> loop20
[2026-07-08 13:19:19]   Resetting systemd + starting osd.2...
bash: warning: setlocale: LC_ALL: cannot change locale (zh_CN.utf8)
Scheduled to start osd.2 on host 'ceph-node2'
[2026-07-08 13:19:40]   osd.2 status after start: osd.2
[2026-07-08 13:19:40]   WARNING: osd.2 not up yet, waiting 30s more...
[2026-07-08 13:20:10]   osd.2 status: osd.2
[2026-07-08 13:20:10] ==== OSD.3 on 192.168.11.13 (loop=loop21, tmpfs=/tmp/bs-db-osd3) ====
[2026-07-08 13:20:10]   Creating tmpfs + loop device...
bash: warning: setlocale: LC_ALL: cannot change locale (zh_CN.utf8)
/dev/loop21: [0087]:2 (/tmp/bs-db-osd3/db_device)
tmpfs+loop ready
[2026-07-08 13:20:12]   Stopping osd.3...
Scheduled to stop osd.3 on host 'ceph-node2'
[2026-07-08 13:20:28]   osd.3 status: osd.3
[2026-07-08 13:20:28]   Running bluefs-bdev-new-db...
bash: warning: setlocale: LC_ALL: cannot change locale (zh_CN.utf8)
inferring bluefs devices from bluestore path
DB device added loop21
[2026-07-08 13:20:37]   Verifying block.db symlink...
bash: warning: setlocale: LC_ALL: cannot change locale (zh_CN.utf8)
lrwxrwxrwx 1 root root 6 Jul  8 13:20 /var/lib/ceph/073f28e0-5fe0-11f1-8ce6-7369ee2be5a1/osd.3/block.db -> loop21
[2026-07-08 13:20:38]   Resetting systemd + starting osd.3...
bash: warning: setlocale: LC_ALL: cannot change locale (zh_CN.utf8)
Scheduled to start osd.3 on host 'ceph-node2'
[2026-07-08 13:20:59]   osd.3 status after start: osd.3
[2026-07-08 13:20:59]   WARNING: osd.3 not up yet, waiting 30s more...
[2026-07-08 13:21:30]   osd.3 status: osd.3
[2026-07-08 13:21:30] ==== OSD.4 on 192.168.11.14 (loop=loop20, tmpfs=/tmp/bs-db-osd4) ====
[2026-07-08 13:21:30]   Creating tmpfs + loop device...
bash: warning: setlocale: LC_ALL: cannot change locale (zh_CN.utf8)
/dev/loop20: [0058]:2 (/tmp/bs-db-osd4/db_device)
tmpfs+loop ready
[2026-07-08 13:21:31]   Stopping osd.4...
Scheduled to stop osd.4 on host 'ceph-node3'
[2026-07-08 13:21:47]   osd.4 status: osd.4
[2026-07-08 13:21:47]   Running bluefs-bdev-new-db...
bash: warning: setlocale: LC_ALL: cannot change locale (zh_CN.utf8)
sudo: podman: command not found
[2026-07-08 13:21:47]   Verifying block.db symlink...
bash: warning: setlocale: LC_ALL: cannot change locale (zh_CN.utf8)
ls: cannot access '/var/lib/ceph/073f28e0-5fe0-11f1-8ce6-7369ee2be5a1/osd.4/block.db': No such file or directory
[2026-07-08 13:21:48]   Resetting systemd + starting osd.4...
bash: warning: setlocale: LC_ALL: cannot change locale (zh_CN.utf8)
Scheduled to start osd.4 on host 'ceph-node3'
[2026-07-08 13:22:09]   osd.4 status after start: osd.4
[2026-07-08 13:22:09]   WARNING: osd.4 not up yet, waiting 30s more...
[2026-07-08 13:22:40]   osd.4 status: osd.4
[2026-07-08 13:22:40] ==== OSD.5 on 192.168.11.14 (loop=loop21, tmpfs=/tmp/bs-db-osd5) ====
[2026-07-08 13:22:40]   Creating tmpfs + loop device...
bash: warning: setlocale: LC_ALL: cannot change locale (zh_CN.utf8)
/dev/loop21: [0061]:2 (/tmp/bs-db-osd5/db_device)
tmpfs+loop ready
[2026-07-08 13:22:41]   Stopping osd.5...
Scheduled to stop osd.5 on host 'ceph-node3'
[2026-07-08 13:22:57]   osd.5 status: osd.5
[2026-07-08 13:22:57]   Running bluefs-bdev-new-db...
bash: warning: setlocale: LC_ALL: cannot change locale (zh_CN.utf8)
sudo: podman: command not found
[2026-07-08 13:22:57]   Verifying block.db symlink...
bash: warning: setlocale: LC_ALL: cannot change locale (zh_CN.utf8)
ls: cannot access '/var/lib/ceph/073f28e0-5fe0-11f1-8ce6-7369ee2be5a1/osd.5/block.db': No such file or directory
[2026-07-08 13:22:57]   Resetting systemd + starting osd.5...
bash: warning: setlocale: LC_ALL: cannot change locale (zh_CN.utf8)
Scheduled to start osd.5 on host 'ceph-node3'
[2026-07-08 13:23:18]   osd.5 status after start: osd.5
[2026-07-08 13:23:18]   WARNING: osd.5 not up yet, waiting 30s more...
[2026-07-08 13:23:49]   osd.5 status: osd.5
[2026-07-08 13:23:49] ==============================================
[2026-07-08 13:23:49] Migration complete. Final verification...
[2026-07-08 13:23:49] ==============================================
ID  CLASS  WEIGHT   TYPE NAME            STATUS  REWEIGHT  PRI-AFF
-1         3.25769  root default                                  
-3         0.93100      host ceph-node1                           
 0    hdd  0.46550          osd.0            up   1.00000  1.00000
 1    hdd  0.46550          osd.1            up   1.00000  1.00000
-5         0.93030      host ceph-node2                           
 2    hdd  0.46480          osd.2            up   1.00000  1.00000
 3    hdd  0.46550          osd.3            up   1.00000  1.00000
-6         1.39639      host ceph-node3                           
 4    hdd  0.93089          osd.4            up   1.00000  1.00000
 5    hdd  0.46550          osd.5            up   1.00000  1.00000
HEALTH_OK
[2026-07-08 13:24:00]   health check 1: HEALTH_OK
[2026-07-08 13:24:00] ==============================================
[2026-07-08 13:24:01] Stage F migration COMPLETE. Health: HEALTH_OK
[2026-07-08 13:24:01] ==============================================
