# strace -f -e trace=read on juicefs PID 2180957
# Ceph OSD FDs: 28,29,30,31,32,34
# Format: <timestamp_if_available> <tid> <syscall> = <return>

=== FD 28 ===
2180982 read(28, 0x7f45b0002110, 4096)  = -1 EAGAIN (Resource temporarily unavailable)
2180982 read(28, 0x7f45b0002110, 4096)  = -1 EAGAIN (Resource temporarily unavailable)
2180982 read(28, "\276|~\27\311\347G\26\0\16\334\3\0\0\0\0\362\231\306\324\336\333\326\32>\323\237\215\30q\211\26"..., 258312) = 9044
2180982 read(28, 0x7f454c36324c, 249268) = -1 EAGAIN (Resource temporarily unavailable)
2180982 read(28, "q\362\t\6k\312b\r\5ba\3M\331v<\217\245\226\31)[\350zv6F\22e\213\310\241"..., 249268) = 5840
2180982 read(28, "\330PK\1\200\37\256\230b\17\275\33\360\303UC\225UF\30~\270r\306\7)\316\27\17W\217\234"..., 243428) = 2920
2180982 read(28, "\241\325T\7\16\217B\360\277\350\f\10\341Q\201\266\366\244\203\n<\252\337-^\31\274\7G\365\235\360"..., 240508) = 2920
2180982 read(28, "\247b\344S\266p<\3T\f)\231$d\335\34\212!\373\f\360_\325\0021d\332p\200\245\250\0"..., 224448) = 8760
2180982 read(28, "\325\7\230#B\204\v\20\372\200\210@\274^s\5\37\20\224G\223K\246\1\3\2\343`\250%\204\17"..., 215688) = 5840
2180982 read(28, "\361\246vG\347\201\333\21\336Tv\225\201\314\236\t\233\312?\10\325\16\205\rSy\272\273\272\35\303\31"..., 209848) = 4380
2180982 read(28, "\215\234~\r$i\255\1\220:\363\1$\255\243K{f\362\t\244u\342\222\375\246\374\20\264N\212w"..., 205468) = 2920
2180982 read(28, "=`\246\21\234\2055\220e1\340\n\263\2608\357\21>\355\30\26\226\215\345%\2609\10\302\262\246\361"..., 202548) = 5840
2180982 read(28, "\200\321\6\23 \272'\30\203\327\21\33D\367\364\205\334\256\200\6\350\236\34\25\341\322=\v\335\223/\323"..., 196708) = 5840
2180982 read(28, "l\323J\32\3r\225\312\345\17\2\30@.Q\0\262\\b\24\310%\352\250mK\363\7\271D9\242"..., 161668) = 20440
2180982 read(28, "a\22a\354A\306%\0\0\0\0\0\0\0\0\0l\f\206\17\0\0\0\0\211.\210\352\21\235\212\22"..., 81368) = 17520
2180982 read(28, 0x7f454c372d3c, 185028) = -1 EAGAIN (Resource temporarily unavailable)
2180982 read(28, "\300}\266\323\245P\r\37\270Q\226{9\244\6\3\267\272\226\6\274/\21\340\326Uw#\254w\0\334"..., 78447) = 10220
2180982 read(28, "\371\16\227V\353\266\220\365k\25\322\352\221k<#F\fZ=\t\230\236\216(\17\0\f\2460\0\0"..., 127706) = 2920
2180982 read(28, "\2634\314xi\r\352}\356\216\277\24w\34\275\317\350\262 \33\25\30\367\231~\256\357I]\30>S"..., 35726) = 11680
2180982 read(28, "\34\364@I\320\31W\1'\31\32\217h\17*`y\302O\5\1\32\5,:Hm?>\37\1\0"..., 24046) = 14600
... (18227 completed out of 92403 total)

=== FD 29 ===
2180983 read(29, 0x7f454409a579, 215687) = -1 EAGAIN (Resource temporarily unavailable)
2180983 read(29, "\225\35\32O\ve54(\347\16i!\5\1T\312+\25-$l\357\307x\32\1\205\4\327\353b"..., 196707) = 7300
2180983 read(29, "(\177l\32\212\326\6\10\345n\271\3\233\33\r\317\0\0\0\0\0\0\0I\356\344$\0\0\0\0\0"..., 189407) = 7300
2180983 read(29, "\266\221\34\225\1\243Y\374\266F\0362\340i\n\16\252\35\22\6<4\321\f\260\32\n\08_\v\0"..., 182107) = 8760
2180983 read(29, "\232A\0020\320\270\6e\25!\24\6\32\2778P\237!\35@\343\24z\212\27\246\0h\234\242\335\346"..., 173347) = 4380
2180983 read(29, 0x7f45440a5bf9, 168967) = -1 EAGAIN (Resource temporarily unavailable)
2180983 read(29, "\254\221\v\21b\355M\255\334\227\7B,\265\370\236T\323\20\317\0\0\0\0\0\0\0I\356\344$\0"..., 149987) = 11680
2180983 read(29, "\0\0\0u>\277\236\255\7\313\r\316g\235\24\226\221\325\31\371\254\254\16\344\247\221\25\237\25Y+\246"..., 76987) = 16060
2180983 read(29, "\22a\n\0\0\0\0\35H\360\20\213\232@\4\3\211\17>\331\212\315\10 q@cS\22\2\26$"..., 60927) = 2920
2180983 read(29, "=\303\10\334=z\16\247\347z\342YC\276\34\364\334{\310-\327\273\31\0\34a\7\0\0\0\0s"..., 58007) = 5840
2180983 read(29, "\0\0\0I\356\344$\0\0\0\0\0\316\341\v\0\0\0\0\265\371\201RA\221\207\0256\277u-\347"..., 12747) = 1460
2180983 read(29, "\203\367\202\304\366\330\4op\237\316\\\335\361\t\rn\234\341[\324\330\25\301\r-E\275)\250\33\270"..., 258615) = 43017
2180983 read(29, 0x7f45440dd80a, 206838) = -1 EAGAIN (Resource temporarily unavailable)
2180983 read(29, "\3715\30\333\313\30\1\266\267.f`6\16\0\252\2(\0\0\0\0\330\316\372\341*\341\322\30\333Y"..., 87118) = 1460
2180983 read(29, 0x7f454411c19b, 216677) = -1 EAGAIN (Resource temporarily unavailable)
2180983 read(29, 0x7f45441244c7, 183097) = -1 EAGAIN (Resource temporarily unavailable)
2180983 read(29, "\0>\267\273\246\376\260G\v\347v8\371\301\242\33\24\334\216\263\3\274w\263\3\333q\10\271\35m\234"..., 136377) = 29200
2180983 read(29, 0x7f4544139543, 96957) = -1 EAGAIN (Resource temporarily unavailable)
2180983 read(29, 0x7f454413f637, 72137) = -1 EAGAIN (Resource temporarily unavailable)
2180983 read(29, 0x7f454414186f, 63377) = -1 EAGAIN (Resource temporarily unavailable)
... (19765 completed out of 88306 total)

=== FD 30 ===
2180984 read(30, "\21\4)\0\0\0\10\0\271\0\0\0\10\0\0\0\0\0\10\0\20\0\0\0\0\20\0\0\203\10\0000"..., 4096) = 291
2180984 read(30, 0x7f45481a952a, 174806) = -1 EAGAIN (Resource temporarily unavailable)
2180984 read(30, "<\350:\212G\36\0\330\302.\0\0\0\0\364\340\373\243k\260?\24\36|\5\204\17$\376\3\203\257"..., 75526) = 2920
2180984 read(30, ">\4\0\364\302/\0\0\0\0:\24\326ew?=\31\207\302\235\342\3\365\201\nP8\20\233QM"..., 68226) = 2920
2180984 read(30, "y\30%^\265*\357\257N\23\304+D6\243@5\30x\205\346P\362\f\21\24\0\0\303.\0\0"..., 65306) = 4380
2180984 read(30, "\342@\356\203\210\f\326K\303\230\f\360\367\21\0\326D/\0\0\0\0/\255\350H\235_\370\26\245\225"..., 206926) = 5840
2180984 read(30, "\f4\30\244\372\21\246\30\350\243|:\330\3\24\3*\210[\265F\36\0\372\4/\0\0\0\0\fh"..., 198166) = 1460
2180984 read(30, "{\33\0,\205/\0\0\0\0\36u\3662\211\"$\7\243\316\317\353\325\352\361\23\324y(\326rG"..., 185026) = 4380
2180984 read(30, 0x7f45481e8e5a, 180646) = -1 EAGAIN (Resource temporarily unavailable)
2180984 read(30, "\t\37qX\31@9\234X\2\0\6\6/\0\0\0\0aU\362\371\211p\305\n\254\312\215\24\30\261"..., 129546) = 11680
2180984 read(30, "`\2]\356*Z\235\314|\31\313\335\0264~\354+\16\271[\235W\204cS\5w+\27\335\241@"..., 117866) = 4380
2180984 read(30, "\320\275\32\34\270\231\20\355\365'\t\0037\5\306pv\362\27\340&?}\313\353\32\4\334\3447\334\331"..., 180267) = 1460
2180984 read(30, "\343,\23V\2004\58\202\211\6\n\220{\300\254-\217\4\1r\n\320w\205\201\37@\316\0\301\251"..., 171507) = 1460
2180984 read(30, "fa\3\0\0\0\0\22\313<u\363sq\30b\231\36\t\340s\22\32,\323r\264\354I\200\ne"..., 170047) = 2920
2180984 read(30, "\362\374s\265\223\320\26B\236t5xX\31\n\310\223\215\267T\20U\0\0ra\2\0\0\0\0O"..., 167127) = 1460
2180984 read(30, "\6\v\35+3g\213v\0\370\nef\3277[\272\220\30\314l\310\263_{g\35\231\r\23\300\207"..., 165667) = 2920
2180984 read(30, "\0\0\0\260J\337\320\377\366\273\2V\351\303Tp\226\247\3*}\355\25l\310\26\31\245\257(\304\26"..., 162747) = 5840
2180984 read(30, "p5(\33\333\334\3\3.\372\254H\7]\21\300\305\235\376kJ\334\33\270\270\363\234\376\211\205\26\27"..., 140847) = 7300
2180984 read(30, "\3561\36'\240\226j\370\220\274\35\4T?\275\323\\\214\36\200\352\245\315\372\254\203\20P\275td\314"..., 133547) = 4380
2180984 read(30, "\217\230\238\0\0\0\0\0\0\0X\243h1\0\0\0\0\0F\342\1\0\0\0\0L\246\234\37\377"..., 113107) = 4380
... (12784 completed out of 98157 total)

=== FD 31 ===
2180982 read(31, 0x7f45b0005fc0, 4096)  = -1 EAGAIN (Resource temporarily unavailable)
2180982 read(31, "\323\27^\227\237c\16u\226\21\353\362\304\0\322\234\275\v]\36\243\3067\263\273\30\313\343\245i\25\223"..., 220066) = 1460
2180982 read(31, "\217\333\353\300\311\31X\350\20\332UJ\221\r\v\35\26GB<\357\0\241C]:\375\303\211\6\326\2"..., 218606) = 4380
2180982 read(31, 0x7f454c3acb2e, 214226) = -1 EAGAIN (Resource temporarily unavailable)
2180982 read(31, "@\21u\256\355\364\237\\\340\5\3165c'\35\21_\36\271f\5\nrN_\30\0\334\334/\0\0"..., 205466) = 7300
2180982 read(31, 0x7f454c3b09ea, 198166) = -1 EAGAIN (Resource temporarily unavailable)
2180982 read(31, 0x7f454c3f26cf, 194865) = -1 EAGAIN (Resource temporarily unavailable)
2180982 read(31, "\27hs\363\vP\24w\21mn\312G\220\334\336\5\315\315\302\321\254\267.\0\271\331Q3\24n\212"..., 72225) = 5840
2180982 read(31, "\23\207\361'\254\223\351.\0230~\301|\36\7\215\22\306/\200\20\203b\22\6\370\5-J\20\304j"..., 66385) = 64240
2180982 read(31, "V\1\7\0\0\0\0\253'\322}\262\353}\4\365\304\344;\215~\243\21\236\30\2E\337\321`\f\23"..., 174335) = 13140
2180982 read(31, "O\365\0160'\37skj8\3\346\344\313\332\275S\201\21\234|\346\310\21=\33\31\223\317\316\372."..., 161195) = 7300
2180982 read(31, "\270s\26d7\33\344\\p\5\4\354f\321\0\376;\16\3\335,\244\f\27\307\326\7\0\374\1\10\0"..., 131995) = 4380
2180982 read(31, "\fB\7\0\0\0\0\\*\277b\22)\4\vK\345)\267\302S[\16\251\274?d\343\0167\6\225"..., 127615) = 2920
2180982 read(31, "\202Y\216\343\240\16\3K0\235\260\357\ft\31\t&\356]O\251\3\30\301D\271\3302\306W\n\230"..., 121775) = 8760
2180982 read(31, "\230*\10:\243\35y\373:(\30g\264\206\235\320J\235\25\214V}\271\226Z\\\36\321\252\351+\224"..., 76515) = 5840
2180982 read(31, 0x7f45b0005fc0, 4096)  = -1 EAGAIN (Resource temporarily unavailable)
2180982 read(31, "\330\225\204\30D\267\314\10\273\222$8\246\212_\10W\22\247}B\325\25\fJb\211\306\324{\202\r"..., 259184) = 74158
2180982 read(31, "\16n\201\265\4\377\377\377\377\257`\320Q\21\2)\0\0\0\10\0\271\0\0\0\10\0\0\0\0\0\0"..., 4096) = 4096
2180982 read(31, "\234\341[\324\330\25\301\r-E\275)\250\33\270!\305!\241b\235\0227\244\\\223q\33\v\17\206\24"..., 258598) = 127698
2180982 read(31, 0x7f454c383f68, 114840) = -1 EAGAIN (Resource temporarily unavailable)
... (19239 completed out of 98910 total)

=== FD 32 ===
2180983 read(32, "\21\4)\0\0\0\10\0\271\0\0\0\10\0\0\0\0\0\10\0\20\0\0\0\0\20\0\0\203\10\0000"..., 4096) = 291
2180983 read(32, "\21\4)\0\0\0\10\0\271\0\0\0\10\0\0\0\0\0\10\0\20\0\0\0\0\20\0\0\203\10\0000"..., 4096) = 582
2180983 read(32, 0x7f4558001e00, 4096)  = -1 EAGAIN (Resource temporarily unavailable)
2180983 read(32, "^\234\226V\235\n\322\310@\260\243\\\242\26\32\31\237\21ts\300\5#\343\246\365\236\0054\30d\\"..., 247806) = 37960
2180983 read(32, "\235C\2522|\f\3560\271\204\206d-\3\35& 84j$\1\303\204\365s6q\225\22\2300"..., 177726) = 7300
2180983 read(32, "\n\35'\363~K\234\342E\25d^\334\17\224\226\253\31\314\213\311R\344j\247\3y1s\304\367\303"..., 170426) = 7300
2180983 read(32, 0x7f45440a72ca, 163126) = -1 EAGAIN (Resource temporarily unavailable)
2180983 read(32, "\311\"\234\211\313\r\4\262G\274\316_ \1@\366\206\376\325\255X\35\310\336\260Dw\26\200\30\331\33"..., 142686) = 39420
2180983 read(32, 0x7f45440b5c9e, 103266) = -1 EAGAIN (Resource temporarily unavailable)
2180983 read(32, "\233\373\n\222\254\30\217\356m\212\17\222\25\232{1\6x\6\262B\252$\371B4\30\0\356#\2\0"..., 135387) = 4380
2180983 read(32, "|9\24QYn\33\274,)\f*K\305V\340\27\36\34e\251Ce\231\2279\3,\365\365WQ"..., 94507) = 1460
2180983 read(32, "\271\31.\230\222\10\2&7+)F\373D\33\344f\222)\323\212O\26\334L\3001\221\\\234\4\0"..., 49247) = 5840
2180983 read(32, "hE\32v>%\306\v\255\25\r\316\247\211\331\216\322\326\32\0\360%\n\0\0\0\0\237\306l\206\f"..., 4096) = 4000
2180983 read(32, 0x7f4558001e00, 4096)  = -1 EAGAIN (Resource temporarily unavailable)
2180983 read(32, "\273i[)\f\205\24\\\345\252M\257\32\220\2iR\7w\343\16R \5i\254\305H\24\n\244\367"..., 45141) = 2920
2180983 read(32, "1Q\335\243D~\34=\246\262\342\353\331\6\17\307\3247)\344\351U\25\230z\303\232\240\250i\31S"..., 207095) = 1460
2180983 read(32, "\272\241\r\0\334\0043\0\0\0\0\217\340\20'\212\223\20\24\21\234\232\324\350\376\345\4\202\323\212\314\217"..., 205635) = 1460
2180983 read(32, 0x7f4544105b7d, 42115) = -1 EAGAIN (Resource temporarily unavailable)
2180983 read(32, "k&\34\223\25\300\345c6\361--\36\270|\3543\214\n\r\5\227\217!H[\207c\26\362\2618"..., 110645) = 11680
2180983 read(32, 0x7f45440b6d6b, 98965) = -1 EAGAIN (Resource temporarily unavailable)
... (26103 completed out of 115872 total)

=== FD 34 ===
2180984 read(34, "\21\4)\0\0\0\10\0\271\0\0\0\10\0\0\0\0\0\10\0\0\0\4\0\0\20\0\0@6\203\6"..., 4096) = 4096
2180984 read(34, "\223F\225LE\37\177u\324\322H\6\202\2\257\16\233\337^\327\344\37\325\341\233T\36+V\37:\374"..., 258310) = 10504
2180984 read(34, "\313\300\1?[\7\247\362{mz\207G\3T\376[T1\272|\1\312\177a+\30\355b\22\0\210"..., 95966) = 10220
2180984 read(34, "@\240\256\211\7\37\371\3#\304\25\241\17\23\177\340\2076\21\22f\3\17|\2216\376&\35\7\201\257"..., 78446) = 7300
2180984 read(34, "\302\16\241J\201K}x@\7T\251\37\4Oi\320\32*\365\331\v\32\213\376\n\1\0\0\0\0\0"..., 71146) = 5840
2180984 read(34, "+\3714O|\5w\363F\321P\r\0\20n^m\240\6\231\330\21\315\253\326$\352\3029\7yU"..., 43406) = 40880
2180984 read(34, "\16\376\227\243\266\377\377\377\377\\\222\210\243", 4096) = 13
2180984 read(34, "\371\35\355P\322-\17w.\23\35\312C\275\3707\31\6C\371\2312]\310Q\10(\277\261\251\276\237"..., 231746) = 7300
2180984 read(34, "\32\25\223\271M\375o\307.\02127\340\"G\332\262\10\346\6\303\310\330\311\320\21\334`\245\225\331\264"..., 176266) = 11680
2180984 read(34, "_\f\262$\3526M\310\343\33\226D\204\224\224\335\263\33\222\210Epp1F\7\22\261\277I\v\216"..., 164586) = 7300
2180984 read(34, "=\22\3720}\24\215Q\356\37\37\246\22\n\363?\215\33\303\3242\16\365\"\221\22\0J\226:\0\0"..., 112026) = 2920
2180984 read(34, 0x7f45481cfd1a, 17126) = -1 EAGAIN (Resource temporarily unavailable)
2180984 read(34, "\214\36|\3517\r\316\316\371\4/\375\350\314=3\234\f\245\237\5;\363\237}\24\3643\216\227{\26"..., 39026) = 1460
2180984 read(34, "\16\330G[\326\377\377\377\3775t\365\355", 4096) = 13
2180984 read(34, 0x7f4530002110, 4096)  = -1 EAGAIN (Resource temporarily unavailable)
2180984 read(34, "\21\4)\0\0\0\10\0\271\0\0\0\10\0\0\0\0\0\10\0\0\0\4\0\0\20\0\0@6\203\6"..., 4096) = 4096
2180984 read(34, 0x7f4548196132, 253646) = -1 EAGAIN (Resource temporarily unavailable)
2180984 read(34, "0\350\24\316\347\22Z\6\236\203\252\205\2\v\313\300FM\346\16\201\34\31XCi9\373\351\n\3\353"..., 253646) = 8760
2180984 read(34, 0x7f454819836a, 244886) = -1 EAGAIN (Resource temporarily unavailable)
2180984 read(34, "\17\302F\v\365\23\250s\236\ta@\f\4u\316_\347<\3\351\37\0B<&\0\0\0\09/"..., 244886) = 8760
... (2537 completed out of 18594 total)

=== Sample: interleaved reads across FDs (first 30 completed) ===
2180982 read(28, 0x7f45b0002110, 4096)  = -1 EAGAIN (Resource temporarily unavailable)
2180983 read(32, "\21\4)\0\0\0\10\0\271\0\0\0\10\0\0\0\0\0\10\0\20\0\0\0\0\20\0\0\203\10\0000"..., 4096) = 291
2180982 read(28, 0x7f45b0002110, 4096)  = -1 EAGAIN (Resource temporarily unavailable)
2180982 read(31, 0x7f45b0005fc0, 4096)  = -1 EAGAIN (Resource temporarily unavailable)
2180984 read(30, "\21\4)\0\0\0\10\0\271\0\0\0\10\0\0\0\0\0\10\0\20\0\0\0\0\20\0\0\203\10\0000"..., 4096) = 291
2180982 read(28, "\276|~\27\311\347G\26\0\16\334\3\0\0\0\0\362\231\306\324\336\333\326\32>\323\237\215\30q\211\26"..., 258312) = 9044
2180982 read(28, 0x7f454c36324c, 249268) = -1 EAGAIN (Resource temporarily unavailable)
2180982 read(28, "q\362\t\6k\312b\r\5ba\3M\331v<\217\245\226\31)[\350zv6F\22e\213\310\241"..., 249268) = 5840
2180982 read(28, "\330PK\1\200\37\256\230b\17\275\33\360\303UC\225UF\30~\270r\306\7)\316\27\17W\217\234"..., 243428) = 2920
2180982 read(28, "\241\325T\7\16\217B\360\277\350\f\10\341Q\201\266\366\244\203\n<\252\337-^\31\274\7G\365\235\360"..., 240508) = 2920
2180982 read(28, "\247b\344S\266p<\3T\f)\231$d\335\34\212!\373\f\360_\325\0021d\332p\200\245\250\0"..., 224448) = 8760
2180982 read(28, "\325\7\230#B\204\v\20\372\200\210@\274^s\5\37\20\224G\223K\246\1\3\2\343`\250%\204\17"..., 215688) = 5840
2180982 read(28, "\361\246vG\347\201\333\21\336Tv\225\201\314\236\t\233\312?\10\325\16\205\rSy\272\273\272\35\303\31"..., 209848) = 4380
2180982 read(28, "\215\234~\r$i\255\1\220:\363\1$\255\243K{f\362\t\244u\342\222\375\246\374\20\264N\212w"..., 205468) = 2920
2180982 read(28, "=`\246\21\234\2055\220e1\340\n\263\2608\357\21>\355\30\26\226\215\345%\2609\10\302\262\246\361"..., 202548) = 5840
2180982 read(28, "\200\321\6\23 \272'\30\203\327\21\33D\367\364\205\334\256\200\6\350\236\34\25\341\322=\v\335\223/\323"..., 196708) = 5840
2180982 read(28, "l\323J\32\3r\225\312\345\17\2\30@.Q\0\262\\b\24\310%\352\250mK\363\7\271D9\242"..., 161668) = 20440
2180982 read(28, "a\22a\354A\306%\0\0\0\0\0\0\0\0\0l\f\206\17\0\0\0\0\211.\210\352\21\235\212\22"..., 81368) = 17520
2180983 read(29, 0x7f454409a579, 215687) = -1 EAGAIN (Resource temporarily unavailable)
2180983 read(29, "\225\35\32O\ve54(\347\16i!\5\1T\312+\25-$l\357\307x\32\1\205\4\327\353b"..., 196707) = 7300
2180983 read(29, "(\177l\32\212\326\6\10\345n\271\3\233\33\r\317\0\0\0\0\0\0\0I\356\344$\0\0\0\0\0"..., 189407) = 7300
2180983 read(29, "\266\221\34\225\1\243Y\374\266F\0362\340i\n\16\252\35\22\6<4\321\f\260\32\n\08_\v\0"..., 182107) = 8760
2180983 read(29, "\232A\0020\320\270\6e\25!\24\6\32\2778P\237!\35@\343\24z\212\27\246\0h\234\242\335\346"..., 173347) = 4380
2180983 read(29, 0x7f45440a5bf9, 168967) = -1 EAGAIN (Resource temporarily unavailable)
2180983 read(29, "\254\221\v\21b\355M\255\334\227\7B,\265\370\236T\323\20\317\0\0\0\0\0\0\0I\356\344$\0"..., 149987) = 11680
2180983 read(29, "\0\0\0u>\277\236\255\7\313\r\316g\235\24\226\221\325\31\371\254\254\16\344\247\221\25\237\25Y+\246"..., 76987) = 16060
2180983 read(29, "\22a\n\0\0\0\0\35H\360\20\213\232@\4\3\211\17>\331\212\315\10 q@cS\22\2\26$"..., 60927) = 2920
2180983 read(29, "=\303\10\334=z\16\247\347z\342YC\276\34\364\334{\310-\327\273\31\0\34a\7\0\0\0\0s"..., 58007) = 5840
2180983 read(29, "\0\0\0I\356\344$\0\0\0\0\0\316\341\v\0\0\0\0\265\371\201RA\221\207\0256\277u-\347"..., 12747) = 1460
2180982 read(31, "\323\27^\227\237c\16u\226\21\353\362\304\0\322\234\275\v]\36\243\3067\263\273\30\313\343\245i\25\223"..., 220066) = 1460
