assets/
assets/input/
assets/input/forbidden-runtime-patterns.txt
assets/input/community-secret-patterns.txt
assets/input/taskbook.md
assets/input/async-catchup-main.patch
assets/input/anchors.expected
assets/input/writer_flush_c02_test.go
assets/input/runner-static-review.txt
assets/input/protected-paths.txt
assets/input/writer_flush_test.go
assets/input/launch-c03-r2.sh
assets/input/run-c03-r2.sh
assets/input/pre-run-adaptations.md
artifacts/
artifacts/community-candidate.patch
community-search/
community-search/query-5.headers.txt
community-search/query-1.started-at.txt
community-search/query-1.body.json
community-search/query-2.validation.txt
community-search/query-1.curl.rc
community-search/query-1.request.txt
community-search/query-2.body.json
community-search/local-history-grep.txt
community-search/query-3.curl.rc
community-search/query-5.request.txt
community-search/query-2.headers.txt
community-search/query-3.http-status.txt
community-search/query-2.http-status.txt
community-search/query-5.body.json
community-search/query-4.headers.txt
community-search/local-history-S.txt
community-search/query-4.curl.rc
community-search/query-0.http-status.txt
community-search/query-3.validation.txt
community-search/query-1.http-status.txt
community-search/query-0.started-at.txt
community-search/duplicate-review-status.txt
community-search/query-2.curl.rc
community-search/query-5.started-at.txt
community-search/query-0.curl.rc
community-search/query-0.validation.txt
community-search/query-1.validation.txt
community-search/query-3.started-at.txt
community-search/query-3.request.txt
community-search/query-4.validation.txt
community-search/query-0.body.json
community-search/query-4.started-at.txt
community-search/candidates.tsv
community-search/query-2.request.txt
community-search/query-3.body.json
community-search/query-4.body.json
community-search/query-2.started-at.txt
community-search/query-4.request.txt
community-search/query-5.http-status.txt
community-search/query-0.request.txt
community-search/query-0.headers.txt
community-search/query-4.http-status.txt
community-search/query-5.validation.txt
community-search/query-1.headers.txt
community-search/query-5.curl.rc
community-search/query-3.headers.txt
diffs/
diffs/R-replay-full.diff
diffs/S-oracle-full.diff
diffs/Q-semantic-full.diff
diffs/S-oracle-diffcheck.log
diffs/Q-semantic-diffcheck.log
diffs/R-replay-diffcheck.log
diffs/B-candidate-full.diff
diffs/B-candidate-diffcheck.log
drafts/
drafts/pr.md
drafts/commit-message.md
drafts/issue.md
logs/
logs/go126-Q-semantic-TransientEIORecoversOnFreeze-single.log
logs/go125-S-oracle-U3-repeat-08.log
logs/go125-B-candidate-full-vfs.log
logs/go125-Q-semantic-FlushToFailureIsObservable-single.log
logs/go126-S-oracle-U1-repeat-04.log
logs/go126-make-juicefs.log
logs/go126-baseline-memory.log
logs/forbidden-raw.log
logs/go126-Q-semantic-PermanentENOSPCAbortsFrozenSlice-single.log
logs/go126-S-oracle-U1-repeat-10.log
logs/go126-S-oracle-U3-repeat-06.log
logs/community-artifact-secret-scan.log
logs/lint-status-diff.log
logs/go125-juicefs-version.log
logs/clone-Q-semantic.log
logs/go126-Q-semantic-FrozenSliceSkipsCatchupFlush-single.log
logs/go125-baseline-compile.log
logs/go125-S-oracle-U1-repeat-10.log
logs/R-replay-apply.log
logs/go125-S-oracle-U2-single.log
logs/redis-logs-go125.log
logs/static-test-name-conflict.log
logs/fetch.log
logs/go126-S-oracle-U1-repeat-06.log
logs/anchor-cmp.log
logs/go125-S-oracle-U3-repeat-06.log
logs/go125-S-oracle-U3-repeat-05.log
logs/redis-gone-go125.log
logs/go125-Q-semantic-PartialThenFullAfterIDDispatchesOnce-single.log
logs/go125-Q-semantic-race20.log
logs/go125-B-candidate-U3-single.log
logs/go126-S-oracle-U1-single.log
logs/R-replay-path-guard.log
logs/go126-Q-semantic-count100.log
logs/redis-stop-go126.log
logs/go125-S-oracle-U1-single.log
logs/go126-S-oracle-U3-repeat-08.log
logs/go125-S-oracle-U1-repeat-09.log
logs/lint-install.log
logs/go126-S-oracle-U3-repeat-05.log
logs/go125-Q-semantic-MultiBlockDispatchUsesLatestLength-single.log
logs/go126-R-replay-U1-single.log
logs/clone-upstream.log
logs/go126-Q-semantic-DelayedNewSliceDoesNotBlockWriteAt-single.log
logs/redis-pull.log
logs/go125-mod-download.log
logs/go125-Q-semantic-count100.log
logs/go126-juicefs-version.log
logs/go125-S-oracle-U3-repeat-03.log
logs/go125-R-replay-U2-single.log
logs/static-vfs-testmain.log
logs/Q-semantic-path-guard.log
logs/go125-S-oracle-U3-repeat-01.log
logs/go126-S-oracle-U3-repeat-02.log
logs/B-apply.log
logs/redis-stop-go125.log
logs/go125-S-oracle-U1-repeat-06.log
logs/go126-Q-semantic-race20.log
logs/go125-B-candidate-U1-single.log
logs/redis-logs-go126.log
logs/go125-Q-semantic-ConcurrentIndependentFullBlocks-single.log
logs/go126-Q-semantic-PartialThenFullAfterIDDispatchesOnce-single.log
logs/go125-vet.log
logs/go126-S-oracle-U1-repeat-02.log
logs/go126-B-candidate-U2-single.log
logs/go126-B-candidate-full-vfs.log
logs/go125-baseline-memory.log
logs/go126-S-oracle-U1-repeat-08.log
logs/go126-baseline-compile.log
logs/go125-B-candidate-count100.log
logs/B-candidate-path-guard.log
logs/go125-juicefs-lite-version.log
logs/redis-inspect-go125.json
logs/go125-S-oracle-U1-repeat-02.log
logs/Q-apply-check.log
logs/go126-Q-semantic-ConcurrentIndependentFullBlocks-single.log
logs/go126-S-oracle-U3-single.log
logs/go125-S-oracle-U3-repeat-04.log
logs/go125-B-candidate-race20.log
logs/go126-S-oracle-U2-single.log
logs/B-apply-check.log
logs/go125-Q-semantic-DelayedNewSliceDoesNotBlockWriteAt-single.log
logs/R-replay-apply-check.log
logs/go126-Q-semantic-MultiBlockDispatchUsesLatestLength-single.log
logs/go125-Q-semantic-NonEIONewSliceDoesNotRetryBeforeFlush-single.log
logs/go126-S-oracle-U1-repeat-07.log
logs/Q-apply.log
logs/go126-Q-semantic-NonEIONewSliceDoesNotRetryBeforeFlush-single.log
logs/go125-Q-semantic-PermanentENOSPCAbortsFrozenSlice-single.log
logs/go126-B-candidate-race20.log
logs/gofmt-check.log
logs/go126-B-candidate-U1-single.log
logs/go126-S-oracle-U3-repeat-04.log
logs/clone-S-oracle.log
logs/go125-S-oracle-U1-repeat-03.log
logs/go125-S-oracle-U3-single.log
logs/go125-S-oracle-U3-repeat-09.log
logs/go126-vet.log
logs/go125-Q-semantic-FullBlockDispatchAfterDelayedID-single.log
logs/go125-make-juicefs-lite.log
logs/go125-R-replay-U3-single.log
logs/go126-S-oracle-U1-repeat-01.log
logs/go126-mod-tidy.log
logs/go126-S-oracle-U3-repeat-09.log
logs/go125-S-oracle-U3-repeat-07.log
logs/go125-S-oracle-U1-repeat-04.log
logs/redis-gone-go126.log
logs/go125-Q-semantic-TransientEIORecoversOnFreeze-single.log
logs/go126-S-oracle-U1-repeat-09.log
logs/go125-B-candidate-U2-single.log
logs/go125-make-juicefs.log
logs/go126-R-replay-U2-single.log
logs/go126-S-oracle-U1-repeat-03.log
logs/go125-R-replay-count20.log
logs/go126-Q-semantic-FlushToFailureIsObservable-single.log
logs/shell-xtrace.log
logs/go126-B-candidate-count100.log
logs/go126-R-replay-count20.log
logs/go126-R-replay-U3-single.log
logs/go126-S-oracle-U3-repeat-03.log
logs/go125-S-oracle-U1-repeat-08.log
logs/go126-S-oracle-U3-repeat-01.log
logs/lint-version-query.log
logs/protected-cmp.log
logs/go125-S-oracle-U1-repeat-01.log
logs/redis-inspect-go126.json
logs/go126-S-oracle-U3-repeat-10.log
logs/lint-run.log
logs/redis-ping-go126.log
logs/go126-Q-semantic-FullBlockDispatchAfterDelayedID-single.log
logs/go125-S-oracle-U1-repeat-07.log
logs/go125-Q-semantic-FrozenSliceSkipsCatchupFlush-single.log
logs/go125-R-replay-U1-single.log
logs/git-diff-check.log
logs/redis-ping-go125.log
logs/go126-juicefs-lite-version.log
logs/go126-S-oracle-U3-repeat-07.log
logs/go125-S-oracle-U3-repeat-10.log
logs/go126-S-oracle-U1-repeat-05.log
logs/go125-S-oracle-U3-repeat-02.log
logs/R-replay-diff-cmp.log
logs/go126-mod-download.log
logs/S-oracle-path-guard.log
logs/go126-make-juicefs-lite.log
logs/go125-S-oracle-U1-repeat-05.log
logs/go126-B-candidate-U3-single.log
logs/forbidden-real.log
logs/sha256-check.log
logs/lint-version.log
logs/clone-B-candidate.log
logs/go125-mod-tidy.log
logs/clone-R-replay.log
meta/
meta/upstream-policy-hashes.txt
meta/S-oracle-expected-paths.txt
meta/B-candidate-diff-stat.txt
meta/R-replay-diff-stat.txt
meta/upstream-ci-matrix.tsv
meta/candidate-gates.initial.tsv
meta/R-replay-changed-paths.txt
meta/go125-juicefs.sha256
meta/go126-juicefs-lite.sha256
meta/input-check-end.log
meta/S-oracle-diff-stat.txt
meta/B-candidate-status-after.txt
meta/protected-before.tsv
meta/S-oracle-status-before.txt
meta/docker-version.txt
meta/go126-version.txt
meta/upstream-ancestry.tsv
meta/upstream-go-directive.txt
meta/Q-semantic-status-before.txt
meta/lint-after-status.txt
meta/Q-semantic-changed-paths.txt
meta/golangci-yml.sha256
meta/protected-before.sha256
meta/upstream-commit.txt
meta/go126-env.txt
meta/go126-juicefs.sha256
meta/upstream-policy/
meta/upstream-policy/Makefile
meta/upstream-policy/go.mod
meta/upstream-policy/CONTRIBUTING.md
meta/upstream-policy/verify.yml
meta/upstream-policy/.golangci.yml
meta/replay-results.tsv
meta/B-candidate-status-before.txt
meta/input-check-start.log
meta/source-status-before.txt
meta/ls-remote-before.txt
meta/gomod-hash-after-go126.txt
meta/gomod-hash-before-go125.txt
meta/R-replay-status-before.txt
meta/source-head-after.txt
meta/R-replay-status-after.txt
meta/B-candidate-expected-paths.txt
meta/S-oracle-status-after.txt
meta/lint-binary.sha256
meta/redis-lifecycle.tsv
meta/go125-env.txt
meta/upstream-commit-show.txt
meta/lint-before-status.txt
meta/runtime-adaptations.tsv
meta/anchors.actual
meta/Q-semantic-expected-paths.txt
meta/source-status-after.txt
meta/Q-semantic-diff-stat.txt
meta/upstream-distance.txt
meta/source-remote-before.txt
meta/input-manifest-start.sha256
meta/arm-heads-before.tsv
meta/R-replay-expected-paths.txt
meta/redis-image.txt
meta/B-candidate-changed-paths.txt
meta/prearchive-status.txt
meta/lint-version-selection.txt
meta/community-results.tsv
meta/semantic-results.tsv
meta/gomod-hash-before-go126.txt
meta/community-patch.sha256
meta/S-oracle-changed-paths.txt
meta/gomod-hash-after-go125.txt
meta/ls-remote-after.txt
meta/upstream-writer-blob.txt
meta/stock-results.tsv
meta/go125-version.txt
meta/protected-after.sha256
meta/go125-juicefs-lite.sha256
meta/Q-semantic-status-after.txt
meta/source-remote-after.txt
meta/source-head-before.txt
meta/arm-heads-after.tsv
meta/final-compliance-review.md
meta/executed-chain.tsv
meta/protected-after.tsv
meta/retained-large-files.tsv
rc/
rc/go126-S-oracle-U1-repeat-09.rc
rc/go125-S-oracle-U1-repeat-01.rc
rc/go125-S-oracle-U1-repeat-02.rc
rc/B-candidate-diffcheck.rc
rc/git-diff-check.rc
rc/go126-S-oracle-U1-repeat-01.rc
rc/go125-B-candidate-full-vfs.rc
rc/go125-S-oracle-U1-repeat-04.rc
rc/go125-S-oracle-U3-repeat-03.rc
rc/R-replay-apply-check.rc
rc/go125-S-oracle-U1-repeat-10.rc
rc/go125-Q-semantic-TransientEIORecoversOnFreeze-single.rc
rc/go125-make-juicefs-lite.rc
rc/go126-baseline-compile.rc
rc/go126-B-candidate-U2-single.rc
rc/go125-S-oracle-U3-repeat-01.rc
rc/go125-R-replay-U3-single.rc
rc/go125-Q-semantic-FullBlockDispatchAfterDelayedID-single.rc
rc/go125-B-candidate-race20.rc
rc/go126-S-oracle-U1-repeat-03.rc
rc/go126-S-oracle-U1-repeat-05.rc
rc/go125-S-oracle-U1-repeat-03.rc
rc/S-oracle-path-guard.rc
rc/go125-B-candidate-U1-single.rc
rc/go125-S-oracle-U1-repeat-06.rc
rc/input-check-start.rc
rc/go125-Q-semantic-FlushToFailureIsObservable-single.rc
rc/S-oracle-diffcheck.rc
rc/lint-version.rc
rc/gofmt-check.rc
rc/go126-B-candidate-full-vfs.rc
rc/go125-S-oracle-U3-repeat-07.rc
rc/input-check-end.rc
rc/go125-R-replay-count20.rc
rc/go125-S-oracle-U3-repeat-04.rc
rc/R-replay-diff-cmp.rc
rc/go126-Q-semantic-ConcurrentIndependentFullBlocks-single.rc
rc/go126-R-replay-U2-single.rc
rc/go125-B-candidate-U3-single.rc
rc/go126-vet.rc
rc/go125-Q-semantic-PartialThenFullAfterIDDispatchesOnce-single.rc
rc/go126-S-oracle-U3-single.rc
rc/go125-Q-semantic-PermanentENOSPCAbortsFrozenSlice-single.rc
rc/R-replay-path-guard.rc
rc/go126-S-oracle-U3-repeat-02.rc
rc/go126-S-oracle-U3-repeat-08.rc
rc/go126-S-oracle-U3-repeat-07.rc
rc/go126-Q-semantic-FullBlockDispatchAfterDelayedID-single.rc
rc/go126-S-oracle-U1-repeat-07.rc
rc/lint-version-query.rc
rc/go125-S-oracle-U3-repeat-08.rc
rc/go125-Q-semantic-count100.rc
rc/R-replay-apply.rc
rc/go126-S-oracle-U2-single.rc
rc/go126-Q-semantic-FlushToFailureIsObservable-single.rc
rc/go126-Q-semantic-TransientEIORecoversOnFreeze-single.rc
rc/go125-S-oracle-U3-repeat-09.rc
rc/go126-S-oracle-U1-single.rc
rc/go125-S-oracle-U2-single.rc
rc/go126-make-juicefs-lite.rc
rc/go126-S-oracle-U1-repeat-06.rc
rc/go126-S-oracle-U1-repeat-10.rc
rc/go125-Q-semantic-ConcurrentIndependentFullBlocks-single.rc
rc/go125-S-oracle-U1-single.rc
rc/go126-S-oracle-U3-repeat-10.rc
rc/go126-mod-tidy.rc
rc/go125-make-juicefs.rc
rc/go125-baseline-memory.rc
rc/go126-S-oracle-U1-repeat-04.rc
rc/go125-Q-semantic-DelayedNewSliceDoesNotBlockWriteAt-single.rc
rc/go125-vet.rc
rc/go125-B-candidate-count100.rc
rc/go126-Q-semantic-MultiBlockDispatchUsesLatestLength-single.rc
rc/go126-Q-semantic-FrozenSliceSkipsCatchupFlush-single.rc
rc/go125-Q-semantic-FrozenSliceSkipsCatchupFlush-single.rc
rc/go125-S-oracle-U1-repeat-05.rc
rc/go125-S-oracle-U3-repeat-10.rc
rc/go126-make-juicefs.rc
rc/Q-semantic-path-guard.rc
rc/go126-R-replay-count20.rc
rc/go125-mod-download.rc
rc/Q-semantic-diffcheck.rc
rc/go126-Q-semantic-PermanentENOSPCAbortsFrozenSlice-single.rc
rc/go126-Q-semantic-race20.rc
rc/lint-install.rc
rc/go126-Q-semantic-DelayedNewSliceDoesNotBlockWriteAt-single.rc
rc/lint-run.rc
rc/go125-S-oracle-U1-repeat-07.rc
rc/go125-baseline-compile.rc
rc/go125-Q-semantic-MultiBlockDispatchUsesLatestLength-single.rc
rc/go125-B-candidate-U2-single.rc
rc/go125-S-oracle-U3-single.rc
rc/anchor-cmp.rc
rc/go126-S-oracle-U3-repeat-03.rc
rc/go126-baseline-memory.rc
rc/go125-S-oracle-U3-repeat-06.rc
rc/go125-Q-semantic-NonEIONewSliceDoesNotRetryBeforeFlush-single.rc
rc/go126-S-oracle-U3-repeat-01.rc
rc/go126-Q-semantic-NonEIONewSliceDoesNotRetryBeforeFlush-single.rc
rc/go125-S-oracle-U1-repeat-08.rc
rc/go126-S-oracle-U3-repeat-09.rc
rc/go126-B-candidate-race20.rc
rc/go125-R-replay-U2-single.rc
rc/go126-mod-download.rc
rc/go126-B-candidate-U3-single.rc
rc/go125-R-replay-U1-single.rc
rc/go125-S-oracle-U3-repeat-05.rc
rc/go125-Q-semantic-race20.rc
rc/go126-B-candidate-count100.rc
rc/go126-R-replay-U3-single.rc
rc/go126-S-oracle-U3-repeat-05.rc
rc/go125-mod-tidy.rc
rc/go125-S-oracle-U1-repeat-09.rc
rc/sha256-check.rc
rc/go126-Q-semantic-count100.rc
rc/go126-S-oracle-U3-repeat-06.rc
rc/go126-Q-semantic-PartialThenFullAfterIDDispatchesOnce-single.rc
rc/go126-S-oracle-U1-repeat-08.rc
rc/go126-B-candidate-U1-single.rc
rc/B-candidate-path-guard.rc
rc/go125-S-oracle-U3-repeat-02.rc
rc/go126-S-oracle-U3-repeat-04.rc
rc/go126-S-oracle-U1-repeat-02.rc
rc/go126-R-replay-U1-single.rc
rc/R-replay-diffcheck.rc
services/
commands.sh
summary.tsv
candidate-gates.tsv
deferred-checks.tsv
SHA256SUMS
