# github.com/mattn/go-sqlite3
sqlite3-binding.c: In function ‘sqlite3ShadowTableName’:
sqlite3-binding.c:123934:9: warning: assignment discards ‘const’ qualifier from pointer target type [-Wdiscarded-qualifiers]
123934 |   zTail = strrchr(zName, '_');
       |         ^
=== RUN   TestFullBlockDispatchedWhenSliceIDBecomesReady
--- PASS: TestFullBlockDispatchedWhenSliceIDBecomesReady (0.10s)
=== RUN   TestPartialBlockNotDispatchedWhenSliceIDBecomesReady
--- PASS: TestPartialBlockNotDispatchedWhenSliceIDBecomesReady (0.25s)
=== RUN   TestFlushErrorRecordedWhenSliceIDBecomesReady
2026/08/17 18:54:53.008322 juicefs[2913750] <WARNING>: flush inode: 2 chunk: 1 after preparing slice ID: injected flush error [prepareID@writer.go:99]
--- PASS: TestFlushErrorRecordedWhenSliceIDBecomesReady (0.00s)
=== RUN   TestFullBlockDispatchedWhenSliceIDBecomesReady
--- PASS: TestFullBlockDispatchedWhenSliceIDBecomesReady (0.10s)
=== RUN   TestPartialBlockNotDispatchedWhenSliceIDBecomesReady
--- PASS: TestPartialBlockNotDispatchedWhenSliceIDBecomesReady (0.25s)
=== RUN   TestFlushErrorRecordedWhenSliceIDBecomesReady
2026/08/17 18:54:53.360435 juicefs[2913750] <WARNING>: flush inode: 2 chunk: 1 after preparing slice ID: injected flush error [prepareID@writer.go:99]
--- PASS: TestFlushErrorRecordedWhenSliceIDBecomesReady (0.00s)
=== RUN   TestFullBlockDispatchedWhenSliceIDBecomesReady
--- PASS: TestFullBlockDispatchedWhenSliceIDBecomesReady (0.10s)
=== RUN   TestPartialBlockNotDispatchedWhenSliceIDBecomesReady
--- PASS: TestPartialBlockNotDispatchedWhenSliceIDBecomesReady (0.25s)
=== RUN   TestFlushErrorRecordedWhenSliceIDBecomesReady
2026/08/17 18:54:53.712761 juicefs[2913750] <WARNING>: flush inode: 2 chunk: 1 after preparing slice ID: injected flush error [prepareID@writer.go:99]
--- PASS: TestFlushErrorRecordedWhenSliceIDBecomesReady (0.00s)
=== RUN   TestFullBlockDispatchedWhenSliceIDBecomesReady
--- PASS: TestFullBlockDispatchedWhenSliceIDBecomesReady (0.10s)
=== RUN   TestPartialBlockNotDispatchedWhenSliceIDBecomesReady
--- PASS: TestPartialBlockNotDispatchedWhenSliceIDBecomesReady (0.25s)
=== RUN   TestFlushErrorRecordedWhenSliceIDBecomesReady
2026/08/17 18:54:54.065169 juicefs[2913750] <WARNING>: flush inode: 2 chunk: 1 after preparing slice ID: injected flush error [prepareID@writer.go:99]
--- PASS: TestFlushErrorRecordedWhenSliceIDBecomesReady (0.00s)
=== RUN   TestFullBlockDispatchedWhenSliceIDBecomesReady
--- PASS: TestFullBlockDispatchedWhenSliceIDBecomesReady (0.10s)
=== RUN   TestPartialBlockNotDispatchedWhenSliceIDBecomesReady
--- PASS: TestPartialBlockNotDispatchedWhenSliceIDBecomesReady (0.25s)
=== RUN   TestFlushErrorRecordedWhenSliceIDBecomesReady
2026/08/17 18:54:54.417279 juicefs[2913750] <WARNING>: flush inode: 2 chunk: 1 after preparing slice ID: injected flush error [prepareID@writer.go:99]
--- PASS: TestFlushErrorRecordedWhenSliceIDBecomesReady (0.00s)
=== RUN   TestFullBlockDispatchedWhenSliceIDBecomesReady
--- PASS: TestFullBlockDispatchedWhenSliceIDBecomesReady (0.10s)
=== RUN   TestPartialBlockNotDispatchedWhenSliceIDBecomesReady
--- PASS: TestPartialBlockNotDispatchedWhenSliceIDBecomesReady (0.25s)
=== RUN   TestFlushErrorRecordedWhenSliceIDBecomesReady
2026/08/17 18:54:54.769308 juicefs[2913750] <WARNING>: flush inode: 2 chunk: 1 after preparing slice ID: injected flush error [prepareID@writer.go:99]
--- PASS: TestFlushErrorRecordedWhenSliceIDBecomesReady (0.00s)
=== RUN   TestFullBlockDispatchedWhenSliceIDBecomesReady
--- PASS: TestFullBlockDispatchedWhenSliceIDBecomesReady (0.10s)
=== RUN   TestPartialBlockNotDispatchedWhenSliceIDBecomesReady
--- PASS: TestPartialBlockNotDispatchedWhenSliceIDBecomesReady (0.25s)
=== RUN   TestFlushErrorRecordedWhenSliceIDBecomesReady
2026/08/17 18:54:55.121830 juicefs[2913750] <WARNING>: flush inode: 2 chunk: 1 after preparing slice ID: injected flush error [prepareID@writer.go:99]
--- PASS: TestFlushErrorRecordedWhenSliceIDBecomesReady (0.00s)
=== RUN   TestFullBlockDispatchedWhenSliceIDBecomesReady
--- PASS: TestFullBlockDispatchedWhenSliceIDBecomesReady (0.10s)
=== RUN   TestPartialBlockNotDispatchedWhenSliceIDBecomesReady
--- PASS: TestPartialBlockNotDispatchedWhenSliceIDBecomesReady (0.25s)
=== RUN   TestFlushErrorRecordedWhenSliceIDBecomesReady
2026/08/17 18:54:55.475094 juicefs[2913750] <WARNING>: flush inode: 2 chunk: 1 after preparing slice ID: injected flush error [prepareID@writer.go:99]
--- PASS: TestFlushErrorRecordedWhenSliceIDBecomesReady (0.00s)
=== RUN   TestFullBlockDispatchedWhenSliceIDBecomesReady
--- PASS: TestFullBlockDispatchedWhenSliceIDBecomesReady (0.10s)
=== RUN   TestPartialBlockNotDispatchedWhenSliceIDBecomesReady
--- PASS: TestPartialBlockNotDispatchedWhenSliceIDBecomesReady (0.25s)
=== RUN   TestFlushErrorRecordedWhenSliceIDBecomesReady
2026/08/17 18:54:55.827861 juicefs[2913750] <WARNING>: flush inode: 2 chunk: 1 after preparing slice ID: injected flush error [prepareID@writer.go:99]
--- PASS: TestFlushErrorRecordedWhenSliceIDBecomesReady (0.00s)
=== RUN   TestFullBlockDispatchedWhenSliceIDBecomesReady
--- PASS: TestFullBlockDispatchedWhenSliceIDBecomesReady (0.10s)
=== RUN   TestPartialBlockNotDispatchedWhenSliceIDBecomesReady
--- PASS: TestPartialBlockNotDispatchedWhenSliceIDBecomesReady (0.25s)
=== RUN   TestFlushErrorRecordedWhenSliceIDBecomesReady
2026/08/17 18:54:56.180374 juicefs[2913750] <WARNING>: flush inode: 2 chunk: 1 after preparing slice ID: injected flush error [prepareID@writer.go:99]
--- PASS: TestFlushErrorRecordedWhenSliceIDBecomesReady (0.00s)
=== RUN   TestFullBlockDispatchedWhenSliceIDBecomesReady
--- PASS: TestFullBlockDispatchedWhenSliceIDBecomesReady (0.10s)
=== RUN   TestPartialBlockNotDispatchedWhenSliceIDBecomesReady
--- PASS: TestPartialBlockNotDispatchedWhenSliceIDBecomesReady (0.25s)
=== RUN   TestFlushErrorRecordedWhenSliceIDBecomesReady
2026/08/17 18:54:56.533206 juicefs[2913750] <WARNING>: flush inode: 2 chunk: 1 after preparing slice ID: injected flush error [prepareID@writer.go:99]
--- PASS: TestFlushErrorRecordedWhenSliceIDBecomesReady (0.00s)
=== RUN   TestFullBlockDispatchedWhenSliceIDBecomesReady
--- PASS: TestFullBlockDispatchedWhenSliceIDBecomesReady (0.10s)
=== RUN   TestPartialBlockNotDispatchedWhenSliceIDBecomesReady
--- PASS: TestPartialBlockNotDispatchedWhenSliceIDBecomesReady (0.25s)
=== RUN   TestFlushErrorRecordedWhenSliceIDBecomesReady
2026/08/17 18:54:56.886046 juicefs[2913750] <WARNING>: flush inode: 2 chunk: 1 after preparing slice ID: injected flush error [prepareID@writer.go:99]
--- PASS: TestFlushErrorRecordedWhenSliceIDBecomesReady (0.00s)
=== RUN   TestFullBlockDispatchedWhenSliceIDBecomesReady
--- PASS: TestFullBlockDispatchedWhenSliceIDBecomesReady (0.10s)
=== RUN   TestPartialBlockNotDispatchedWhenSliceIDBecomesReady
--- PASS: TestPartialBlockNotDispatchedWhenSliceIDBecomesReady (0.25s)
=== RUN   TestFlushErrorRecordedWhenSliceIDBecomesReady
2026/08/17 18:54:57.238605 juicefs[2913750] <WARNING>: flush inode: 2 chunk: 1 after preparing slice ID: injected flush error [prepareID@writer.go:99]
--- PASS: TestFlushErrorRecordedWhenSliceIDBecomesReady (0.00s)
=== RUN   TestFullBlockDispatchedWhenSliceIDBecomesReady
--- PASS: TestFullBlockDispatchedWhenSliceIDBecomesReady (0.10s)
=== RUN   TestPartialBlockNotDispatchedWhenSliceIDBecomesReady
--- PASS: TestPartialBlockNotDispatchedWhenSliceIDBecomesReady (0.25s)
=== RUN   TestFlushErrorRecordedWhenSliceIDBecomesReady
2026/08/17 18:54:57.590937 juicefs[2913750] <WARNING>: flush inode: 2 chunk: 1 after preparing slice ID: injected flush error [prepareID@writer.go:99]
--- PASS: TestFlushErrorRecordedWhenSliceIDBecomesReady (0.00s)
=== RUN   TestFullBlockDispatchedWhenSliceIDBecomesReady
--- PASS: TestFullBlockDispatchedWhenSliceIDBecomesReady (0.10s)
=== RUN   TestPartialBlockNotDispatchedWhenSliceIDBecomesReady
--- PASS: TestPartialBlockNotDispatchedWhenSliceIDBecomesReady (0.25s)
=== RUN   TestFlushErrorRecordedWhenSliceIDBecomesReady
2026/08/17 18:54:57.943026 juicefs[2913750] <WARNING>: flush inode: 2 chunk: 1 after preparing slice ID: injected flush error [prepareID@writer.go:99]
--- PASS: TestFlushErrorRecordedWhenSliceIDBecomesReady (0.00s)
=== RUN   TestFullBlockDispatchedWhenSliceIDBecomesReady
--- PASS: TestFullBlockDispatchedWhenSliceIDBecomesReady (0.10s)
=== RUN   TestPartialBlockNotDispatchedWhenSliceIDBecomesReady
--- PASS: TestPartialBlockNotDispatchedWhenSliceIDBecomesReady (0.25s)
=== RUN   TestFlushErrorRecordedWhenSliceIDBecomesReady
2026/08/17 18:54:58.294909 juicefs[2913750] <WARNING>: flush inode: 2 chunk: 1 after preparing slice ID: injected flush error [prepareID@writer.go:99]
--- PASS: TestFlushErrorRecordedWhenSliceIDBecomesReady (0.00s)
=== RUN   TestFullBlockDispatchedWhenSliceIDBecomesReady
--- PASS: TestFullBlockDispatchedWhenSliceIDBecomesReady (0.10s)
=== RUN   TestPartialBlockNotDispatchedWhenSliceIDBecomesReady
--- PASS: TestPartialBlockNotDispatchedWhenSliceIDBecomesReady (0.25s)
=== RUN   TestFlushErrorRecordedWhenSliceIDBecomesReady
2026/08/17 18:54:58.647424 juicefs[2913750] <WARNING>: flush inode: 2 chunk: 1 after preparing slice ID: injected flush error [prepareID@writer.go:99]
--- PASS: TestFlushErrorRecordedWhenSliceIDBecomesReady (0.00s)
=== RUN   TestFullBlockDispatchedWhenSliceIDBecomesReady
--- PASS: TestFullBlockDispatchedWhenSliceIDBecomesReady (0.10s)
=== RUN   TestPartialBlockNotDispatchedWhenSliceIDBecomesReady
--- PASS: TestPartialBlockNotDispatchedWhenSliceIDBecomesReady (0.25s)
=== RUN   TestFlushErrorRecordedWhenSliceIDBecomesReady
2026/08/17 18:54:58.999205 juicefs[2913750] <WARNING>: flush inode: 2 chunk: 1 after preparing slice ID: injected flush error [prepareID@writer.go:99]
--- PASS: TestFlushErrorRecordedWhenSliceIDBecomesReady (0.00s)
=== RUN   TestFullBlockDispatchedWhenSliceIDBecomesReady
--- PASS: TestFullBlockDispatchedWhenSliceIDBecomesReady (0.10s)
=== RUN   TestPartialBlockNotDispatchedWhenSliceIDBecomesReady
--- PASS: TestPartialBlockNotDispatchedWhenSliceIDBecomesReady (0.25s)
=== RUN   TestFlushErrorRecordedWhenSliceIDBecomesReady
2026/08/17 18:54:59.351292 juicefs[2913750] <WARNING>: flush inode: 2 chunk: 1 after preparing slice ID: injected flush error [prepareID@writer.go:99]
--- PASS: TestFlushErrorRecordedWhenSliceIDBecomesReady (0.00s)
=== RUN   TestFullBlockDispatchedWhenSliceIDBecomesReady
--- PASS: TestFullBlockDispatchedWhenSliceIDBecomesReady (0.10s)
=== RUN   TestPartialBlockNotDispatchedWhenSliceIDBecomesReady
--- PASS: TestPartialBlockNotDispatchedWhenSliceIDBecomesReady (0.25s)
=== RUN   TestFlushErrorRecordedWhenSliceIDBecomesReady
2026/08/17 18:54:59.703359 juicefs[2913750] <WARNING>: flush inode: 2 chunk: 1 after preparing slice ID: injected flush error [prepareID@writer.go:99]
--- PASS: TestFlushErrorRecordedWhenSliceIDBecomesReady (0.00s)
PASS
ok  	github.com/juicedata/juicefs/pkg/vfs	8.163s
