# github.com/mattn/go-sqlite3
sqlite3-binding.c: In function ‘sqlite3ShadowTableName’:
sqlite3-binding.c:123934:9: warning: assignment discards ‘const’ qualifier from pointer target type [-Wdiscarded-qualifiers]
123934 |   zTail = strrchr(zName, '_');
       |         ^
=== RUN   TestFullBlockDispatchedWhenSliceIDBecomesReady
--- PASS: TestFullBlockDispatchedWhenSliceIDBecomesReady (0.10s)
=== RUN   TestPartialBlockNotDispatchedWhenSliceIDBecomesReady
--- PASS: TestPartialBlockNotDispatchedWhenSliceIDBecomesReady (0.25s)
=== RUN   TestFlushErrorRecordedWhenSliceIDBecomesReady
2026/08/17 18:52:17.998216 juicefs[2892295] <WARNING>: flush inode: 2 chunk: 1 after preparing slice ID: injected flush error [prepareID@writer.go:99]
--- PASS: TestFlushErrorRecordedWhenSliceIDBecomesReady (0.00s)
=== RUN   TestFullBlockDispatchedWhenSliceIDBecomesReady
--- PASS: TestFullBlockDispatchedWhenSliceIDBecomesReady (0.10s)
=== RUN   TestPartialBlockNotDispatchedWhenSliceIDBecomesReady
--- PASS: TestPartialBlockNotDispatchedWhenSliceIDBecomesReady (0.25s)
=== RUN   TestFlushErrorRecordedWhenSliceIDBecomesReady
2026/08/17 18:52:18.349469 juicefs[2892295] <WARNING>: flush inode: 2 chunk: 1 after preparing slice ID: injected flush error [prepareID@writer.go:99]
--- PASS: TestFlushErrorRecordedWhenSliceIDBecomesReady (0.00s)
=== RUN   TestFullBlockDispatchedWhenSliceIDBecomesReady
--- PASS: TestFullBlockDispatchedWhenSliceIDBecomesReady (0.10s)
=== RUN   TestPartialBlockNotDispatchedWhenSliceIDBecomesReady
--- PASS: TestPartialBlockNotDispatchedWhenSliceIDBecomesReady (0.25s)
=== RUN   TestFlushErrorRecordedWhenSliceIDBecomesReady
2026/08/17 18:52:18.701401 juicefs[2892295] <WARNING>: flush inode: 2 chunk: 1 after preparing slice ID: injected flush error [prepareID@writer.go:99]
--- PASS: TestFlushErrorRecordedWhenSliceIDBecomesReady (0.00s)
=== RUN   TestFullBlockDispatchedWhenSliceIDBecomesReady
--- PASS: TestFullBlockDispatchedWhenSliceIDBecomesReady (0.10s)
=== RUN   TestPartialBlockNotDispatchedWhenSliceIDBecomesReady
--- PASS: TestPartialBlockNotDispatchedWhenSliceIDBecomesReady (0.25s)
=== RUN   TestFlushErrorRecordedWhenSliceIDBecomesReady
2026/08/17 18:52:19.052856 juicefs[2892295] <WARNING>: flush inode: 2 chunk: 1 after preparing slice ID: injected flush error [prepareID@writer.go:99]
--- PASS: TestFlushErrorRecordedWhenSliceIDBecomesReady (0.00s)
=== RUN   TestFullBlockDispatchedWhenSliceIDBecomesReady
--- PASS: TestFullBlockDispatchedWhenSliceIDBecomesReady (0.10s)
=== RUN   TestPartialBlockNotDispatchedWhenSliceIDBecomesReady
--- PASS: TestPartialBlockNotDispatchedWhenSliceIDBecomesReady (0.25s)
=== RUN   TestFlushErrorRecordedWhenSliceIDBecomesReady
2026/08/17 18:52:19.404713 juicefs[2892295] <WARNING>: flush inode: 2 chunk: 1 after preparing slice ID: injected flush error [prepareID@writer.go:99]
--- PASS: TestFlushErrorRecordedWhenSliceIDBecomesReady (0.00s)
=== RUN   TestFullBlockDispatchedWhenSliceIDBecomesReady
--- PASS: TestFullBlockDispatchedWhenSliceIDBecomesReady (0.10s)
=== RUN   TestPartialBlockNotDispatchedWhenSliceIDBecomesReady
--- PASS: TestPartialBlockNotDispatchedWhenSliceIDBecomesReady (0.25s)
=== RUN   TestFlushErrorRecordedWhenSliceIDBecomesReady
2026/08/17 18:52:19.756578 juicefs[2892295] <WARNING>: flush inode: 2 chunk: 1 after preparing slice ID: injected flush error [prepareID@writer.go:99]
--- PASS: TestFlushErrorRecordedWhenSliceIDBecomesReady (0.00s)
=== RUN   TestFullBlockDispatchedWhenSliceIDBecomesReady
--- PASS: TestFullBlockDispatchedWhenSliceIDBecomesReady (0.10s)
=== RUN   TestPartialBlockNotDispatchedWhenSliceIDBecomesReady
--- PASS: TestPartialBlockNotDispatchedWhenSliceIDBecomesReady (0.25s)
=== RUN   TestFlushErrorRecordedWhenSliceIDBecomesReady
2026/08/17 18:52:20.108402 juicefs[2892295] <WARNING>: flush inode: 2 chunk: 1 after preparing slice ID: injected flush error [prepareID@writer.go:99]
--- PASS: TestFlushErrorRecordedWhenSliceIDBecomesReady (0.00s)
=== RUN   TestFullBlockDispatchedWhenSliceIDBecomesReady
--- PASS: TestFullBlockDispatchedWhenSliceIDBecomesReady (0.10s)
=== RUN   TestPartialBlockNotDispatchedWhenSliceIDBecomesReady
--- PASS: TestPartialBlockNotDispatchedWhenSliceIDBecomesReady (0.25s)
=== RUN   TestFlushErrorRecordedWhenSliceIDBecomesReady
2026/08/17 18:52:20.459727 juicefs[2892295] <WARNING>: flush inode: 2 chunk: 1 after preparing slice ID: injected flush error [prepareID@writer.go:99]
--- PASS: TestFlushErrorRecordedWhenSliceIDBecomesReady (0.00s)
=== RUN   TestFullBlockDispatchedWhenSliceIDBecomesReady
--- PASS: TestFullBlockDispatchedWhenSliceIDBecomesReady (0.10s)
=== RUN   TestPartialBlockNotDispatchedWhenSliceIDBecomesReady
--- PASS: TestPartialBlockNotDispatchedWhenSliceIDBecomesReady (0.25s)
=== RUN   TestFlushErrorRecordedWhenSliceIDBecomesReady
2026/08/17 18:52:20.810865 juicefs[2892295] <WARNING>: flush inode: 2 chunk: 1 after preparing slice ID: injected flush error [prepareID@writer.go:99]
--- PASS: TestFlushErrorRecordedWhenSliceIDBecomesReady (0.00s)
=== RUN   TestFullBlockDispatchedWhenSliceIDBecomesReady
--- PASS: TestFullBlockDispatchedWhenSliceIDBecomesReady (0.10s)
=== RUN   TestPartialBlockNotDispatchedWhenSliceIDBecomesReady
--- PASS: TestPartialBlockNotDispatchedWhenSliceIDBecomesReady (0.25s)
=== RUN   TestFlushErrorRecordedWhenSliceIDBecomesReady
2026/08/17 18:52:21.162096 juicefs[2892295] <WARNING>: flush inode: 2 chunk: 1 after preparing slice ID: injected flush error [prepareID@writer.go:99]
--- PASS: TestFlushErrorRecordedWhenSliceIDBecomesReady (0.00s)
=== RUN   TestFullBlockDispatchedWhenSliceIDBecomesReady
--- PASS: TestFullBlockDispatchedWhenSliceIDBecomesReady (0.10s)
=== RUN   TestPartialBlockNotDispatchedWhenSliceIDBecomesReady
--- PASS: TestPartialBlockNotDispatchedWhenSliceIDBecomesReady (0.25s)
=== RUN   TestFlushErrorRecordedWhenSliceIDBecomesReady
2026/08/17 18:52:21.513175 juicefs[2892295] <WARNING>: flush inode: 2 chunk: 1 after preparing slice ID: injected flush error [prepareID@writer.go:99]
--- PASS: TestFlushErrorRecordedWhenSliceIDBecomesReady (0.00s)
=== RUN   TestFullBlockDispatchedWhenSliceIDBecomesReady
--- PASS: TestFullBlockDispatchedWhenSliceIDBecomesReady (0.10s)
=== RUN   TestPartialBlockNotDispatchedWhenSliceIDBecomesReady
--- PASS: TestPartialBlockNotDispatchedWhenSliceIDBecomesReady (0.25s)
=== RUN   TestFlushErrorRecordedWhenSliceIDBecomesReady
2026/08/17 18:52:21.864348 juicefs[2892295] <WARNING>: flush inode: 2 chunk: 1 after preparing slice ID: injected flush error [prepareID@writer.go:99]
--- PASS: TestFlushErrorRecordedWhenSliceIDBecomesReady (0.00s)
=== RUN   TestFullBlockDispatchedWhenSliceIDBecomesReady
--- PASS: TestFullBlockDispatchedWhenSliceIDBecomesReady (0.10s)
=== RUN   TestPartialBlockNotDispatchedWhenSliceIDBecomesReady
--- PASS: TestPartialBlockNotDispatchedWhenSliceIDBecomesReady (0.25s)
=== RUN   TestFlushErrorRecordedWhenSliceIDBecomesReady
2026/08/17 18:52:22.216177 juicefs[2892295] <WARNING>: flush inode: 2 chunk: 1 after preparing slice ID: injected flush error [prepareID@writer.go:99]
--- PASS: TestFlushErrorRecordedWhenSliceIDBecomesReady (0.00s)
=== RUN   TestFullBlockDispatchedWhenSliceIDBecomesReady
--- PASS: TestFullBlockDispatchedWhenSliceIDBecomesReady (0.10s)
=== RUN   TestPartialBlockNotDispatchedWhenSliceIDBecomesReady
--- PASS: TestPartialBlockNotDispatchedWhenSliceIDBecomesReady (0.25s)
=== RUN   TestFlushErrorRecordedWhenSliceIDBecomesReady
2026/08/17 18:52:22.568000 juicefs[2892295] <WARNING>: flush inode: 2 chunk: 1 after preparing slice ID: injected flush error [prepareID@writer.go:99]
--- PASS: TestFlushErrorRecordedWhenSliceIDBecomesReady (0.00s)
=== RUN   TestFullBlockDispatchedWhenSliceIDBecomesReady
--- PASS: TestFullBlockDispatchedWhenSliceIDBecomesReady (0.10s)
=== RUN   TestPartialBlockNotDispatchedWhenSliceIDBecomesReady
--- PASS: TestPartialBlockNotDispatchedWhenSliceIDBecomesReady (0.25s)
=== RUN   TestFlushErrorRecordedWhenSliceIDBecomesReady
2026/08/17 18:52:22.919160 juicefs[2892295] <WARNING>: flush inode: 2 chunk: 1 after preparing slice ID: injected flush error [prepareID@writer.go:99]
--- PASS: TestFlushErrorRecordedWhenSliceIDBecomesReady (0.00s)
=== RUN   TestFullBlockDispatchedWhenSliceIDBecomesReady
--- PASS: TestFullBlockDispatchedWhenSliceIDBecomesReady (0.10s)
=== RUN   TestPartialBlockNotDispatchedWhenSliceIDBecomesReady
--- PASS: TestPartialBlockNotDispatchedWhenSliceIDBecomesReady (0.25s)
=== RUN   TestFlushErrorRecordedWhenSliceIDBecomesReady
2026/08/17 18:52:23.270304 juicefs[2892295] <WARNING>: flush inode: 2 chunk: 1 after preparing slice ID: injected flush error [prepareID@writer.go:99]
--- PASS: TestFlushErrorRecordedWhenSliceIDBecomesReady (0.00s)
=== RUN   TestFullBlockDispatchedWhenSliceIDBecomesReady
--- PASS: TestFullBlockDispatchedWhenSliceIDBecomesReady (0.10s)
=== RUN   TestPartialBlockNotDispatchedWhenSliceIDBecomesReady
--- PASS: TestPartialBlockNotDispatchedWhenSliceIDBecomesReady (0.25s)
=== RUN   TestFlushErrorRecordedWhenSliceIDBecomesReady
2026/08/17 18:52:23.621419 juicefs[2892295] <WARNING>: flush inode: 2 chunk: 1 after preparing slice ID: injected flush error [prepareID@writer.go:99]
--- PASS: TestFlushErrorRecordedWhenSliceIDBecomesReady (0.00s)
=== RUN   TestFullBlockDispatchedWhenSliceIDBecomesReady
--- PASS: TestFullBlockDispatchedWhenSliceIDBecomesReady (0.10s)
=== RUN   TestPartialBlockNotDispatchedWhenSliceIDBecomesReady
--- PASS: TestPartialBlockNotDispatchedWhenSliceIDBecomesReady (0.25s)
=== RUN   TestFlushErrorRecordedWhenSliceIDBecomesReady
2026/08/17 18:52:23.972545 juicefs[2892295] <WARNING>: flush inode: 2 chunk: 1 after preparing slice ID: injected flush error [prepareID@writer.go:99]
--- PASS: TestFlushErrorRecordedWhenSliceIDBecomesReady (0.00s)
=== RUN   TestFullBlockDispatchedWhenSliceIDBecomesReady
--- PASS: TestFullBlockDispatchedWhenSliceIDBecomesReady (0.10s)
=== RUN   TestPartialBlockNotDispatchedWhenSliceIDBecomesReady
--- PASS: TestPartialBlockNotDispatchedWhenSliceIDBecomesReady (0.25s)
=== RUN   TestFlushErrorRecordedWhenSliceIDBecomesReady
2026/08/17 18:52:24.324309 juicefs[2892295] <WARNING>: flush inode: 2 chunk: 1 after preparing slice ID: injected flush error [prepareID@writer.go:99]
--- PASS: TestFlushErrorRecordedWhenSliceIDBecomesReady (0.00s)
=== RUN   TestFullBlockDispatchedWhenSliceIDBecomesReady
--- PASS: TestFullBlockDispatchedWhenSliceIDBecomesReady (0.10s)
=== RUN   TestPartialBlockNotDispatchedWhenSliceIDBecomesReady
--- PASS: TestPartialBlockNotDispatchedWhenSliceIDBecomesReady (0.25s)
=== RUN   TestFlushErrorRecordedWhenSliceIDBecomesReady
2026/08/17 18:52:24.675790 juicefs[2892295] <WARNING>: flush inode: 2 chunk: 1 after preparing slice ID: injected flush error [prepareID@writer.go:99]
--- PASS: TestFlushErrorRecordedWhenSliceIDBecomesReady (0.00s)
=== RUN   TestFullBlockDispatchedWhenSliceIDBecomesReady
--- PASS: TestFullBlockDispatchedWhenSliceIDBecomesReady (0.10s)
=== RUN   TestPartialBlockNotDispatchedWhenSliceIDBecomesReady
--- PASS: TestPartialBlockNotDispatchedWhenSliceIDBecomesReady (0.25s)
=== RUN   TestFlushErrorRecordedWhenSliceIDBecomesReady
2026/08/17 18:52:25.027295 juicefs[2892295] <WARNING>: flush inode: 2 chunk: 1 after preparing slice ID: injected flush error [prepareID@writer.go:99]
--- PASS: TestFlushErrorRecordedWhenSliceIDBecomesReady (0.00s)
=== RUN   TestFullBlockDispatchedWhenSliceIDBecomesReady
--- PASS: TestFullBlockDispatchedWhenSliceIDBecomesReady (0.10s)
=== RUN   TestPartialBlockNotDispatchedWhenSliceIDBecomesReady
--- PASS: TestPartialBlockNotDispatchedWhenSliceIDBecomesReady (0.25s)
=== RUN   TestFlushErrorRecordedWhenSliceIDBecomesReady
2026/08/17 18:52:25.379204 juicefs[2892295] <WARNING>: flush inode: 2 chunk: 1 after preparing slice ID: injected flush error [prepareID@writer.go:99]
--- PASS: TestFlushErrorRecordedWhenSliceIDBecomesReady (0.00s)
=== RUN   TestFullBlockDispatchedWhenSliceIDBecomesReady
--- PASS: TestFullBlockDispatchedWhenSliceIDBecomesReady (0.10s)
=== RUN   TestPartialBlockNotDispatchedWhenSliceIDBecomesReady
--- PASS: TestPartialBlockNotDispatchedWhenSliceIDBecomesReady (0.25s)
=== RUN   TestFlushErrorRecordedWhenSliceIDBecomesReady
2026/08/17 18:52:25.730918 juicefs[2892295] <WARNING>: flush inode: 2 chunk: 1 after preparing slice ID: injected flush error [prepareID@writer.go:99]
--- PASS: TestFlushErrorRecordedWhenSliceIDBecomesReady (0.00s)
=== RUN   TestFullBlockDispatchedWhenSliceIDBecomesReady
--- PASS: TestFullBlockDispatchedWhenSliceIDBecomesReady (0.10s)
=== RUN   TestPartialBlockNotDispatchedWhenSliceIDBecomesReady
--- PASS: TestPartialBlockNotDispatchedWhenSliceIDBecomesReady (0.25s)
=== RUN   TestFlushErrorRecordedWhenSliceIDBecomesReady
2026/08/17 18:52:26.082532 juicefs[2892295] <WARNING>: flush inode: 2 chunk: 1 after preparing slice ID: injected flush error [prepareID@writer.go:99]
--- PASS: TestFlushErrorRecordedWhenSliceIDBecomesReady (0.00s)
=== RUN   TestFullBlockDispatchedWhenSliceIDBecomesReady
--- PASS: TestFullBlockDispatchedWhenSliceIDBecomesReady (0.10s)
=== RUN   TestPartialBlockNotDispatchedWhenSliceIDBecomesReady
--- PASS: TestPartialBlockNotDispatchedWhenSliceIDBecomesReady (0.25s)
=== RUN   TestFlushErrorRecordedWhenSliceIDBecomesReady
2026/08/17 18:52:26.434331 juicefs[2892295] <WARNING>: flush inode: 2 chunk: 1 after preparing slice ID: injected flush error [prepareID@writer.go:99]
--- PASS: TestFlushErrorRecordedWhenSliceIDBecomesReady (0.00s)
=== RUN   TestFullBlockDispatchedWhenSliceIDBecomesReady
--- PASS: TestFullBlockDispatchedWhenSliceIDBecomesReady (0.10s)
=== RUN   TestPartialBlockNotDispatchedWhenSliceIDBecomesReady
--- PASS: TestPartialBlockNotDispatchedWhenSliceIDBecomesReady (0.25s)
=== RUN   TestFlushErrorRecordedWhenSliceIDBecomesReady
2026/08/17 18:52:26.786062 juicefs[2892295] <WARNING>: flush inode: 2 chunk: 1 after preparing slice ID: injected flush error [prepareID@writer.go:99]
--- PASS: TestFlushErrorRecordedWhenSliceIDBecomesReady (0.00s)
=== RUN   TestFullBlockDispatchedWhenSliceIDBecomesReady
--- PASS: TestFullBlockDispatchedWhenSliceIDBecomesReady (0.10s)
=== RUN   TestPartialBlockNotDispatchedWhenSliceIDBecomesReady
--- PASS: TestPartialBlockNotDispatchedWhenSliceIDBecomesReady (0.25s)
=== RUN   TestFlushErrorRecordedWhenSliceIDBecomesReady
2026/08/17 18:52:27.137778 juicefs[2892295] <WARNING>: flush inode: 2 chunk: 1 after preparing slice ID: injected flush error [prepareID@writer.go:99]
--- PASS: TestFlushErrorRecordedWhenSliceIDBecomesReady (0.00s)
=== RUN   TestFullBlockDispatchedWhenSliceIDBecomesReady
--- PASS: TestFullBlockDispatchedWhenSliceIDBecomesReady (0.10s)
=== RUN   TestPartialBlockNotDispatchedWhenSliceIDBecomesReady
--- PASS: TestPartialBlockNotDispatchedWhenSliceIDBecomesReady (0.25s)
=== RUN   TestFlushErrorRecordedWhenSliceIDBecomesReady
2026/08/17 18:52:27.489568 juicefs[2892295] <WARNING>: flush inode: 2 chunk: 1 after preparing slice ID: injected flush error [prepareID@writer.go:99]
--- PASS: TestFlushErrorRecordedWhenSliceIDBecomesReady (0.00s)
=== RUN   TestFullBlockDispatchedWhenSliceIDBecomesReady
--- PASS: TestFullBlockDispatchedWhenSliceIDBecomesReady (0.10s)
=== RUN   TestPartialBlockNotDispatchedWhenSliceIDBecomesReady
--- PASS: TestPartialBlockNotDispatchedWhenSliceIDBecomesReady (0.25s)
=== RUN   TestFlushErrorRecordedWhenSliceIDBecomesReady
2026/08/17 18:52:27.840788 juicefs[2892295] <WARNING>: flush inode: 2 chunk: 1 after preparing slice ID: injected flush error [prepareID@writer.go:99]
--- PASS: TestFlushErrorRecordedWhenSliceIDBecomesReady (0.00s)
=== RUN   TestFullBlockDispatchedWhenSliceIDBecomesReady
--- PASS: TestFullBlockDispatchedWhenSliceIDBecomesReady (0.10s)
=== RUN   TestPartialBlockNotDispatchedWhenSliceIDBecomesReady
--- PASS: TestPartialBlockNotDispatchedWhenSliceIDBecomesReady (0.25s)
=== RUN   TestFlushErrorRecordedWhenSliceIDBecomesReady
2026/08/17 18:52:28.191940 juicefs[2892295] <WARNING>: flush inode: 2 chunk: 1 after preparing slice ID: injected flush error [prepareID@writer.go:99]
--- PASS: TestFlushErrorRecordedWhenSliceIDBecomesReady (0.00s)
=== RUN   TestFullBlockDispatchedWhenSliceIDBecomesReady
--- PASS: TestFullBlockDispatchedWhenSliceIDBecomesReady (0.10s)
=== RUN   TestPartialBlockNotDispatchedWhenSliceIDBecomesReady
--- PASS: TestPartialBlockNotDispatchedWhenSliceIDBecomesReady (0.25s)
=== RUN   TestFlushErrorRecordedWhenSliceIDBecomesReady
2026/08/17 18:52:28.543131 juicefs[2892295] <WARNING>: flush inode: 2 chunk: 1 after preparing slice ID: injected flush error [prepareID@writer.go:99]
--- PASS: TestFlushErrorRecordedWhenSliceIDBecomesReady (0.00s)
=== RUN   TestFullBlockDispatchedWhenSliceIDBecomesReady
--- PASS: TestFullBlockDispatchedWhenSliceIDBecomesReady (0.10s)
=== RUN   TestPartialBlockNotDispatchedWhenSliceIDBecomesReady
--- PASS: TestPartialBlockNotDispatchedWhenSliceIDBecomesReady (0.25s)
=== RUN   TestFlushErrorRecordedWhenSliceIDBecomesReady
2026/08/17 18:52:28.894246 juicefs[2892295] <WARNING>: flush inode: 2 chunk: 1 after preparing slice ID: injected flush error [prepareID@writer.go:99]
--- PASS: TestFlushErrorRecordedWhenSliceIDBecomesReady (0.00s)
=== RUN   TestFullBlockDispatchedWhenSliceIDBecomesReady
--- PASS: TestFullBlockDispatchedWhenSliceIDBecomesReady (0.10s)
=== RUN   TestPartialBlockNotDispatchedWhenSliceIDBecomesReady
--- PASS: TestPartialBlockNotDispatchedWhenSliceIDBecomesReady (0.25s)
=== RUN   TestFlushErrorRecordedWhenSliceIDBecomesReady
2026/08/17 18:52:29.245554 juicefs[2892295] <WARNING>: flush inode: 2 chunk: 1 after preparing slice ID: injected flush error [prepareID@writer.go:99]
--- PASS: TestFlushErrorRecordedWhenSliceIDBecomesReady (0.00s)
=== RUN   TestFullBlockDispatchedWhenSliceIDBecomesReady
--- PASS: TestFullBlockDispatchedWhenSliceIDBecomesReady (0.10s)
=== RUN   TestPartialBlockNotDispatchedWhenSliceIDBecomesReady
--- PASS: TestPartialBlockNotDispatchedWhenSliceIDBecomesReady (0.25s)
=== RUN   TestFlushErrorRecordedWhenSliceIDBecomesReady
2026/08/17 18:52:29.596776 juicefs[2892295] <WARNING>: flush inode: 2 chunk: 1 after preparing slice ID: injected flush error [prepareID@writer.go:99]
--- PASS: TestFlushErrorRecordedWhenSliceIDBecomesReady (0.00s)
=== RUN   TestFullBlockDispatchedWhenSliceIDBecomesReady
--- PASS: TestFullBlockDispatchedWhenSliceIDBecomesReady (0.10s)
=== RUN   TestPartialBlockNotDispatchedWhenSliceIDBecomesReady
--- PASS: TestPartialBlockNotDispatchedWhenSliceIDBecomesReady (0.25s)
=== RUN   TestFlushErrorRecordedWhenSliceIDBecomesReady
2026/08/17 18:52:29.948539 juicefs[2892295] <WARNING>: flush inode: 2 chunk: 1 after preparing slice ID: injected flush error [prepareID@writer.go:99]
--- PASS: TestFlushErrorRecordedWhenSliceIDBecomesReady (0.00s)
=== RUN   TestFullBlockDispatchedWhenSliceIDBecomesReady
--- PASS: TestFullBlockDispatchedWhenSliceIDBecomesReady (0.10s)
=== RUN   TestPartialBlockNotDispatchedWhenSliceIDBecomesReady
--- PASS: TestPartialBlockNotDispatchedWhenSliceIDBecomesReady (0.25s)
=== RUN   TestFlushErrorRecordedWhenSliceIDBecomesReady
2026/08/17 18:52:30.300072 juicefs[2892295] <WARNING>: flush inode: 2 chunk: 1 after preparing slice ID: injected flush error [prepareID@writer.go:99]
--- PASS: TestFlushErrorRecordedWhenSliceIDBecomesReady (0.00s)
=== RUN   TestFullBlockDispatchedWhenSliceIDBecomesReady
--- PASS: TestFullBlockDispatchedWhenSliceIDBecomesReady (0.10s)
=== RUN   TestPartialBlockNotDispatchedWhenSliceIDBecomesReady
--- PASS: TestPartialBlockNotDispatchedWhenSliceIDBecomesReady (0.25s)
=== RUN   TestFlushErrorRecordedWhenSliceIDBecomesReady
2026/08/17 18:52:30.651472 juicefs[2892295] <WARNING>: flush inode: 2 chunk: 1 after preparing slice ID: injected flush error [prepareID@writer.go:99]
--- PASS: TestFlushErrorRecordedWhenSliceIDBecomesReady (0.00s)
=== RUN   TestFullBlockDispatchedWhenSliceIDBecomesReady
--- PASS: TestFullBlockDispatchedWhenSliceIDBecomesReady (0.10s)
=== RUN   TestPartialBlockNotDispatchedWhenSliceIDBecomesReady
--- PASS: TestPartialBlockNotDispatchedWhenSliceIDBecomesReady (0.25s)
=== RUN   TestFlushErrorRecordedWhenSliceIDBecomesReady
2026/08/17 18:52:31.003021 juicefs[2892295] <WARNING>: flush inode: 2 chunk: 1 after preparing slice ID: injected flush error [prepareID@writer.go:99]
--- PASS: TestFlushErrorRecordedWhenSliceIDBecomesReady (0.00s)
=== RUN   TestFullBlockDispatchedWhenSliceIDBecomesReady
--- PASS: TestFullBlockDispatchedWhenSliceIDBecomesReady (0.10s)
=== RUN   TestPartialBlockNotDispatchedWhenSliceIDBecomesReady
--- PASS: TestPartialBlockNotDispatchedWhenSliceIDBecomesReady (0.25s)
=== RUN   TestFlushErrorRecordedWhenSliceIDBecomesReady
2026/08/17 18:52:31.354234 juicefs[2892295] <WARNING>: flush inode: 2 chunk: 1 after preparing slice ID: injected flush error [prepareID@writer.go:99]
--- PASS: TestFlushErrorRecordedWhenSliceIDBecomesReady (0.00s)
=== RUN   TestFullBlockDispatchedWhenSliceIDBecomesReady
--- PASS: TestFullBlockDispatchedWhenSliceIDBecomesReady (0.10s)
=== RUN   TestPartialBlockNotDispatchedWhenSliceIDBecomesReady
--- PASS: TestPartialBlockNotDispatchedWhenSliceIDBecomesReady (0.25s)
=== RUN   TestFlushErrorRecordedWhenSliceIDBecomesReady
2026/08/17 18:52:31.705489 juicefs[2892295] <WARNING>: flush inode: 2 chunk: 1 after preparing slice ID: injected flush error [prepareID@writer.go:99]
--- PASS: TestFlushErrorRecordedWhenSliceIDBecomesReady (0.00s)
=== RUN   TestFullBlockDispatchedWhenSliceIDBecomesReady
--- PASS: TestFullBlockDispatchedWhenSliceIDBecomesReady (0.10s)
=== RUN   TestPartialBlockNotDispatchedWhenSliceIDBecomesReady
--- PASS: TestPartialBlockNotDispatchedWhenSliceIDBecomesReady (0.25s)
=== RUN   TestFlushErrorRecordedWhenSliceIDBecomesReady
2026/08/17 18:52:32.056723 juicefs[2892295] <WARNING>: flush inode: 2 chunk: 1 after preparing slice ID: injected flush error [prepareID@writer.go:99]
--- PASS: TestFlushErrorRecordedWhenSliceIDBecomesReady (0.00s)
=== RUN   TestFullBlockDispatchedWhenSliceIDBecomesReady
--- PASS: TestFullBlockDispatchedWhenSliceIDBecomesReady (0.10s)
=== RUN   TestPartialBlockNotDispatchedWhenSliceIDBecomesReady
--- PASS: TestPartialBlockNotDispatchedWhenSliceIDBecomesReady (0.25s)
=== RUN   TestFlushErrorRecordedWhenSliceIDBecomesReady
2026/08/17 18:52:32.408244 juicefs[2892295] <WARNING>: flush inode: 2 chunk: 1 after preparing slice ID: injected flush error [prepareID@writer.go:99]
--- PASS: TestFlushErrorRecordedWhenSliceIDBecomesReady (0.00s)
=== RUN   TestFullBlockDispatchedWhenSliceIDBecomesReady
--- PASS: TestFullBlockDispatchedWhenSliceIDBecomesReady (0.10s)
=== RUN   TestPartialBlockNotDispatchedWhenSliceIDBecomesReady
--- PASS: TestPartialBlockNotDispatchedWhenSliceIDBecomesReady (0.25s)
=== RUN   TestFlushErrorRecordedWhenSliceIDBecomesReady
2026/08/17 18:52:32.759514 juicefs[2892295] <WARNING>: flush inode: 2 chunk: 1 after preparing slice ID: injected flush error [prepareID@writer.go:99]
--- PASS: TestFlushErrorRecordedWhenSliceIDBecomesReady (0.00s)
=== RUN   TestFullBlockDispatchedWhenSliceIDBecomesReady
--- PASS: TestFullBlockDispatchedWhenSliceIDBecomesReady (0.10s)
=== RUN   TestPartialBlockNotDispatchedWhenSliceIDBecomesReady
--- PASS: TestPartialBlockNotDispatchedWhenSliceIDBecomesReady (0.25s)
=== RUN   TestFlushErrorRecordedWhenSliceIDBecomesReady
2026/08/17 18:52:33.110725 juicefs[2892295] <WARNING>: flush inode: 2 chunk: 1 after preparing slice ID: injected flush error [prepareID@writer.go:99]
--- PASS: TestFlushErrorRecordedWhenSliceIDBecomesReady (0.00s)
=== RUN   TestFullBlockDispatchedWhenSliceIDBecomesReady
--- PASS: TestFullBlockDispatchedWhenSliceIDBecomesReady (0.10s)
=== RUN   TestPartialBlockNotDispatchedWhenSliceIDBecomesReady
--- PASS: TestPartialBlockNotDispatchedWhenSliceIDBecomesReady (0.25s)
=== RUN   TestFlushErrorRecordedWhenSliceIDBecomesReady
2026/08/17 18:52:33.461849 juicefs[2892295] <WARNING>: flush inode: 2 chunk: 1 after preparing slice ID: injected flush error [prepareID@writer.go:99]
--- PASS: TestFlushErrorRecordedWhenSliceIDBecomesReady (0.00s)
=== RUN   TestFullBlockDispatchedWhenSliceIDBecomesReady
--- PASS: TestFullBlockDispatchedWhenSliceIDBecomesReady (0.10s)
=== RUN   TestPartialBlockNotDispatchedWhenSliceIDBecomesReady
--- PASS: TestPartialBlockNotDispatchedWhenSliceIDBecomesReady (0.25s)
=== RUN   TestFlushErrorRecordedWhenSliceIDBecomesReady
2026/08/17 18:52:33.812924 juicefs[2892295] <WARNING>: flush inode: 2 chunk: 1 after preparing slice ID: injected flush error [prepareID@writer.go:99]
--- PASS: TestFlushErrorRecordedWhenSliceIDBecomesReady (0.00s)
=== RUN   TestFullBlockDispatchedWhenSliceIDBecomesReady
--- PASS: TestFullBlockDispatchedWhenSliceIDBecomesReady (0.10s)
=== RUN   TestPartialBlockNotDispatchedWhenSliceIDBecomesReady
--- PASS: TestPartialBlockNotDispatchedWhenSliceIDBecomesReady (0.25s)
=== RUN   TestFlushErrorRecordedWhenSliceIDBecomesReady
2026/08/17 18:52:34.164501 juicefs[2892295] <WARNING>: flush inode: 2 chunk: 1 after preparing slice ID: injected flush error [prepareID@writer.go:99]
--- PASS: TestFlushErrorRecordedWhenSliceIDBecomesReady (0.00s)
=== RUN   TestFullBlockDispatchedWhenSliceIDBecomesReady
--- PASS: TestFullBlockDispatchedWhenSliceIDBecomesReady (0.10s)
=== RUN   TestPartialBlockNotDispatchedWhenSliceIDBecomesReady
--- PASS: TestPartialBlockNotDispatchedWhenSliceIDBecomesReady (0.25s)
=== RUN   TestFlushErrorRecordedWhenSliceIDBecomesReady
2026/08/17 18:52:34.515608 juicefs[2892295] <WARNING>: flush inode: 2 chunk: 1 after preparing slice ID: injected flush error [prepareID@writer.go:99]
--- PASS: TestFlushErrorRecordedWhenSliceIDBecomesReady (0.00s)
=== RUN   TestFullBlockDispatchedWhenSliceIDBecomesReady
--- PASS: TestFullBlockDispatchedWhenSliceIDBecomesReady (0.10s)
=== RUN   TestPartialBlockNotDispatchedWhenSliceIDBecomesReady
--- PASS: TestPartialBlockNotDispatchedWhenSliceIDBecomesReady (0.25s)
=== RUN   TestFlushErrorRecordedWhenSliceIDBecomesReady
2026/08/17 18:52:34.866719 juicefs[2892295] <WARNING>: flush inode: 2 chunk: 1 after preparing slice ID: injected flush error [prepareID@writer.go:99]
--- PASS: TestFlushErrorRecordedWhenSliceIDBecomesReady (0.00s)
=== RUN   TestFullBlockDispatchedWhenSliceIDBecomesReady
--- PASS: TestFullBlockDispatchedWhenSliceIDBecomesReady (0.10s)
=== RUN   TestPartialBlockNotDispatchedWhenSliceIDBecomesReady
--- PASS: TestPartialBlockNotDispatchedWhenSliceIDBecomesReady (0.25s)
=== RUN   TestFlushErrorRecordedWhenSliceIDBecomesReady
2026/08/17 18:52:35.217875 juicefs[2892295] <WARNING>: flush inode: 2 chunk: 1 after preparing slice ID: injected flush error [prepareID@writer.go:99]
--- PASS: TestFlushErrorRecordedWhenSliceIDBecomesReady (0.00s)
=== RUN   TestFullBlockDispatchedWhenSliceIDBecomesReady
--- PASS: TestFullBlockDispatchedWhenSliceIDBecomesReady (0.10s)
=== RUN   TestPartialBlockNotDispatchedWhenSliceIDBecomesReady
--- PASS: TestPartialBlockNotDispatchedWhenSliceIDBecomesReady (0.25s)
=== RUN   TestFlushErrorRecordedWhenSliceIDBecomesReady
2026/08/17 18:52:35.568883 juicefs[2892295] <WARNING>: flush inode: 2 chunk: 1 after preparing slice ID: injected flush error [prepareID@writer.go:99]
--- PASS: TestFlushErrorRecordedWhenSliceIDBecomesReady (0.00s)
=== RUN   TestFullBlockDispatchedWhenSliceIDBecomesReady
--- PASS: TestFullBlockDispatchedWhenSliceIDBecomesReady (0.10s)
=== RUN   TestPartialBlockNotDispatchedWhenSliceIDBecomesReady
--- PASS: TestPartialBlockNotDispatchedWhenSliceIDBecomesReady (0.25s)
=== RUN   TestFlushErrorRecordedWhenSliceIDBecomesReady
2026/08/17 18:52:35.920012 juicefs[2892295] <WARNING>: flush inode: 2 chunk: 1 after preparing slice ID: injected flush error [prepareID@writer.go:99]
--- PASS: TestFlushErrorRecordedWhenSliceIDBecomesReady (0.00s)
=== RUN   TestFullBlockDispatchedWhenSliceIDBecomesReady
--- PASS: TestFullBlockDispatchedWhenSliceIDBecomesReady (0.10s)
=== RUN   TestPartialBlockNotDispatchedWhenSliceIDBecomesReady
--- PASS: TestPartialBlockNotDispatchedWhenSliceIDBecomesReady (0.25s)
=== RUN   TestFlushErrorRecordedWhenSliceIDBecomesReady
2026/08/17 18:52:36.271254 juicefs[2892295] <WARNING>: flush inode: 2 chunk: 1 after preparing slice ID: injected flush error [prepareID@writer.go:99]
--- PASS: TestFlushErrorRecordedWhenSliceIDBecomesReady (0.00s)
=== RUN   TestFullBlockDispatchedWhenSliceIDBecomesReady
--- PASS: TestFullBlockDispatchedWhenSliceIDBecomesReady (0.10s)
=== RUN   TestPartialBlockNotDispatchedWhenSliceIDBecomesReady
--- PASS: TestPartialBlockNotDispatchedWhenSliceIDBecomesReady (0.25s)
=== RUN   TestFlushErrorRecordedWhenSliceIDBecomesReady
2026/08/17 18:52:36.622635 juicefs[2892295] <WARNING>: flush inode: 2 chunk: 1 after preparing slice ID: injected flush error [prepareID@writer.go:99]
--- PASS: TestFlushErrorRecordedWhenSliceIDBecomesReady (0.00s)
=== RUN   TestFullBlockDispatchedWhenSliceIDBecomesReady
--- PASS: TestFullBlockDispatchedWhenSliceIDBecomesReady (0.10s)
=== RUN   TestPartialBlockNotDispatchedWhenSliceIDBecomesReady
--- PASS: TestPartialBlockNotDispatchedWhenSliceIDBecomesReady (0.25s)
=== RUN   TestFlushErrorRecordedWhenSliceIDBecomesReady
2026/08/17 18:52:36.973879 juicefs[2892295] <WARNING>: flush inode: 2 chunk: 1 after preparing slice ID: injected flush error [prepareID@writer.go:99]
--- PASS: TestFlushErrorRecordedWhenSliceIDBecomesReady (0.00s)
=== RUN   TestFullBlockDispatchedWhenSliceIDBecomesReady
--- PASS: TestFullBlockDispatchedWhenSliceIDBecomesReady (0.10s)
=== RUN   TestPartialBlockNotDispatchedWhenSliceIDBecomesReady
--- PASS: TestPartialBlockNotDispatchedWhenSliceIDBecomesReady (0.25s)
=== RUN   TestFlushErrorRecordedWhenSliceIDBecomesReady
2026/08/17 18:52:37.325301 juicefs[2892295] <WARNING>: flush inode: 2 chunk: 1 after preparing slice ID: injected flush error [prepareID@writer.go:99]
--- PASS: TestFlushErrorRecordedWhenSliceIDBecomesReady (0.00s)
=== RUN   TestFullBlockDispatchedWhenSliceIDBecomesReady
--- PASS: TestFullBlockDispatchedWhenSliceIDBecomesReady (0.10s)
=== RUN   TestPartialBlockNotDispatchedWhenSliceIDBecomesReady
--- PASS: TestPartialBlockNotDispatchedWhenSliceIDBecomesReady (0.25s)
=== RUN   TestFlushErrorRecordedWhenSliceIDBecomesReady
2026/08/17 18:52:37.676987 juicefs[2892295] <WARNING>: flush inode: 2 chunk: 1 after preparing slice ID: injected flush error [prepareID@writer.go:99]
--- PASS: TestFlushErrorRecordedWhenSliceIDBecomesReady (0.00s)
=== RUN   TestFullBlockDispatchedWhenSliceIDBecomesReady
--- PASS: TestFullBlockDispatchedWhenSliceIDBecomesReady (0.10s)
=== RUN   TestPartialBlockNotDispatchedWhenSliceIDBecomesReady
--- PASS: TestPartialBlockNotDispatchedWhenSliceIDBecomesReady (0.25s)
=== RUN   TestFlushErrorRecordedWhenSliceIDBecomesReady
2026/08/17 18:52:38.028422 juicefs[2892295] <WARNING>: flush inode: 2 chunk: 1 after preparing slice ID: injected flush error [prepareID@writer.go:99]
--- PASS: TestFlushErrorRecordedWhenSliceIDBecomesReady (0.00s)
=== RUN   TestFullBlockDispatchedWhenSliceIDBecomesReady
--- PASS: TestFullBlockDispatchedWhenSliceIDBecomesReady (0.10s)
=== RUN   TestPartialBlockNotDispatchedWhenSliceIDBecomesReady
--- PASS: TestPartialBlockNotDispatchedWhenSliceIDBecomesReady (0.25s)
=== RUN   TestFlushErrorRecordedWhenSliceIDBecomesReady
2026/08/17 18:52:38.379561 juicefs[2892295] <WARNING>: flush inode: 2 chunk: 1 after preparing slice ID: injected flush error [prepareID@writer.go:99]
--- PASS: TestFlushErrorRecordedWhenSliceIDBecomesReady (0.00s)
=== RUN   TestFullBlockDispatchedWhenSliceIDBecomesReady
--- PASS: TestFullBlockDispatchedWhenSliceIDBecomesReady (0.10s)
=== RUN   TestPartialBlockNotDispatchedWhenSliceIDBecomesReady
--- PASS: TestPartialBlockNotDispatchedWhenSliceIDBecomesReady (0.25s)
=== RUN   TestFlushErrorRecordedWhenSliceIDBecomesReady
2026/08/17 18:52:38.730620 juicefs[2892295] <WARNING>: flush inode: 2 chunk: 1 after preparing slice ID: injected flush error [prepareID@writer.go:99]
--- PASS: TestFlushErrorRecordedWhenSliceIDBecomesReady (0.00s)
=== RUN   TestFullBlockDispatchedWhenSliceIDBecomesReady
--- PASS: TestFullBlockDispatchedWhenSliceIDBecomesReady (0.10s)
=== RUN   TestPartialBlockNotDispatchedWhenSliceIDBecomesReady
--- PASS: TestPartialBlockNotDispatchedWhenSliceIDBecomesReady (0.25s)
=== RUN   TestFlushErrorRecordedWhenSliceIDBecomesReady
2026/08/17 18:52:39.081631 juicefs[2892295] <WARNING>: flush inode: 2 chunk: 1 after preparing slice ID: injected flush error [prepareID@writer.go:99]
--- PASS: TestFlushErrorRecordedWhenSliceIDBecomesReady (0.00s)
=== RUN   TestFullBlockDispatchedWhenSliceIDBecomesReady
--- PASS: TestFullBlockDispatchedWhenSliceIDBecomesReady (0.10s)
=== RUN   TestPartialBlockNotDispatchedWhenSliceIDBecomesReady
--- PASS: TestPartialBlockNotDispatchedWhenSliceIDBecomesReady (0.25s)
=== RUN   TestFlushErrorRecordedWhenSliceIDBecomesReady
2026/08/17 18:52:39.432752 juicefs[2892295] <WARNING>: flush inode: 2 chunk: 1 after preparing slice ID: injected flush error [prepareID@writer.go:99]
--- PASS: TestFlushErrorRecordedWhenSliceIDBecomesReady (0.00s)
=== RUN   TestFullBlockDispatchedWhenSliceIDBecomesReady
--- PASS: TestFullBlockDispatchedWhenSliceIDBecomesReady (0.10s)
=== RUN   TestPartialBlockNotDispatchedWhenSliceIDBecomesReady
--- PASS: TestPartialBlockNotDispatchedWhenSliceIDBecomesReady (0.25s)
=== RUN   TestFlushErrorRecordedWhenSliceIDBecomesReady
2026/08/17 18:52:39.783853 juicefs[2892295] <WARNING>: flush inode: 2 chunk: 1 after preparing slice ID: injected flush error [prepareID@writer.go:99]
--- PASS: TestFlushErrorRecordedWhenSliceIDBecomesReady (0.00s)
=== RUN   TestFullBlockDispatchedWhenSliceIDBecomesReady
--- PASS: TestFullBlockDispatchedWhenSliceIDBecomesReady (0.10s)
=== RUN   TestPartialBlockNotDispatchedWhenSliceIDBecomesReady
--- PASS: TestPartialBlockNotDispatchedWhenSliceIDBecomesReady (0.25s)
=== RUN   TestFlushErrorRecordedWhenSliceIDBecomesReady
2026/08/17 18:52:40.134978 juicefs[2892295] <WARNING>: flush inode: 2 chunk: 1 after preparing slice ID: injected flush error [prepareID@writer.go:99]
--- PASS: TestFlushErrorRecordedWhenSliceIDBecomesReady (0.00s)
=== RUN   TestFullBlockDispatchedWhenSliceIDBecomesReady
--- PASS: TestFullBlockDispatchedWhenSliceIDBecomesReady (0.10s)
=== RUN   TestPartialBlockNotDispatchedWhenSliceIDBecomesReady
--- PASS: TestPartialBlockNotDispatchedWhenSliceIDBecomesReady (0.25s)
=== RUN   TestFlushErrorRecordedWhenSliceIDBecomesReady
2026/08/17 18:52:40.486108 juicefs[2892295] <WARNING>: flush inode: 2 chunk: 1 after preparing slice ID: injected flush error [prepareID@writer.go:99]
--- PASS: TestFlushErrorRecordedWhenSliceIDBecomesReady (0.00s)
=== RUN   TestFullBlockDispatchedWhenSliceIDBecomesReady
--- PASS: TestFullBlockDispatchedWhenSliceIDBecomesReady (0.10s)
=== RUN   TestPartialBlockNotDispatchedWhenSliceIDBecomesReady
--- PASS: TestPartialBlockNotDispatchedWhenSliceIDBecomesReady (0.25s)
=== RUN   TestFlushErrorRecordedWhenSliceIDBecomesReady
2026/08/17 18:52:40.837355 juicefs[2892295] <WARNING>: flush inode: 2 chunk: 1 after preparing slice ID: injected flush error [prepareID@writer.go:99]
--- PASS: TestFlushErrorRecordedWhenSliceIDBecomesReady (0.00s)
=== RUN   TestFullBlockDispatchedWhenSliceIDBecomesReady
--- PASS: TestFullBlockDispatchedWhenSliceIDBecomesReady (0.10s)
=== RUN   TestPartialBlockNotDispatchedWhenSliceIDBecomesReady
--- PASS: TestPartialBlockNotDispatchedWhenSliceIDBecomesReady (0.25s)
=== RUN   TestFlushErrorRecordedWhenSliceIDBecomesReady
2026/08/17 18:52:41.189259 juicefs[2892295] <WARNING>: flush inode: 2 chunk: 1 after preparing slice ID: injected flush error [prepareID@writer.go:99]
--- PASS: TestFlushErrorRecordedWhenSliceIDBecomesReady (0.00s)
=== RUN   TestFullBlockDispatchedWhenSliceIDBecomesReady
--- PASS: TestFullBlockDispatchedWhenSliceIDBecomesReady (0.10s)
=== RUN   TestPartialBlockNotDispatchedWhenSliceIDBecomesReady
--- PASS: TestPartialBlockNotDispatchedWhenSliceIDBecomesReady (0.25s)
=== RUN   TestFlushErrorRecordedWhenSliceIDBecomesReady
2026/08/17 18:52:41.540789 juicefs[2892295] <WARNING>: flush inode: 2 chunk: 1 after preparing slice ID: injected flush error [prepareID@writer.go:99]
--- PASS: TestFlushErrorRecordedWhenSliceIDBecomesReady (0.00s)
=== RUN   TestFullBlockDispatchedWhenSliceIDBecomesReady
--- PASS: TestFullBlockDispatchedWhenSliceIDBecomesReady (0.10s)
=== RUN   TestPartialBlockNotDispatchedWhenSliceIDBecomesReady
--- PASS: TestPartialBlockNotDispatchedWhenSliceIDBecomesReady (0.25s)
=== RUN   TestFlushErrorRecordedWhenSliceIDBecomesReady
2026/08/17 18:52:41.892892 juicefs[2892295] <WARNING>: flush inode: 2 chunk: 1 after preparing slice ID: injected flush error [prepareID@writer.go:99]
--- PASS: TestFlushErrorRecordedWhenSliceIDBecomesReady (0.00s)
=== RUN   TestFullBlockDispatchedWhenSliceIDBecomesReady
--- PASS: TestFullBlockDispatchedWhenSliceIDBecomesReady (0.10s)
=== RUN   TestPartialBlockNotDispatchedWhenSliceIDBecomesReady
--- PASS: TestPartialBlockNotDispatchedWhenSliceIDBecomesReady (0.25s)
=== RUN   TestFlushErrorRecordedWhenSliceIDBecomesReady
2026/08/17 18:52:42.244065 juicefs[2892295] <WARNING>: flush inode: 2 chunk: 1 after preparing slice ID: injected flush error [prepareID@writer.go:99]
--- PASS: TestFlushErrorRecordedWhenSliceIDBecomesReady (0.00s)
=== RUN   TestFullBlockDispatchedWhenSliceIDBecomesReady
--- PASS: TestFullBlockDispatchedWhenSliceIDBecomesReady (0.10s)
=== RUN   TestPartialBlockNotDispatchedWhenSliceIDBecomesReady
--- PASS: TestPartialBlockNotDispatchedWhenSliceIDBecomesReady (0.25s)
=== RUN   TestFlushErrorRecordedWhenSliceIDBecomesReady
2026/08/17 18:52:42.595421 juicefs[2892295] <WARNING>: flush inode: 2 chunk: 1 after preparing slice ID: injected flush error [prepareID@writer.go:99]
--- PASS: TestFlushErrorRecordedWhenSliceIDBecomesReady (0.00s)
=== RUN   TestFullBlockDispatchedWhenSliceIDBecomesReady
--- PASS: TestFullBlockDispatchedWhenSliceIDBecomesReady (0.10s)
=== RUN   TestPartialBlockNotDispatchedWhenSliceIDBecomesReady
--- PASS: TestPartialBlockNotDispatchedWhenSliceIDBecomesReady (0.25s)
=== RUN   TestFlushErrorRecordedWhenSliceIDBecomesReady
2026/08/17 18:52:42.946474 juicefs[2892295] <WARNING>: flush inode: 2 chunk: 1 after preparing slice ID: injected flush error [prepareID@writer.go:99]
--- PASS: TestFlushErrorRecordedWhenSliceIDBecomesReady (0.00s)
=== RUN   TestFullBlockDispatchedWhenSliceIDBecomesReady
--- PASS: TestFullBlockDispatchedWhenSliceIDBecomesReady (0.10s)
=== RUN   TestPartialBlockNotDispatchedWhenSliceIDBecomesReady
--- PASS: TestPartialBlockNotDispatchedWhenSliceIDBecomesReady (0.25s)
=== RUN   TestFlushErrorRecordedWhenSliceIDBecomesReady
2026/08/17 18:52:43.297647 juicefs[2892295] <WARNING>: flush inode: 2 chunk: 1 after preparing slice ID: injected flush error [prepareID@writer.go:99]
--- PASS: TestFlushErrorRecordedWhenSliceIDBecomesReady (0.00s)
=== RUN   TestFullBlockDispatchedWhenSliceIDBecomesReady
--- PASS: TestFullBlockDispatchedWhenSliceIDBecomesReady (0.10s)
=== RUN   TestPartialBlockNotDispatchedWhenSliceIDBecomesReady
--- PASS: TestPartialBlockNotDispatchedWhenSliceIDBecomesReady (0.25s)
=== RUN   TestFlushErrorRecordedWhenSliceIDBecomesReady
2026/08/17 18:52:43.648857 juicefs[2892295] <WARNING>: flush inode: 2 chunk: 1 after preparing slice ID: injected flush error [prepareID@writer.go:99]
--- PASS: TestFlushErrorRecordedWhenSliceIDBecomesReady (0.00s)
=== RUN   TestFullBlockDispatchedWhenSliceIDBecomesReady
--- PASS: TestFullBlockDispatchedWhenSliceIDBecomesReady (0.10s)
=== RUN   TestPartialBlockNotDispatchedWhenSliceIDBecomesReady
--- PASS: TestPartialBlockNotDispatchedWhenSliceIDBecomesReady (0.25s)
=== RUN   TestFlushErrorRecordedWhenSliceIDBecomesReady
2026/08/17 18:52:44.000003 juicefs[2892295] <WARNING>: flush inode: 2 chunk: 1 after preparing slice ID: injected flush error [prepareID@writer.go:99]
--- PASS: TestFlushErrorRecordedWhenSliceIDBecomesReady (0.00s)
=== RUN   TestFullBlockDispatchedWhenSliceIDBecomesReady
--- PASS: TestFullBlockDispatchedWhenSliceIDBecomesReady (0.10s)
=== RUN   TestPartialBlockNotDispatchedWhenSliceIDBecomesReady
--- PASS: TestPartialBlockNotDispatchedWhenSliceIDBecomesReady (0.25s)
=== RUN   TestFlushErrorRecordedWhenSliceIDBecomesReady
2026/08/17 18:52:44.351100 juicefs[2892295] <WARNING>: flush inode: 2 chunk: 1 after preparing slice ID: injected flush error [prepareID@writer.go:99]
--- PASS: TestFlushErrorRecordedWhenSliceIDBecomesReady (0.00s)
=== RUN   TestFullBlockDispatchedWhenSliceIDBecomesReady
--- PASS: TestFullBlockDispatchedWhenSliceIDBecomesReady (0.10s)
=== RUN   TestPartialBlockNotDispatchedWhenSliceIDBecomesReady
--- PASS: TestPartialBlockNotDispatchedWhenSliceIDBecomesReady (0.25s)
=== RUN   TestFlushErrorRecordedWhenSliceIDBecomesReady
2026/08/17 18:52:44.702182 juicefs[2892295] <WARNING>: flush inode: 2 chunk: 1 after preparing slice ID: injected flush error [prepareID@writer.go:99]
--- PASS: TestFlushErrorRecordedWhenSliceIDBecomesReady (0.00s)
=== RUN   TestFullBlockDispatchedWhenSliceIDBecomesReady
--- PASS: TestFullBlockDispatchedWhenSliceIDBecomesReady (0.10s)
=== RUN   TestPartialBlockNotDispatchedWhenSliceIDBecomesReady
--- PASS: TestPartialBlockNotDispatchedWhenSliceIDBecomesReady (0.25s)
=== RUN   TestFlushErrorRecordedWhenSliceIDBecomesReady
2026/08/17 18:52:45.053726 juicefs[2892295] <WARNING>: flush inode: 2 chunk: 1 after preparing slice ID: injected flush error [prepareID@writer.go:99]
--- PASS: TestFlushErrorRecordedWhenSliceIDBecomesReady (0.00s)
=== RUN   TestFullBlockDispatchedWhenSliceIDBecomesReady
--- PASS: TestFullBlockDispatchedWhenSliceIDBecomesReady (0.10s)
=== RUN   TestPartialBlockNotDispatchedWhenSliceIDBecomesReady
--- PASS: TestPartialBlockNotDispatchedWhenSliceIDBecomesReady (0.25s)
=== RUN   TestFlushErrorRecordedWhenSliceIDBecomesReady
2026/08/17 18:52:45.404814 juicefs[2892295] <WARNING>: flush inode: 2 chunk: 1 after preparing slice ID: injected flush error [prepareID@writer.go:99]
--- PASS: TestFlushErrorRecordedWhenSliceIDBecomesReady (0.00s)
=== RUN   TestFullBlockDispatchedWhenSliceIDBecomesReady
--- PASS: TestFullBlockDispatchedWhenSliceIDBecomesReady (0.10s)
=== RUN   TestPartialBlockNotDispatchedWhenSliceIDBecomesReady
--- PASS: TestPartialBlockNotDispatchedWhenSliceIDBecomesReady (0.25s)
=== RUN   TestFlushErrorRecordedWhenSliceIDBecomesReady
2026/08/17 18:52:45.756714 juicefs[2892295] <WARNING>: flush inode: 2 chunk: 1 after preparing slice ID: injected flush error [prepareID@writer.go:99]
--- PASS: TestFlushErrorRecordedWhenSliceIDBecomesReady (0.00s)
=== RUN   TestFullBlockDispatchedWhenSliceIDBecomesReady
--- PASS: TestFullBlockDispatchedWhenSliceIDBecomesReady (0.10s)
=== RUN   TestPartialBlockNotDispatchedWhenSliceIDBecomesReady
--- PASS: TestPartialBlockNotDispatchedWhenSliceIDBecomesReady (0.25s)
=== RUN   TestFlushErrorRecordedWhenSliceIDBecomesReady
2026/08/17 18:52:46.107761 juicefs[2892295] <WARNING>: flush inode: 2 chunk: 1 after preparing slice ID: injected flush error [prepareID@writer.go:99]
--- PASS: TestFlushErrorRecordedWhenSliceIDBecomesReady (0.00s)
=== RUN   TestFullBlockDispatchedWhenSliceIDBecomesReady
--- PASS: TestFullBlockDispatchedWhenSliceIDBecomesReady (0.10s)
=== RUN   TestPartialBlockNotDispatchedWhenSliceIDBecomesReady
--- PASS: TestPartialBlockNotDispatchedWhenSliceIDBecomesReady (0.25s)
=== RUN   TestFlushErrorRecordedWhenSliceIDBecomesReady
2026/08/17 18:52:46.459583 juicefs[2892295] <WARNING>: flush inode: 2 chunk: 1 after preparing slice ID: injected flush error [prepareID@writer.go:99]
--- PASS: TestFlushErrorRecordedWhenSliceIDBecomesReady (0.00s)
=== RUN   TestFullBlockDispatchedWhenSliceIDBecomesReady
--- PASS: TestFullBlockDispatchedWhenSliceIDBecomesReady (0.10s)
=== RUN   TestPartialBlockNotDispatchedWhenSliceIDBecomesReady
--- PASS: TestPartialBlockNotDispatchedWhenSliceIDBecomesReady (0.25s)
=== RUN   TestFlushErrorRecordedWhenSliceIDBecomesReady
2026/08/17 18:52:46.810687 juicefs[2892295] <WARNING>: flush inode: 2 chunk: 1 after preparing slice ID: injected flush error [prepareID@writer.go:99]
--- PASS: TestFlushErrorRecordedWhenSliceIDBecomesReady (0.00s)
=== RUN   TestFullBlockDispatchedWhenSliceIDBecomesReady
--- PASS: TestFullBlockDispatchedWhenSliceIDBecomesReady (0.10s)
=== RUN   TestPartialBlockNotDispatchedWhenSliceIDBecomesReady
--- PASS: TestPartialBlockNotDispatchedWhenSliceIDBecomesReady (0.25s)
=== RUN   TestFlushErrorRecordedWhenSliceIDBecomesReady
2026/08/17 18:52:47.161793 juicefs[2892295] <WARNING>: flush inode: 2 chunk: 1 after preparing slice ID: injected flush error [prepareID@writer.go:99]
--- PASS: TestFlushErrorRecordedWhenSliceIDBecomesReady (0.00s)
=== RUN   TestFullBlockDispatchedWhenSliceIDBecomesReady
--- PASS: TestFullBlockDispatchedWhenSliceIDBecomesReady (0.10s)
=== RUN   TestPartialBlockNotDispatchedWhenSliceIDBecomesReady
--- PASS: TestPartialBlockNotDispatchedWhenSliceIDBecomesReady (0.25s)
=== RUN   TestFlushErrorRecordedWhenSliceIDBecomesReady
2026/08/17 18:52:47.512885 juicefs[2892295] <WARNING>: flush inode: 2 chunk: 1 after preparing slice ID: injected flush error [prepareID@writer.go:99]
--- PASS: TestFlushErrorRecordedWhenSliceIDBecomesReady (0.00s)
=== RUN   TestFullBlockDispatchedWhenSliceIDBecomesReady
--- PASS: TestFullBlockDispatchedWhenSliceIDBecomesReady (0.10s)
=== RUN   TestPartialBlockNotDispatchedWhenSliceIDBecomesReady
--- PASS: TestPartialBlockNotDispatchedWhenSliceIDBecomesReady (0.25s)
=== RUN   TestFlushErrorRecordedWhenSliceIDBecomesReady
2026/08/17 18:52:47.864741 juicefs[2892295] <WARNING>: flush inode: 2 chunk: 1 after preparing slice ID: injected flush error [prepareID@writer.go:99]
--- PASS: TestFlushErrorRecordedWhenSliceIDBecomesReady (0.00s)
=== RUN   TestFullBlockDispatchedWhenSliceIDBecomesReady
--- PASS: TestFullBlockDispatchedWhenSliceIDBecomesReady (0.10s)
=== RUN   TestPartialBlockNotDispatchedWhenSliceIDBecomesReady
--- PASS: TestPartialBlockNotDispatchedWhenSliceIDBecomesReady (0.25s)
=== RUN   TestFlushErrorRecordedWhenSliceIDBecomesReady
2026/08/17 18:52:48.216854 juicefs[2892295] <WARNING>: flush inode: 2 chunk: 1 after preparing slice ID: injected flush error [prepareID@writer.go:99]
--- PASS: TestFlushErrorRecordedWhenSliceIDBecomesReady (0.00s)
=== RUN   TestFullBlockDispatchedWhenSliceIDBecomesReady
--- PASS: TestFullBlockDispatchedWhenSliceIDBecomesReady (0.10s)
=== RUN   TestPartialBlockNotDispatchedWhenSliceIDBecomesReady
--- PASS: TestPartialBlockNotDispatchedWhenSliceIDBecomesReady (0.25s)
=== RUN   TestFlushErrorRecordedWhenSliceIDBecomesReady
2026/08/17 18:52:48.568358 juicefs[2892295] <WARNING>: flush inode: 2 chunk: 1 after preparing slice ID: injected flush error [prepareID@writer.go:99]
--- PASS: TestFlushErrorRecordedWhenSliceIDBecomesReady (0.00s)
=== RUN   TestFullBlockDispatchedWhenSliceIDBecomesReady
--- PASS: TestFullBlockDispatchedWhenSliceIDBecomesReady (0.10s)
=== RUN   TestPartialBlockNotDispatchedWhenSliceIDBecomesReady
--- PASS: TestPartialBlockNotDispatchedWhenSliceIDBecomesReady (0.25s)
=== RUN   TestFlushErrorRecordedWhenSliceIDBecomesReady
2026/08/17 18:52:48.919840 juicefs[2892295] <WARNING>: flush inode: 2 chunk: 1 after preparing slice ID: injected flush error [prepareID@writer.go:99]
--- PASS: TestFlushErrorRecordedWhenSliceIDBecomesReady (0.00s)
=== RUN   TestFullBlockDispatchedWhenSliceIDBecomesReady
--- PASS: TestFullBlockDispatchedWhenSliceIDBecomesReady (0.10s)
=== RUN   TestPartialBlockNotDispatchedWhenSliceIDBecomesReady
--- PASS: TestPartialBlockNotDispatchedWhenSliceIDBecomesReady (0.25s)
=== RUN   TestFlushErrorRecordedWhenSliceIDBecomesReady
2026/08/17 18:52:49.271843 juicefs[2892295] <WARNING>: flush inode: 2 chunk: 1 after preparing slice ID: injected flush error [prepareID@writer.go:99]
--- PASS: TestFlushErrorRecordedWhenSliceIDBecomesReady (0.00s)
=== RUN   TestFullBlockDispatchedWhenSliceIDBecomesReady
--- PASS: TestFullBlockDispatchedWhenSliceIDBecomesReady (0.10s)
=== RUN   TestPartialBlockNotDispatchedWhenSliceIDBecomesReady
--- PASS: TestPartialBlockNotDispatchedWhenSliceIDBecomesReady (0.25s)
=== RUN   TestFlushErrorRecordedWhenSliceIDBecomesReady
2026/08/17 18:52:49.623307 juicefs[2892295] <WARNING>: flush inode: 2 chunk: 1 after preparing slice ID: injected flush error [prepareID@writer.go:99]
--- PASS: TestFlushErrorRecordedWhenSliceIDBecomesReady (0.00s)
=== RUN   TestFullBlockDispatchedWhenSliceIDBecomesReady
--- PASS: TestFullBlockDispatchedWhenSliceIDBecomesReady (0.10s)
=== RUN   TestPartialBlockNotDispatchedWhenSliceIDBecomesReady
--- PASS: TestPartialBlockNotDispatchedWhenSliceIDBecomesReady (0.25s)
=== RUN   TestFlushErrorRecordedWhenSliceIDBecomesReady
2026/08/17 18:52:49.975063 juicefs[2892295] <WARNING>: flush inode: 2 chunk: 1 after preparing slice ID: injected flush error [prepareID@writer.go:99]
--- PASS: TestFlushErrorRecordedWhenSliceIDBecomesReady (0.00s)
=== RUN   TestFullBlockDispatchedWhenSliceIDBecomesReady
--- PASS: TestFullBlockDispatchedWhenSliceIDBecomesReady (0.10s)
=== RUN   TestPartialBlockNotDispatchedWhenSliceIDBecomesReady
--- PASS: TestPartialBlockNotDispatchedWhenSliceIDBecomesReady (0.25s)
=== RUN   TestFlushErrorRecordedWhenSliceIDBecomesReady
2026/08/17 18:52:50.326269 juicefs[2892295] <WARNING>: flush inode: 2 chunk: 1 after preparing slice ID: injected flush error [prepareID@writer.go:99]
--- PASS: TestFlushErrorRecordedWhenSliceIDBecomesReady (0.00s)
=== RUN   TestFullBlockDispatchedWhenSliceIDBecomesReady
--- PASS: TestFullBlockDispatchedWhenSliceIDBecomesReady (0.10s)
=== RUN   TestPartialBlockNotDispatchedWhenSliceIDBecomesReady
--- PASS: TestPartialBlockNotDispatchedWhenSliceIDBecomesReady (0.25s)
=== RUN   TestFlushErrorRecordedWhenSliceIDBecomesReady
2026/08/17 18:52:50.677342 juicefs[2892295] <WARNING>: flush inode: 2 chunk: 1 after preparing slice ID: injected flush error [prepareID@writer.go:99]
--- PASS: TestFlushErrorRecordedWhenSliceIDBecomesReady (0.00s)
=== RUN   TestFullBlockDispatchedWhenSliceIDBecomesReady
--- PASS: TestFullBlockDispatchedWhenSliceIDBecomesReady (0.10s)
=== RUN   TestPartialBlockNotDispatchedWhenSliceIDBecomesReady
--- PASS: TestPartialBlockNotDispatchedWhenSliceIDBecomesReady (0.25s)
=== RUN   TestFlushErrorRecordedWhenSliceIDBecomesReady
2026/08/17 18:52:51.028508 juicefs[2892295] <WARNING>: flush inode: 2 chunk: 1 after preparing slice ID: injected flush error [prepareID@writer.go:99]
--- PASS: TestFlushErrorRecordedWhenSliceIDBecomesReady (0.00s)
=== RUN   TestFullBlockDispatchedWhenSliceIDBecomesReady
--- PASS: TestFullBlockDispatchedWhenSliceIDBecomesReady (0.10s)
=== RUN   TestPartialBlockNotDispatchedWhenSliceIDBecomesReady
--- PASS: TestPartialBlockNotDispatchedWhenSliceIDBecomesReady (0.25s)
=== RUN   TestFlushErrorRecordedWhenSliceIDBecomesReady
2026/08/17 18:52:51.379867 juicefs[2892295] <WARNING>: flush inode: 2 chunk: 1 after preparing slice ID: injected flush error [prepareID@writer.go:99]
--- PASS: TestFlushErrorRecordedWhenSliceIDBecomesReady (0.00s)
=== RUN   TestFullBlockDispatchedWhenSliceIDBecomesReady
--- PASS: TestFullBlockDispatchedWhenSliceIDBecomesReady (0.10s)
=== RUN   TestPartialBlockNotDispatchedWhenSliceIDBecomesReady
--- PASS: TestPartialBlockNotDispatchedWhenSliceIDBecomesReady (0.25s)
=== RUN   TestFlushErrorRecordedWhenSliceIDBecomesReady
2026/08/17 18:52:51.730942 juicefs[2892295] <WARNING>: flush inode: 2 chunk: 1 after preparing slice ID: injected flush error [prepareID@writer.go:99]
--- PASS: TestFlushErrorRecordedWhenSliceIDBecomesReady (0.00s)
=== RUN   TestFullBlockDispatchedWhenSliceIDBecomesReady
--- PASS: TestFullBlockDispatchedWhenSliceIDBecomesReady (0.10s)
=== RUN   TestPartialBlockNotDispatchedWhenSliceIDBecomesReady
--- PASS: TestPartialBlockNotDispatchedWhenSliceIDBecomesReady (0.25s)
=== RUN   TestFlushErrorRecordedWhenSliceIDBecomesReady
2026/08/17 18:52:52.082145 juicefs[2892295] <WARNING>: flush inode: 2 chunk: 1 after preparing slice ID: injected flush error [prepareID@writer.go:99]
--- PASS: TestFlushErrorRecordedWhenSliceIDBecomesReady (0.00s)
=== RUN   TestFullBlockDispatchedWhenSliceIDBecomesReady
--- PASS: TestFullBlockDispatchedWhenSliceIDBecomesReady (0.10s)
=== RUN   TestPartialBlockNotDispatchedWhenSliceIDBecomesReady
--- PASS: TestPartialBlockNotDispatchedWhenSliceIDBecomesReady (0.25s)
=== RUN   TestFlushErrorRecordedWhenSliceIDBecomesReady
2026/08/17 18:52:52.433299 juicefs[2892295] <WARNING>: flush inode: 2 chunk: 1 after preparing slice ID: injected flush error [prepareID@writer.go:99]
--- PASS: TestFlushErrorRecordedWhenSliceIDBecomesReady (0.00s)
=== RUN   TestFullBlockDispatchedWhenSliceIDBecomesReady
--- PASS: TestFullBlockDispatchedWhenSliceIDBecomesReady (0.10s)
=== RUN   TestPartialBlockNotDispatchedWhenSliceIDBecomesReady
--- PASS: TestPartialBlockNotDispatchedWhenSliceIDBecomesReady (0.25s)
=== RUN   TestFlushErrorRecordedWhenSliceIDBecomesReady
2026/08/17 18:52:52.784336 juicefs[2892295] <WARNING>: flush inode: 2 chunk: 1 after preparing slice ID: injected flush error [prepareID@writer.go:99]
--- PASS: TestFlushErrorRecordedWhenSliceIDBecomesReady (0.00s)
PASS
ok  	github.com/juicedata/juicefs/pkg/vfs	35.173s
