## wait_for_clean start: Mon Jul  6 12:27:14 AM CST 2026
  [10s] HEALTH_WARN 1 OSD(s) experiencing slow operations in BlueStore; 2 OSD(s) experiencing stalled read in db device of BlueFS
  [20s] HEALTH_WARN 1 OSD(s) experiencing slow operations in BlueStore; 2 OSD(s) experiencing stalled read in db device of BlueFS
  [30s] HEALTH_WARN 1 OSD(s) experiencing slow operations in BlueStore; 2 OSD(s) experiencing stalled read in db device of BlueFS
  [40s] HEALTH_WARN 1 OSD(s) experiencing slow operations in BlueStore; 2 OSD(s) experiencing stalled read in db device of BlueFS
  [50s] HEALTH_WARN 1 OSD(s) experiencing slow operations in BlueStore; 2 OSD(s) experiencing stalled read in db device of BlueFS
  [60s] HEALTH_WARN 1 OSD(s) experiencing slow operations in BlueStore; 2 OSD(s) experiencing stalled read in db device of BlueFS
  [70s] HEALTH_WARN 1 OSD(s) experiencing slow operations in BlueStore; 2 OSD(s) experiencing stalled read in db device of BlueFS
  [80s] HEALTH_WARN 1 OSD(s) experiencing slow operations in BlueStore; 2 OSD(s) experiencing stalled read in db device of BlueFS
  [90s] HEALTH_WARN 1 OSD(s) experiencing slow operations in BlueStore; 2 OSD(s) experiencing stalled read in db device of BlueFS
  [100s] HEALTH_WARN 1 OSD(s) experiencing slow operations in BlueStore; 2 OSD(s) experiencing stalled read in db device of BlueFS
  [110s] HEALTH_WARN 1 OSD(s) experiencing slow operations in BlueStore; 2 OSD(s) experiencing stalled read in db device of BlueFS
  [120s] HEALTH_WARN 1 OSD(s) experiencing slow operations in BlueStore; 2 OSD(s) experiencing stalled read in db device of BlueFS
  [130s] HEALTH_WARN 1 OSD(s) experiencing slow operations in BlueStore; 2 OSD(s) experiencing stalled read in db device of BlueFS
  [140s] HEALTH_WARN 1 OSD(s) experiencing slow operations in BlueStore; 2 OSD(s) experiencing stalled read in db device of BlueFS
  [150s] HEALTH_WARN 1 OSD(s) experiencing slow operations in BlueStore; 2 OSD(s) experiencing stalled read in db device of BlueFS
  [160s] HEALTH_WARN 1 OSD(s) experiencing slow operations in BlueStore; 2 OSD(s) experiencing stalled read in db device of BlueFS
  [170s] HEALTH_WARN 1 OSD(s) experiencing slow operations in BlueStore; 2 OSD(s) experiencing stalled read in db device of BlueFS
  [180s] HEALTH_WARN 1 OSD(s) experiencing slow operations in BlueStore; 2 OSD(s) experiencing stalled read in db device of BlueFS
  [190s] HEALTH_WARN 1 OSD(s) experiencing slow operations in BlueStore; 2 OSD(s) experiencing stalled read in db device of BlueFS
  [200s] HEALTH_WARN 1 OSD(s) experiencing slow operations in BlueStore; 2 OSD(s) experiencing stalled read in db device of BlueFS
  [210s] HEALTH_WARN 1 OSD(s) experiencing slow operations in BlueStore; 2 OSD(s) experiencing stalled read in db device of BlueFS
  [220s] HEALTH_WARN 1 OSD(s) experiencing slow operations in BlueStore; 2 OSD(s) experiencing stalled read in db device of BlueFS
  [230s] HEALTH_WARN 1 OSD(s) experiencing slow operations in BlueStore; 2 OSD(s) experiencing stalled read in db device of BlueFS
  [240s] HEALTH_WARN 1 OSD(s) experiencing slow operations in BlueStore; 2 OSD(s) experiencing stalled read in db device of BlueFS
  [250s] HEALTH_WARN 1 OSD(s) experiencing slow operations in BlueStore; 2 OSD(s) experiencing stalled read in db device of BlueFS
  [260s] HEALTH_WARN 1 OSD(s) experiencing slow operations in BlueStore; 2 OSD(s) experiencing stalled read in db device of BlueFS
  [270s] HEALTH_WARN 1 OSD(s) experiencing slow operations in BlueStore; 2 OSD(s) experiencing stalled read in db device of BlueFS
  [280s] HEALTH_WARN 1 OSD(s) experiencing slow operations in BlueStore; 2 OSD(s) experiencing stalled read in db device of BlueFS
  [290s] HEALTH_WARN 1 OSD(s) experiencing slow operations in BlueStore; 2 OSD(s) experiencing stalled read in db device of BlueFS
  [300s] HEALTH_WARN 1 OSD(s) experiencing slow operations in BlueStore; 2 OSD(s) experiencing stalled read in db device of BlueFS
  [310s] HEALTH_WARN 1 OSD(s) experiencing slow operations in BlueStore; 2 OSD(s) experiencing stalled read in db device of BlueFS
  [320s] HEALTH_WARN 1 OSD(s) experiencing slow operations in BlueStore; 2 OSD(s) experiencing stalled read in db device of BlueFS
  [330s] HEALTH_WARN 1 OSD(s) experiencing slow operations in BlueStore; 2 OSD(s) experiencing stalled read in db device of BlueFS
  [340s] HEALTH_WARN 1 OSD(s) experiencing slow operations in BlueStore; 2 OSD(s) experiencing stalled read in db device of BlueFS
  [350s] HEALTH_WARN 1 OSD(s) experiencing slow operations in BlueStore; 2 OSD(s) experiencing stalled read in db device of BlueFS
  [360s] HEALTH_WARN 1 OSD(s) experiencing slow operations in BlueStore; 2 OSD(s) experiencing stalled read in db device of BlueFS
  [370s] HEALTH_WARN 1 OSD(s) experiencing slow operations in BlueStore; 2 OSD(s) experiencing stalled read in db device of BlueFS
  [380s] HEALTH_WARN 1 OSD(s) experiencing slow operations in BlueStore; 2 OSD(s) experiencing stalled read in db device of BlueFS
  [390s] HEALTH_WARN 1 OSD(s) experiencing slow operations in BlueStore; 2 OSD(s) experiencing stalled read in db device of BlueFS
  [400s] HEALTH_WARN 1 OSD(s) experiencing slow operations in BlueStore; 2 OSD(s) experiencing stalled read in db device of BlueFS
  [410s] HEALTH_WARN 1 OSD(s) experiencing slow operations in BlueStore; 2 OSD(s) experiencing stalled read in db device of BlueFS
  [420s] HEALTH_WARN 1 OSD(s) experiencing slow operations in BlueStore; 2 OSD(s) experiencing stalled read in db device of BlueFS
  [430s] HEALTH_WARN 1 OSD(s) experiencing slow operations in BlueStore; 2 OSD(s) experiencing stalled read in db device of BlueFS
  [440s] HEALTH_WARN 1 OSD(s) experiencing slow operations in BlueStore; 2 OSD(s) experiencing stalled read in db device of BlueFS
  [450s] HEALTH_WARN 1 OSD(s) experiencing slow operations in BlueStore; 2 OSD(s) experiencing stalled read in db device of BlueFS
  [460s] HEALTH_WARN 1 OSD(s) experiencing slow operations in BlueStore; 2 OSD(s) experiencing stalled read in db device of BlueFS
  [470s] HEALTH_WARN 1 OSD(s) experiencing slow operations in BlueStore; 2 OSD(s) experiencing stalled read in db device of BlueFS
  [480s] HEALTH_WARN 1 OSD(s) experiencing slow operations in BlueStore; 2 OSD(s) experiencing stalled read in db device of BlueFS
  [490s] HEALTH_WARN 1 OSD(s) experiencing slow operations in BlueStore; 2 OSD(s) experiencing stalled read in db device of BlueFS
  [500s] HEALTH_WARN 1 OSD(s) experiencing slow operations in BlueStore; 2 OSD(s) experiencing stalled read in db device of BlueFS
  [510s] HEALTH_WARN 1 OSD(s) experiencing slow operations in BlueStore; 2 OSD(s) experiencing stalled read in db device of BlueFS
  [520s] HEALTH_WARN 1 OSD(s) experiencing slow operations in BlueStore; 2 OSD(s) experiencing stalled read in db device of BlueFS
  [530s] HEALTH_WARN 1 OSD(s) experiencing slow operations in BlueStore; 2 OSD(s) experiencing stalled read in db device of BlueFS
  [540s] HEALTH_WARN 1 OSD(s) experiencing slow operations in BlueStore; 2 OSD(s) experiencing stalled read in db device of BlueFS
  [550s] HEALTH_WARN 1 OSD(s) experiencing slow operations in BlueStore; 2 OSD(s) experiencing stalled read in db device of BlueFS
  [560s] HEALTH_WARN 1 OSD(s) experiencing slow operations in BlueStore; 2 OSD(s) experiencing stalled read in db device of BlueFS
  [570s] HEALTH_WARN 1 OSD(s) experiencing slow operations in BlueStore; 2 OSD(s) experiencing stalled read in db device of BlueFS
  [580s] HEALTH_WARN 1 OSD(s) experiencing slow operations in BlueStore; 2 OSD(s) experiencing stalled read in db device of BlueFS
  [590s] HEALTH_WARN 1 OSD(s) experiencing slow operations in BlueStore; 2 OSD(s) experiencing stalled read in db device of BlueFS
  [600s] HEALTH_WARN 1 OSD(s) experiencing slow operations in BlueStore; 2 OSD(s) experiencing stalled read in db device of BlueFS
## timeout 600s, restarting (Mon Jul  6 12:37:44 AM CST 2026)
  [restart+10s] HEALTH_WARN 1 failed cephadm daemon(s)
  [restart+20s] HEALTH_WARN 1 failed cephadm daemon(s)
  [restart+30s] HEALTH_WARN 1 failed cephadm daemon(s)
  [restart+40s] HEALTH_WARN 1 failed cephadm daemon(s)
  [restart+50s] HEALTH_WARN 1 failed cephadm daemon(s)
  [restart+60s] HEALTH_WARN 1 failed cephadm daemon(s)
  [restart+70s] HEALTH_WARN 1 failed cephadm daemon(s)
  [restart+80s] HEALTH_WARN 1 failed cephadm daemon(s)
  [restart+90s] HEALTH_WARN 1 failed cephadm daemon(s)
  [restart+100s] HEALTH_WARN 1 failed cephadm daemon(s)
  [restart+110s] HEALTH_WARN 1 failed cephadm daemon(s)
  [restart+120s] HEALTH_WARN 1 failed cephadm daemon(s)
  [restart+130s] HEALTH_WARN 1 failed cephadm daemon(s)
  [restart+140s] HEALTH_WARN 1 failed cephadm daemon(s)
  [restart+150s] HEALTH_WARN 1 failed cephadm daemon(s)
  [restart+160s] HEALTH_WARN 1 failed cephadm daemon(s)
  [restart+170s] HEALTH_WARN 1 failed cephadm daemon(s)
  [restart+180s] HEALTH_WARN 1 failed cephadm daemon(s)
  [restart+190s] HEALTH_WARN 1 failed cephadm daemon(s)
  [restart+200s] HEALTH_WARN 1 failed cephadm daemon(s)
  [restart+210s] HEALTH_WARN 1 failed cephadm daemon(s)
  [restart+220s] HEALTH_WARN 1 failed cephadm daemon(s)
  [restart+230s] HEALTH_WARN 1 failed cephadm daemon(s)
  [restart+240s] HEALTH_WARN 1 failed cephadm daemon(s)
  [restart+250s] HEALTH_WARN 1 failed cephadm daemon(s)
  [restart+260s] HEALTH_WARN 1 failed cephadm daemon(s)
  [restart+270s] HEALTH_WARN 1 failed cephadm daemon(s)
  [restart+280s] HEALTH_WARN 1 failed cephadm daemon(s)
  [restart+290s] HEALTH_WARN 1 failed cephadm daemon(s)
  [restart+300s] HEALTH_WARN 1 failed cephadm daemon(s)
## FATAL: still not OK (Mon Jul  6 12:44:18 AM CST 2026)
