bash: warning: setlocale: LC_ALL: cannot change locale (zh_CN.utf8)
[2026-07-08 11:13:27] === STARTING ORCHESTRATION ===
[2026-07-08 11:13:27] Starting monitoring (duration=310s)...
[2026-07-08 11:13:27]   client sar started (PID=4162618)
[2026-07-08 11:13:27]   node1 monitoring started
[2026-07-08 11:13:27]   node2 monitoring started
[2026-07-08 11:13:27]   node3 monitoring started
bash: warning: setlocale: LC_ALL: cannot change locale (zh_CN.utf8)
bash: warning: setlocale: LC_ALL: cannot change locale (zh_CN.utf8)
bash: warning: setlocale: LC_ALL: cannot change locale (zh_CN.utf8)
[2026-07-08 11:13:30] Monitoring initialized.
[2026-07-08 11:13:30] perf t0 files verified.
[2026-07-08 11:13:30] START rados bench: -p juicefs-data 300 write -b 256K -t 64 --no-cleanup
hints = 1
Maintaining 64 concurrent writes of 262144 bytes to objects of size 262144 for up to 300 seconds or 0 objects
Object prefix: benchmark_data_tikv-node_4162933
  sec Cur ops   started  finished  avg MB/s  cur MB/s last lat(s)  avg lat(s)
    0       0         0         0         0         0           -           0
    1      64       507       443   110.732    110.75   0.0160026    0.125866
    2      64       953       889   111.108     111.5   0.0197483     0.13068
    3      64      1400      1336   111.316    111.75   0.0295893    0.135292
    4      64      1848      1784   111.484       112   0.0216531    0.138004
    5      64      2293      2229   111.434    111.25   0.0167317    0.138544
    6      64      2738      2674   111.401    111.25   0.0396476    0.139341
    7      64      3187      3123    111.52    112.25    0.041488    0.139717
    8      64      3633      3569   111.516     111.5   0.0228358    0.140297
    9      64      4080      4016    111.54    111.75   0.0221482    0.140972
   10      64      4528      4464   111.584       112    0.445592    0.140696
   11      64      4974      4910   111.574     111.5   0.0143284    0.140966
   12      64      5417      5353   111.504    110.75   0.0159487    0.141119
   13      64      5864      5800   111.522    111.75   0.0217556    0.141254
   14      64      6310      6246    111.52     111.5   0.0188141    0.141484
   15      64      6757      6693   111.534    111.75   0.0183496    0.141581
   16      64      7205      7141   111.562       112    0.431001    0.141776
   17      64      7465      7401   108.823        65    0.370733    0.146837
   18      64      7606      7542   104.735     35.25    0.184391    0.150004
   19      64      7827      7763    102.13     55.25    0.118134    0.154621
2026-07-08T11:13:50.311548+0800 min lat: 0.0111381 max lat: 0.741116 avg lat: 0.158531
  sec Cur ops   started  finished  avg MB/s  cur MB/s last lat(s)  avg lat(s)
   20      64      8042      7978   99.7108     53.75    0.132062    0.158531
   21      64      8245      8181    97.379     50.75    0.216618    0.162609
   22      64      8449      8385   95.2707        51     0.12342    0.166608
   23      64      8634      8570   93.1391     46.25    0.364456    0.170188
   24      64      8834      8770   91.3415        50    0.151813     0.17303
   25      64      9039      8975   89.7375     51.25   0.0917807    0.176743
   26      64      9238      9174   88.1992     49.75    0.331092    0.179863
   27      64      9445      9381   86.8489     51.75    0.219798    0.182747
   28      64      9656      9592   85.6308     52.75    0.337416    0.185591
   29      64      9867      9803   84.4967     52.75     0.30568    0.188413
   30      64     10085     10021   83.4966      54.5    0.291744    0.190726
   31      64     10296     10232   82.5045     52.75    0.308281    0.192829
   32      64     10478     10414   81.3479      45.5     0.31881    0.195402
   33      64     10687     10623   80.4659     52.25    0.185561      0.1972
   34      64     10901     10837   79.6726      53.5     0.11114    0.199314
   35      64     11102     11038   78.8317     50.25   0.0598631    0.201521
   36      64     11306     11242   78.0584        51    0.118699    0.203812
   37      64     11533     11469   77.4823     56.75    0.199256    0.205826
   38      64     11747     11683    76.851      53.5   0.0516191    0.207474
   39      64     11960     11896   76.2456     53.25   0.0188485    0.209724
2026-07-08T11:14:10.314354+0800 min lat: 0.00995864 max lat: 0.741116 avg lat: 0.211134
  sec Cur ops   started  finished  avg MB/s  cur MB/s last lat(s)  avg lat(s)
   40      64     12102     12038   75.2269      35.5    0.244522    0.211134
   41      64     12326     12262   74.7577        56    0.265332     0.21311
   42      64     12518     12454   74.1204        48     0.34735    0.214721
   43      64     12708     12644   73.5012      47.5    0.106028    0.216191
   44      64     12913     12849   72.9953     51.25    0.180696    0.217781
   45      64     13125     13061   72.5507        53    0.163766    0.218942
   46      64     13335     13271   72.1147      52.5    0.196209    0.220808
   47      64     13542     13478   71.6812     51.75     0.16046    0.222313
   48      64     13754     13690   71.2919        53   0.0945612     0.22345
   49      64     13961     13897   70.8929     51.75   0.0139374    0.224753
   50      64     14166     14102   70.4999     51.25    0.374752     0.22659
   51      64     14316     14252   69.8527      37.5    0.278477    0.227466
   52      64     14587     14523   69.8121     67.75    0.346842    0.229148
   53      64     14735     14671   69.1929        37    0.259615     0.23001
   54      64     14937     14873   68.8466      50.5   0.0923581    0.231374
   55      64     15145     15081   68.5402        52    0.247257    0.232764
   56      64     15342     15278   68.1957     49.25    0.314714    0.233584
   57      64     15538     15474   67.8588        49   0.0238138    0.234682
   58      64     15741     15677   67.5637     50.75   0.0814507    0.235785
   59      64     15959     15895   67.3421      54.5    0.151996    0.236536
2026-07-08T11:14:30.317217+0800 min lat: 0.00995864 max lat: 0.741116 avg lat: 0.237777
  sec Cur ops   started  finished  avg MB/s  cur MB/s last lat(s)  avg lat(s)
   60      64     16157     16093   67.0446      49.5    0.211648    0.237777
   61      64     16357     16293   66.7651        50    0.316267     0.23912
   62      64     16554     16490   66.4825     49.25    0.239807    0.240038
   63      64     16751     16687   66.2088     49.25    0.195522    0.240419
   64      64     16952     16888   65.9594     50.25    0.219401    0.241683
   65      64     17158     17094   65.7368      51.5    0.110953     0.24242
   66      64     17376     17312   65.5664      54.5    0.249018    0.243159
   67      64     17588     17524   65.3787        53    0.120375    0.244121
   68      64     17789     17725   65.1562     50.25   0.0458484    0.245034
   69      64     18009     17945   65.0089        55   0.0616742    0.245875
   70      64     18210     18146   64.7979     50.25    0.367963    0.246496
   71      64     18380     18316   64.4838      42.5    0.233523    0.247265
   72      64     18586     18522   64.3033      51.5     0.13378    0.248125
   73      64     18771     18707    64.056     46.25    0.278634    0.248769
   74      64     18987     18923     63.92        54     0.22108    0.249496
   75      64     19190     19126   63.7443     50.75    0.257313    0.250523
   76      64     19386     19322   63.5502        49    0.315168    0.251196
   77      64     19589     19525   63.3839     50.75    0.089034    0.251452
   78      64     19792     19728   63.2218     50.75   0.0161305    0.252394
   79      64     20005     19941   63.0955     53.25    0.145313    0.253059
2026-07-08T11:14:50.320053+0800 min lat: 0.00995864 max lat: 0.741116 avg lat: 0.253559
  sec Cur ops   started  finished  avg MB/s  cur MB/s last lat(s)  avg lat(s)
   80      64     20218     20154   62.9723     53.25   0.0870709    0.253559
   81      64     20425     20361   62.8337     51.75   0.0610201     0.25421
   82      64     20636     20572   62.7106     52.75   0.0122274    0.255096
   83      64     20781     20717   62.3917     36.25   0.0932357    0.255581
   84      64     21006     20942   62.3185     56.25    0.317907    0.256072
   85      64     21199     21135   62.1529     48.25    0.120536    0.256665
   86      64     21412     21348   62.0493     53.25    0.127719    0.257274
   87      64     21620     21556   61.9337        52    0.188921    0.257789
   88      64     21833     21769    61.835     53.25    0.185915    0.258183
   89      64     22027     21963   61.6851      48.5    0.090642    0.258928
   90      64     22230     22166   61.5635     50.75    0.267445    0.259549
   91      64     22432     22368   61.4418      50.5    0.275612    0.259923
   92      64     22624     22560   61.2956        48    0.364561    0.260444
   93      64     22842     22778   61.2225      54.5    0.130956    0.260886
   94      64     23051     22987    61.127     52.25    0.123952    0.261448
   95      64     23259     23195   61.0308        52   0.0714739    0.261776
   96      64     23462     23398   60.9236     50.75    0.398627    0.262322
   97      64     23676     23612    60.847      53.5     0.20971    0.262852
   98      64     23863     23799   60.7031     46.75    0.364184    0.263201
   99      64     24091     24027   60.6656        57   0.0213506      0.2635
2026-07-08T11:15:10.322901+0800 min lat: 0.00995864 max lat: 0.741116 avg lat: 0.264076
  sec Cur ops   started  finished  avg MB/s  cur MB/s last lat(s)  avg lat(s)
  100      64     24251     24187   60.4589        40    0.334964    0.264076
  101      64     24490     24426   60.4518     59.75    0.168215    0.264504
  102      64     24705     24641    60.386     53.75   0.0736363    0.264749
  103      64     24867     24803   60.1929      40.5   0.0406971    0.264965
  104      64     25073     25009   60.1092      51.5    0.185975    0.265759
  105      64     25285     25221   60.0414        53    0.110661    0.266024
  106      64     25498     25434   59.9773     53.25    0.153891    0.266485
  107      64     25716     25652   59.9261      54.5   0.0114166    0.266959
  108      64     25915     25851   59.8318     49.75   0.0157303    0.267387
  109      64     26077     26013   59.6543      40.5    0.154861    0.267478
  110      64     26286     26222    59.587     52.25     0.11726    0.267789
  111      64     26487     26423   59.5028     50.25     0.17896    0.268334
  112      64     26707     26643   59.4625        55    0.156722    0.268733
  113      64     26889     26825   59.3389      45.5    0.163638    0.268872
  114      64     27093     27029   59.2657        51    0.179058    0.269411
  115      64     27305     27241   59.2112        53    0.118042    0.269797
  116      64     27373     27309   58.8473        17    0.273881    0.271543
  117      64     27573     27509   58.7716        50    0.241881    0.271788
  118      64     27795     27731   58.7438      55.5   0.0992094     0.27197
  119      64     28000     27936   58.6808     51.25   0.0545905    0.272313
2026-07-08T11:15:30.325655+0800 min lat: 0.00995864 max lat: 1.06129 avg lat: 0.272652
  sec Cur ops   started  finished  avg MB/s  cur MB/s last lat(s)  avg lat(s)
  120      64     28222     28158   58.6542      55.5   0.0128801    0.272652
  121      64     28440     28376   58.6198      54.5    0.174418    0.272828
  122      64     28577     28513     58.42     34.25    0.239452    0.273173
  123      64     28846     28782   58.4917     67.25    0.333388    0.273531
  124      64     28998     28934   58.3264        38    0.187231    0.273669
  125      64     29198     29134   58.2597        50     0.15283    0.273925
  126      64     29412     29348   58.2219      53.5     0.16319    0.274318
  127      64     29637     29573   58.2063     56.25   0.0633396    0.274605
  128      64     29855     29791   58.1773      54.5    0.351724     0.27488
  129      64     30014     29950   58.0344     39.75    0.242738      0.2751
  130      64     30228     30164   57.9995      53.5    0.164535    0.275418
  131      64     30430     30366   57.9422      50.5    0.147228    0.275683
  132      64     30636     30572   57.8933      51.5    0.214123    0.275879
  133      64     30812     30748   57.7888        44    0.145352    0.276115
  134      64     31021     30957   57.7475     52.25    0.154031      0.2764
  135      64     31239     31175   57.7234      54.5    0.106329    0.276591
  136      64     31464     31400   57.7125     56.25   0.0294194    0.276993
  137      64     31667     31603   57.6616     50.75   0.0280714    0.277177
  138      64     31871     31807   57.6133        51    0.202256    0.277444
  139      64     32066     32002   57.5495     48.75    0.316818    0.277649
2026-07-08T11:15:50.328295+0800 min lat: 0.00995864 max lat: 1.06129 avg lat: 0.277931
  sec Cur ops   started  finished  avg MB/s  cur MB/s last lat(s)  avg lat(s)
  140      64     32276     32212   57.5134      52.5    0.140072    0.277931
  141      64     32484     32420   57.4742        52    0.187403    0.278146
  142      64     32689     32625   57.4303     51.25    0.206205    0.278163
  143      64     32895     32831   57.3888      51.5    0.343464    0.278477
  144      64     33107     33043   57.3583        53   0.0452683    0.278734
  145      64     33318     33254   57.3264     52.75   0.0831746    0.278841
  146      64     33534     33470   57.3036        54   0.0277335    0.279163
  147      64     33700     33636   57.1961      41.5   0.0179723     0.27927
  148      64     33927     33863    57.193     56.75   0.0453652    0.279492
  149      64     34137     34073   57.1614      52.5   0.0852266    0.279592
  150      64     34358     34294   57.1487     55.25   0.0499099    0.279778
  151      64     34516     34452   57.0317      39.5    0.214341    0.279917
  152      64     34723     34659   56.9969     51.75    0.111148    0.280171
  153      64     34997     34933   57.0721      68.5     0.31218    0.280316
  154      64     35144     35080   56.9401     36.75    0.181964    0.280499
  155      64     35343     35279   56.8936     49.75    0.243832    0.280804
  156      64     35599     35535   56.9391        64    0.123642    0.280835
  157      64     35803     35739   56.9013        51    0.295051    0.281086
  158      64     35943     35879   56.7626        35     0.13254    0.281312
  159      64     36149     36085   56.7295      51.5     0.34213     0.28156
2026-07-08T11:16:10.331164+0800 min lat: 0.00995864 max lat: 1.06129 avg lat: 0.281746
  sec Cur ops   started  finished  avg MB/s  cur MB/s last lat(s)  avg lat(s)
  160      64     36364     36300   56.7108     53.75    0.190458    0.281746
  161      64     36566     36502   56.6722      50.5     0.21699    0.281869
  162      64     36768     36704    56.634      50.5    0.227008    0.282143
  163      64     36970     36906   56.5963      50.5   0.0592051    0.282247
  164      64     37177     37113   56.5668     51.75    0.182113    0.282342
  165      64     37390     37326   56.5466     53.25   0.0177579    0.282644
  166      64     37619     37555   56.5508     57.25    0.051773    0.282843
  167      64     37833     37769   56.5325      53.5   0.0192653     0.28297
  168      64     37975     37911   56.4073      35.5    0.242792    0.283097
  169      64     38179     38115   56.3752        51    0.111397    0.283348
  170      64     38388     38324   56.3509     52.25    0.207354    0.283517
  171      64     38594     38530   56.3225      51.5    0.241811    0.283622
  172      64     38793     38729   56.2843     49.75    0.304671    0.283906
  173      64     38993     38929   56.2479        50    0.104071    0.283919
  174      64     39208     39144   56.2335     53.75    0.179508    0.284111
  175      64     39418     39354   56.2121      52.5    0.218137    0.284234
  176      64     39623     39559   56.1839     51.25   0.0264382    0.284518
  177      64     39799     39735    56.115        44     0.16395     0.28461
  178      64     40071     40007   56.1817        68    0.331318    0.284755
  179      64     40221     40157   56.0773      37.5    0.158052    0.284805
2026-07-08T11:16:30.333923+0800 min lat: 0.00995864 max lat: 1.06129 avg lat: 0.285087
  sec Cur ops   started  finished  avg MB/s  cur MB/s last lat(s)  avg lat(s)
  180      64     40422     40358   56.0449     50.25    0.114061    0.285087
  181      64     40627     40563   56.0184     51.25    0.170954    0.285267
  182      64     40833     40769   55.9935      51.5    0.271618    0.285334
  183      64     41038     40974   55.9676     51.25    0.120159    0.285487
  184      64     41245     41181   55.9446     51.75    0.124035      0.2857
  185      64     41453     41389   55.9232        52    0.130022    0.285783
  186      64     41694     41630   55.9465     60.25    0.103908    0.285974
  187      64     41847     41783   55.8518     38.25    0.168621    0.286107
  188      64     42053     41989   55.8286      51.5    0.153294    0.286303
  189      64     42265     42201   55.8136        53    0.149806    0.286353
  190      64     42475     42411   55.7962      52.5    0.159544    0.286536
  191      64     42674     42610   55.7645     49.75    0.373898     0.28677
  192      64     42879     42815   55.7409     51.25   0.0780695    0.286799
  193      64     43065     43001    55.693      46.5   0.0993005    0.286788
  194      64     43270     43206   55.6701     51.25   0.0731221    0.287044
  195      64     43489     43425   55.6653     54.75    0.229381    0.287151
  196      64     43733     43669   55.6925        61   0.0703065    0.287202
  197      64     43885     43821   55.6027        38    0.170889    0.287367
  198      64     44100     44036   55.5933     53.75    0.142763     0.28756
  199      64     44310     44246   55.5777      52.5   0.0943915    0.287743
2026-07-08T11:16:50.336443+0800 min lat: 0.00979345 max lat: 1.06129 avg lat: 0.287871
  sec Cur ops   started  finished  avg MB/s  cur MB/s last lat(s)  avg lat(s)
  200      64     44508     44444   55.5473      49.5    0.351285    0.287871
  201      64     44704     44640   55.5147        49    0.322953    0.288084
  202      64     44901     44837   55.4836     49.25    0.133389    0.288193
  203      64     45081     45017    55.432        45    0.249043    0.288218
  204      64     45285     45221   55.4102        51    0.287084    0.288486
  205      64     45483     45419   55.3813      49.5    0.339199    0.288661
  206      64     45675     45611   55.3455        48    0.309125      0.2888
  207      64     45902     45838   55.3522     56.75    0.292487    0.288847
  208      64     46069     46005   55.2868     41.75    0.170591     0.28898
  209      64     46285     46221   55.2806        54    0.136734    0.289088
  210      64     46487     46423   55.2578      50.5    0.129504    0.289237
  211      64     46703     46639   55.2518        54   0.0515668    0.289456
  212      64     46857     46793   55.1728      38.5    0.264058     0.28961
  213      64     47063     46999   55.1555      51.5    0.163057     0.28974
  214      64     47278     47214   55.1489     53.75   0.0862123    0.289808
  215      64     47475     47411   55.1214     49.25   0.0144947    0.290244
  216      64     47628     47564   55.0433     38.25    0.314757    0.290303
  217      64     47836     47772   55.0292        52    0.154122    0.290379
  218      64     48056     47992    55.029        55   0.0223657    0.290659
  219      64     48258     48194   55.0083      50.5   0.0461762    0.290811
2026-07-08T11:17:10.339299+0800 min lat: 0.00924837 max lat: 1.06129 avg lat: 0.290932
  sec Cur ops   started  finished  avg MB/s  cur MB/s last lat(s)  avg lat(s)
  220      64     48460     48396   54.9878      50.5   0.0128494    0.290932
  221      64     48640     48576   54.9426        45    0.333904    0.290966
  222      64     48812     48748   54.8888        43   0.0303088    0.291363
  223      64     48965     48901   54.8141     38.25    0.216521    0.291532
  224      64     49179     49115   54.8082      53.5    0.177161    0.291698
  225      64     49316     49252   54.7168     34.25     0.36063    0.291799
  226      64     49525     49461   54.7059     52.25    0.270153    0.292264
  227      64     49737     49673   54.6983        53   0.0192108    0.292305
  228      64     49949     49885   54.6909        53   0.0340077     0.29236
  229      64     50081     50017   54.5961        33    0.100656    0.292771
  230      64     50289     50225   54.5848        52    0.112265    0.292907
  231      64     50491     50427   54.5671      50.5    0.352958    0.293021
  232      64     50638     50574   54.4903     36.75    0.171006    0.292995
  233      64     50812     50748   54.4431      43.5    0.170403    0.293496
  234      64     51018     50954   54.4305      51.5   0.0179129    0.293685
  235      64     51220     51156   54.4137      50.5      0.2247    0.293769
  236      64     51356     51292   54.3272        34   0.0581572    0.294222
  237      64     51561     51497   54.3142     51.25   0.0471066    0.294407
  238      64     51772     51708   54.3076     52.75   0.0817749    0.294481
  239      64     51934     51870   54.2498      40.5    0.114745    0.294484
2026-07-08T11:17:30.342007+0800 min lat: 0.00924837 max lat: 1.06129 avg lat: 0.295103
  sec Cur ops   started  finished  avg MB/s  cur MB/s last lat(s)  avg lat(s)
  240      64     52065     52001   54.1602     32.75    0.122383    0.295103
  241      64     52273     52209   54.1512        52      0.0212    0.295264
  242      64     52495     52431   54.1567      55.5    0.104098    0.295316
  243      64     52562     52498   54.0028     16.75   0.0781525    0.295323
  244      64     52801     52737   54.0263     59.75   0.0501335    0.296068
  245      64     53002     52938   54.0109     50.25    0.278886    0.296194
  246      64     53206     53142   53.9986        51    0.347951    0.296228
  247      64     53342     53278   53.9176        34   0.0511965    0.296676
  248      64     53486     53422   53.8453        36      0.1188    0.296767
  249      64     53712     53648    53.856      56.5    0.129526    0.296859
  250      64     53861     53797   53.7895     37.25    0.019861     0.29741
  251      64     54009     53945   53.7226        37    0.150764    0.297519
  252      64     54215     54151   53.7138      51.5   0.0953686    0.297616
  253      64     54398     54334   53.6823     45.75    0.422544    0.297678
  254      64     54519     54455     53.59     30.25    0.352942    0.298321
  255      64     54719     54655   53.5759        50    0.235207    0.298406
  256      64     54916     54852    53.559     49.25    0.177209    0.298408
  257      64     55065     55001   53.4955     37.25     0.27985    0.298445
  258      64     55215     55151   53.4335      37.5    0.334813    0.299087
  259      64     55408     55344   53.4134     48.25    0.225954    0.299241
2026-07-08T11:17:50.344788+0800 min lat: 0.00924837 max lat: 1.06129 avg lat: 0.299253
  sec Cur ops   started  finished  avg MB/s  cur MB/s last lat(s)  avg lat(s)
  260      64     55619     55555   53.4109     52.75    0.215113    0.299253
  261      64     55747     55683   53.3288        32    0.227385    0.299889
  262      64     55953     55889   53.3218      51.5    0.230202    0.300033
  263      64     56098     56034   53.2569     36.25    0.336104    0.300064
  264      64     56299     56235   53.2454     50.25    0.572769    0.300387
  265      64     56432     56368     53.17     33.25    0.168324    0.300763
  266      64     56636     56572   53.1618        51   0.0994157    0.300784
  267      64     56841     56777   53.1546     51.25    0.118431    0.300845
  268      64     56970     56906   53.0766     32.25   0.0141555    0.301405
  269      64     57118     57054   53.0168        37    0.118068    0.301498
  270      64     57323     57259   53.0102     51.25    0.137083     0.30158
  271      64     57483     57419   52.9622        40    0.569789    0.301634
  272      64     57619     57555   52.8925        34    0.291009    0.302194
  273      64     57821     57757   52.8837      50.5    0.326238    0.302287
  274      64     58079     58015    52.926      64.5    0.228364    0.302271
  275      64     58168     58104   52.8145     22.25   0.0924804    0.302775
  276      64     58369     58305   52.8052     50.25    0.359834    0.302961
  277      64     58541     58477   52.7697        43    0.310157    0.303017
  278      64     58707     58643   52.7292      41.5   0.0775531     0.30295
  279      64     58846     58782   52.6647     34.75    0.181211    0.303592
2026-07-08T11:18:10.347656+0800 min lat: 0.00924837 max lat: 1.06129 avg lat: 0.303684
  sec Cur ops   started  finished  avg MB/s  cur MB/s last lat(s)  avg lat(s)
  280      64     59046     58982   52.6552        50   0.0951684    0.303684
  281      64     59254     59190   52.6528        52   0.0953284    0.303669
  282      64     59323     59259   52.5273     17.25    0.841874    0.303692
  283      64     59523     59459   52.5183        50    0.226662    0.304406
  284      64     59724     59660   52.5103     50.25     0.20438    0.304515
  285      64     59934     59870   52.5102      52.5    0.351329     0.30455
  286      64     60000     59936   52.3843      16.5    0.131205    0.305114
  287      64     60204     60140   52.3795        51   0.0840406    0.305256
  288      64     60413     60349    52.379     52.25    0.168965    0.305295
  289      64     60486     60422   52.2609     18.25     0.15342    0.305276
  290      64     60693     60629   52.2591     51.75    0.249443    0.305987
  291      64     60893     60829   52.2513        50    0.141748    0.305997
  292      64     61093     61029   52.2436        50    0.368746    0.306013
  293      64     61208     61144   52.1634     28.75    0.170435    0.306601
  294      64     61417     61353   52.1637     52.25   0.0912557    0.306711
  295      64     61575     61511   52.1207      39.5    0.325968    0.306766
  296      64     61704     61640   52.0536     32.25    0.322405    0.306757
  297      64     61869     61805   52.0172     41.25    0.380115    0.307397
  298      64     62040     61976   51.9861     42.75    0.115365    0.307466
  299      64     62238     62174   51.9777      49.5   0.0785012    0.307493
2026-07-08T11:18:30.350424+0800 min lat: 0.00924837 max lat: 1.06129 avg lat: 0.308085
  sec Cur ops   started  finished  avg MB/s  cur MB/s last lat(s)  avg lat(s)
  300      64     62327     62263   51.8786     22.25    0.156709    0.308085
Total time run:         300.115
Total writes made:      62327
Write size:             262144
Object size:            262144
Bandwidth (MB/sec):     51.9192
Stddev Bandwidth:       16.3621
Max bandwidth (MB/sec): 112.25
Min bandwidth (MB/sec): 16.5
Average IOPS:           207
Stddev IOPS:            65.4486
Max IOPS:               449
Min IOPS:               66
Average Latency(s):     0.308164
Stddev Latency(s):      0.135322
Max latency(s):         1.06129
Min latency(s):         0.00924837
[2026-07-08 11:18:31] END rados bench
[2026-07-08 11:18:31]   osd.0 perf tend saved (35414 bytes)
[2026-07-08 11:18:31]   osd.1 perf tend saved (35487 bytes)
[2026-07-08 11:18:32]   osd.2 perf tend saved (35432 bytes)
[2026-07-08 11:18:32]   osd.3 perf tend saved (35491 bytes)
[2026-07-08 11:18:32]   osd.4 perf tend saved (35551 bytes)
[2026-07-08 11:18:32]   osd.5 perf tend saved (35459 bytes)
[2026-07-08 11:18:32] Cleaning pool...
[2026-07-08 11:18:55] Pool cleanup done.
[2026-07-08 11:18:55] Waiting for monitoring to finish (max 20s)...
[2026-07-08 11:19:10] Collecting monitoring files...
bash: warning: setlocale: LC_ALL: cannot change locale (zh_CN.utf8)
bash: warning: setlocale: LC_ALL: cannot change locale (zh_CN.utf8)
bash: warning: setlocale: LC_ALL: cannot change locale (zh_CN.utf8)
bash: warning: setlocale: LC_ALL: cannot change locale (zh_CN.utf8)
[2026-07-08 11:19:13] === ORCHESTRATION COMPLETE ===
[2026-07-08 11:19:13] Files:
-rw-rw-r-- 1 turboai turboai 895039 Jul  8 11:19 /home/turboai/production/results/iops-wall-locate-20260708/ceph11-iostat-sdb.txt
-rw-rw-r-- 1 turboai turboai 254154 Jul  8 11:19 /home/turboai/production/results/iops-wall-locate-20260708/ceph11-nic.txt
-rw-rw-r-- 1 turboai turboai  24868 Jul  8 11:19 /home/turboai/production/results/iops-wall-locate-20260708/ceph13-iostat-sdb.txt
-rw-rw-r-- 1 turboai turboai  25178 Jul  8 11:19 /home/turboai/production/results/iops-wall-locate-20260708/ceph14-iostat-sdb.txt
-rw-rw-r-- 1 turboai turboai    387 Jul  8 11:10 /home/turboai/production/results/iops-wall-locate-20260708/clean-confirm.txt
-rw-rw-r-- 1 turboai turboai 256019 Jul  8 11:18 /home/turboai/production/results/iops-wall-locate-20260708/client-nic-eno1.txt
-rw-rw-r-- 1 turboai turboai  35332 Jul  8 11:11 /home/turboai/production/results/iops-wall-locate-20260708/osd0-perf-t0.txt
-rw-rw-r-- 1 turboai turboai  35414 Jul  8 11:18 /home/turboai/production/results/iops-wall-locate-20260708/osd0-perf-tend.txt
-rw-rw-r-- 1 turboai turboai  35415 Jul  8 11:11 /home/turboai/production/results/iops-wall-locate-20260708/osd1-perf-t0.txt
-rw-rw-r-- 1 turboai turboai  35487 Jul  8 11:18 /home/turboai/production/results/iops-wall-locate-20260708/osd1-perf-tend.txt
-rw-rw-r-- 1 turboai turboai  35356 Jul  8 11:11 /home/turboai/production/results/iops-wall-locate-20260708/osd2-perf-t0.txt
-rw-rw-r-- 1 turboai turboai  35432 Jul  8 11:18 /home/turboai/production/results/iops-wall-locate-20260708/osd2-perf-tend.txt
-rw-rw-r-- 1 turboai turboai  35410 Jul  8 11:11 /home/turboai/production/results/iops-wall-locate-20260708/osd3-perf-t0.txt
-rw-rw-r-- 1 turboai turboai  35491 Jul  8 11:18 /home/turboai/production/results/iops-wall-locate-20260708/osd3-perf-tend.txt
-rw-rw-r-- 1 turboai turboai  35470 Jul  8 11:11 /home/turboai/production/results/iops-wall-locate-20260708/osd4-perf-t0.txt
-rw-rw-r-- 1 turboai turboai  35551 Jul  8 11:18 /home/turboai/production/results/iops-wall-locate-20260708/osd4-perf-tend.txt
-rw-rw-r-- 1 turboai turboai  35381 Jul  8 11:11 /home/turboai/production/results/iops-wall-locate-20260708/osd5-perf-t0.txt
-rw-rw-r-- 1 turboai turboai  35459 Jul  8 11:18 /home/turboai/production/results/iops-wall-locate-20260708/osd5-perf-tend.txt
-rw-rw-r-- 1 turboai turboai  26699 Jul  8 11:18 /home/turboai/production/results/iops-wall-locate-20260708/rados-write-256k-t64-300s.txt
-rw-rw-r-- 1 turboai turboai   1230 Jul  8 11:10 /home/turboai/production/results/iops-wall-locate-20260708/recovery-confirm.txt
